Waiting for prefill-a up (http://j-65da1c82-d61d-4a68-bd93-prefill-a-0-0.j-65da1c82-d61d-4a68-bd93:8000/health, up to 5400s)
prefill-a is up (715s)
Waiting for decode-a up (http://j-65da1c82-d61d-4a68-bd93-decode-a-0-0.j-65da1c82-d61d-4a68-bd93:7200/health, up to 5400s)
decode-a is up (0s)
Waiting for proxy-a up (http://j-65da1c82-d61d-4a68-bd93-prefill-a-0-0.j-65da1c82-d61d-4a68-bd93:10000/healthcheck, up to 600s)
proxy-a is up (0s)
Waiting for prefill-b up (http://j-65da1c82-d61d-4a68-bd93-prefill-b-0-0.j-65da1c82-d61d-4a68-bd93:8000/health, up to 5400s)
prefill-b is up (5s)
Waiting for decode-b up (http://j-65da1c82-d61d-4a68-bd93-decode-b-0-0.j-65da1c82-d61d-4a68-bd93:7200/health, up to 5400s)
decode-b is up (0s)
Waiting for proxy-b up (http://j-65da1c82-d61d-4a68-bd93-prefill-b-0-0.j-65da1c82-d61d-4a68-bd93:10000/healthcheck, up to 600s)
proxy-b is up (0s)
Waiting for stack-A engine readiness (first compile, up to 60 min)...
stack-A engines are ready.
Waiting for stack-B engine readiness (first compile, up to 60 min)...
stack-B engines are ready.
=== stage 1: cross-stack KA (36928 tokens) ===
ka: A=[89, 89, 89, 89, 89, 89, 89, 89] B=[89, 89, 89, 89, 89, 89, 89, 89] identical=True b_prefill_ext_hits=0.0
=== stage 2: seeding 48 docs via stack A ===
waiting 15s (same cadence as the GPC recipe)
=== cross-revisit: same 48 docs via stack B ===
[xrevisit] doc0 ttft=3.427s prefill=3.420s ext_hit=0/36927
[xrevisit] doc1 ttft=3.412s prefill=3.407s ext_hit=0/36927
[xrevisit] doc2 ttft=3.415s prefill=3.411s ext_hit=0/36927
[xrevisit] doc3 ttft=3.424s prefill=3.419s ext_hit=0/36927
[xrevisit] doc4 ttft=3.417s prefill=3.412s ext_hit=0/36927
[xrevisit] doc5 ttft=3.410s prefill=3.405s ext_hit=0/36927
[xrevisit] doc6 ttft=3.411s prefill=3.406s ext_hit=0/36927
[xrevisit] doc7 ttft=3.411s prefill=3.407s ext_hit=0/36927
[xrevisit] doc8 ttft=3.413s prefill=3.408s ext_hit=0/36927
[xrevisit] doc9 ttft=3.419s prefill=3.415s ext_hit=0/36927
[xrevisit] doc10 ttft=3.413s prefill=3.409s ext_hit=0/36927
[xrevisit] doc11 ttft=3.414s prefill=3.410s ext_hit=0/36927
[xrevisit] doc12 ttft=3.415s prefill=3.410s ext_hit=0/36927
[xrevisit] doc13 ttft=3.412s prefill=3.408s ext_hit=0/36927
[xrevisit] doc14 ttft=3.415s prefill=3.411s ext_hit=0/36927
[xrevisit] doc15 ttft=3.418s prefill=3.413s ext_hit=0/36927
[xrevisit] doc16 ttft=3.420s prefill=3.415s ext_hit=0/36927
[xrevisit] doc17 ttft=3.417s prefill=3.414s ext_hit=0/36927
[xrevisit] doc18 ttft=3.411s prefill=3.406s ext_hit=0/36927
[xrevisit] doc19 ttft=3.417s prefill=3.412s ext_hit=0/36927
[xrevisit] doc20 ttft=3.415s prefill=3.411s ext_hit=0/36927
[xrevisit] doc21 ttft=3.414s prefill=3.410s ext_hit=0/36927
[xrevisit] doc22 ttft=3.413s prefill=3.408s ext_hit=0/36927
[xrevisit] doc23 ttft=3.424s prefill=3.420s ext_hit=0/36927
[xrevisit] doc24 ttft=3.416s prefill=3.411s ext_hit=0/36927
[xrevisit] doc25 ttft=3.409s prefill=3.405s ext_hit=0/36927
[xrevisit] doc26 ttft=3.414s prefill=3.409s ext_hit=0/36927
[xrevisit] doc27 ttft=3.414s prefill=3.409s ext_hit=0/36927
[xrevisit] doc28 ttft=3.415s prefill=3.411s ext_hit=0/36927
[xrevisit] doc29 ttft=3.413s prefill=3.408s ext_hit=0/36927
[xrevisit] doc30 ttft=3.411s prefill=3.407s ext_hit=0/36927
[xrevisit] doc31 ttft=3.412s prefill=3.407s ext_hit=0/36927
[xrevisit] doc32 ttft=3.410s prefill=3.406s ext_hit=0/36927
[xrevisit] doc33 ttft=3.412s prefill=3.408s ext_hit=0/36927
[xrevisit] doc34 ttft=3.411s prefill=3.406s ext_hit=0/36927
[xrevisit] doc35 ttft=3.409s prefill=3.405s ext_hit=0/36927
[xrevisit] doc36 ttft=3.419s prefill=3.415s ext_hit=0/36927
[xrevisit] doc37 ttft=3.414s prefill=3.409s ext_hit=0/36927
[xrevisit] doc38 ttft=3.419s prefill=3.414s ext_hit=0/36927
[xrevisit] doc39 ttft=3.416s prefill=3.412s ext_hit=0/36927
[xrevisit] doc40 ttft=3.413s prefill=3.409s ext_hit=0/36927
[xrevisit] doc41 ttft=3.412s prefill=3.408s ext_hit=0/36927
[xrevisit] doc42 ttft=3.415s prefill=3.411s ext_hit=0/36927
[xrevisit] doc43 ttft=3.413s prefill=3.409s ext_hit=0/36927
[xrevisit] doc44 ttft=3.410s prefill=3.406s ext_hit=0/36927
[xrevisit] doc45 ttft=3.418s prefill=3.413s ext_hit=0/36927
[xrevisit] doc46 ttft=3.411s prefill=3.407s ext_hit=0/36927
[xrevisit] doc47 ttft=3.416s prefill=3.411s ext_hit=0/36927
[xrevisit:summary] reqs=48 ttft_p50=3.414s prefill_avg=3.410s ext_hit_pct=0.0
=== cold baseline: 48 fresh docs via stack B ===
[cold] doc0 ttft=3.415s prefill=3.410s ext_hit=0/36927
[cold] doc1 ttft=3.420s prefill=3.415s ext_hit=0/36927
[cold] doc2 ttft=3.407s prefill=3.402s ext_hit=0/36927
[cold] doc3 ttft=3.410s prefill=3.405s ext_hit=0/36927
[cold] doc4 ttft=3.410s prefill=3.406s ext_hit=0/36927
[cold] doc5 ttft=3.416s prefill=3.412s ext_hit=0/36927
[cold] doc6 ttft=3.411s prefill=3.407s ext_hit=0/36927
[cold] doc7 ttft=3.411s prefill=3.407s ext_hit=0/36927
[cold] doc8 ttft=3.418s prefill=3.414s ext_hit=0/36927
[cold] doc9 ttft=3.416s prefill=3.411s ext_hit=0/36927
[cold] doc10 ttft=3.416s prefill=3.411s ext_hit=0/36927
[cold] doc11 ttft=3.413s prefill=3.408s ext_hit=0/36927
[cold] doc12 ttft=3.411s prefill=3.407s ext_hit=0/36927
[cold] doc13 ttft=3.413s prefill=3.408s ext_hit=0/36927
[cold] doc14 ttft=3.413s prefill=3.409s ext_hit=0/36927
[cold] doc15 ttft=3.411s prefill=3.407s ext_hit=0/36927
[cold] doc16 ttft=3.412s prefill=3.408s ext_hit=0/36927
[cold] doc17 ttft=3.417s prefill=3.411s ext_hit=0/36927
[cold] doc18 ttft=3.419s prefill=3.415s ext_hit=0/36927
[cold] doc19 ttft=3.416s prefill=3.410s ext_hit=0/36927
[cold] doc20 ttft=3.414s prefill=3.409s ext_hit=0/36927
[cold] doc21 ttft=3.414s prefill=3.408s ext_hit=0/36927
[cold] doc22 ttft=3.416s prefill=3.411s ext_hit=0/36927
[cold] doc23 ttft=3.421s prefill=3.417s ext_hit=0/36927
[cold] doc24 ttft=3.412s prefill=3.408s ext_hit=0/36927
[cold] doc25 ttft=3.416s prefill=3.411s ext_hit=0/36927
[cold] doc26 ttft=3.411s prefill=3.406s ext_hit=0/36927
[cold] doc27 ttft=3.411s prefill=3.407s ext_hit=0/36927
[cold] doc28 ttft=3.420s prefill=3.415s ext_hit=0/36927
[cold] doc29 ttft=3.416s prefill=3.412s ext_hit=0/36927
[cold] doc30 ttft=3.412s prefill=3.408s ext_hit=0/36927
[cold] doc31 ttft=3.414s prefill=3.410s ext_hit=0/36927
[cold] doc32 ttft=3.412s prefill=3.408s ext_hit=0/36927
[cold] doc33 ttft=3.415s prefill=3.411s ext_hit=0/36927
[cold] doc34 ttft=3.409s prefill=3.405s ext_hit=0/36927
[cold] doc35 ttft=3.415s prefill=3.411s ext_hit=0/36927
[cold] doc36 ttft=3.419s prefill=3.415s ext_hit=0/36927
[cold] doc37 ttft=3.415s prefill=3.411s ext_hit=0/36927
[cold] doc38 ttft=3.410s prefill=3.406s ext_hit=0/36927
[cold] doc39 ttft=3.414s prefill=3.410s ext_hit=0/36927
[cold] doc40 ttft=3.414s prefill=3.410s ext_hit=0/36927
[cold] doc41 ttft=3.410s prefill=3.406s ext_hit=0/36927
[cold] doc42 ttft=3.412s prefill=3.408s ext_hit=0/36927
[cold] doc43 ttft=3.416s prefill=3.412s ext_hit=0/36927
[cold] doc44 ttft=3.414s prefill=3.410s ext_hit=0/36927
[cold] doc45 ttft=3.410s prefill=3.406s ext_hit=0/36927
[cold] doc46 ttft=3.415s prefill=3.410s ext_hit=0/36927
[cold] doc47 ttft=3.421s prefill=3.417s ext_hit=0/36927
[cold:summary] reqs=48 ttft_p50=3.414s prefill_avg=3.410s ext_hit_pct=0.0
[nooffload:ab] revisit_prefill_avg=3.410s cold_prefill_avg=3.410s ttft_p50_ratio=1.00
RESULT: PASS (no-offload baseline: cross-stack KA equivalent with 0 external hits; revisit prefill 3.410s vs cold 3.410s — every revisit recomputed)

