Waiting for prefill-a up (http://j-d90deda6-0cb1-4a13-a751-prefill-a-0-0.j-d90deda6-0cb1-4a13-a751:8000/health, up to 5400s)
prefill-a is up (595s)
Waiting for decode-a up (http://j-d90deda6-0cb1-4a13-a751-decode-a-0-0.j-d90deda6-0cb1-4a13-a751:7200/health, up to 5400s)
decode-a is up (0s)
Waiting for proxy-a up (http://j-d90deda6-0cb1-4a13-a751-prefill-a-0-0.j-d90deda6-0cb1-4a13-a751:10000/healthcheck, up to 600s)
proxy-a is up (0s)
Waiting for prefill-b up (http://j-d90deda6-0cb1-4a13-a751-prefill-b-0-0.j-d90deda6-0cb1-4a13-a751:8000/health, up to 5400s)
prefill-b is up (0s)
Waiting for decode-b up (http://j-d90deda6-0cb1-4a13-a751-decode-b-0-0.j-d90deda6-0cb1-4a13-a751:7200/health, up to 5400s)
decode-b is up (0s)
Waiting for proxy-b up (http://j-d90deda6-0cb1-4a13-a751-prefill-b-0-0.j-d90deda6-0cb1-4a13-a751:10000/healthcheck, up to 600s)
proxy-b is up (0s)
Waiting for stack-A engine readiness (first compile, up to 60 min)...
stack-A engines are ready.
Waiting for stack-B engine readiness (first compile, up to 60 min)...
stack-B engines are ready.
=== stage 1: cross-stack KA (32832 tokens) ===
ka: A=[89, 89, 89, 89, 89, 89, 89, 89] B=[89, 89, 89, 89, 89, 89, 89, 89] identical=True b_prefill_ext_hits=32768.0
=== stage 2: seeding 48 docs via stack A ===
waiting 15s for saves to commit and publish
=== cross-revisit: same 48 docs via stack B ===
[xrevisit] doc0 ttft=0.529s prefill=0.339s ext_hit=32768/32831
[xrevisit] doc1 ttft=0.632s prefill=0.455s ext_hit=32768/32831
[xrevisit] doc2 ttft=0.514s prefill=0.337s ext_hit=32768/32831
[xrevisit] doc3 ttft=0.516s prefill=0.338s ext_hit=32768/32831
[xrevisit] doc4 ttft=0.527s prefill=0.337s ext_hit=32768/32831
[xrevisit] doc5 ttft=0.527s prefill=0.338s ext_hit=32768/32831
[xrevisit] doc6 ttft=0.513s prefill=0.338s ext_hit=32768/32831
[xrevisit] doc7 ttft=0.514s prefill=0.337s ext_hit=32768/32831
[xrevisit] doc8 ttft=0.513s prefill=0.338s ext_hit=32768/32831
[xrevisit] doc9 ttft=0.511s prefill=0.337s ext_hit=32768/32831
[xrevisit] doc10 ttft=0.514s prefill=0.337s ext_hit=32768/32831
[xrevisit] doc11 ttft=0.522s prefill=0.337s ext_hit=32768/32831
[xrevisit] doc12 ttft=0.514s prefill=0.337s ext_hit=32768/32831
[xrevisit] doc13 ttft=0.513s prefill=0.337s ext_hit=32768/32831
[xrevisit] doc14 ttft=0.516s prefill=0.337s ext_hit=32768/32831
[xrevisit] doc15 ttft=0.520s prefill=0.337s ext_hit=32768/32831
[xrevisit] doc16 ttft=0.510s prefill=0.339s ext_hit=32768/32831
[xrevisit] doc17 ttft=0.512s prefill=0.336s ext_hit=32768/32831
[xrevisit] doc18 ttft=0.514s prefill=0.337s ext_hit=32768/32831
[xrevisit] doc19 ttft=0.518s prefill=0.337s ext_hit=32768/32831
[xrevisit] doc20 ttft=0.519s prefill=0.337s ext_hit=32768/32831
[xrevisit] doc21 ttft=0.531s prefill=0.337s ext_hit=32768/32831
[xrevisit] doc22 ttft=0.515s prefill=0.338s ext_hit=32768/32831
[xrevisit] doc23 ttft=0.520s prefill=0.338s ext_hit=32768/32831
[xrevisit] doc24 ttft=0.516s prefill=0.337s ext_hit=32768/32831
[xrevisit] doc25 ttft=0.519s prefill=0.337s ext_hit=32768/32831
[xrevisit] doc26 ttft=0.515s prefill=0.338s ext_hit=32768/32831
[xrevisit] doc27 ttft=0.514s prefill=0.337s ext_hit=32768/32831
[xrevisit] doc28 ttft=0.520s prefill=0.337s ext_hit=32768/32831
[xrevisit] doc29 ttft=0.514s prefill=0.337s ext_hit=32768/32831
[xrevisit] doc30 ttft=0.518s prefill=0.337s ext_hit=32768/32831
[xrevisit] doc31 ttft=0.512s prefill=0.338s ext_hit=32768/32831
[xrevisit] doc32 ttft=0.515s prefill=0.337s ext_hit=32768/32831
[xrevisit] doc33 ttft=0.518s prefill=0.337s ext_hit=32768/32831
[xrevisit] doc34 ttft=0.509s prefill=0.337s ext_hit=32768/32831
[xrevisit] doc35 ttft=0.511s prefill=0.337s ext_hit=32768/32831
[xrevisit] doc36 ttft=0.514s prefill=0.336s ext_hit=32768/32831
[xrevisit] doc37 ttft=0.515s prefill=0.337s ext_hit=32768/32831
[xrevisit] doc38 ttft=0.518s prefill=0.337s ext_hit=32768/32831
[xrevisit] doc39 ttft=0.515s prefill=0.338s ext_hit=32768/32831
[xrevisit] doc40 ttft=0.527s prefill=0.336s ext_hit=32768/32831
[xrevisit] doc41 ttft=0.511s prefill=0.337s ext_hit=32768/32831
[xrevisit] doc42 ttft=0.530s prefill=0.337s ext_hit=32768/32831
[xrevisit] doc43 ttft=0.525s prefill=0.337s ext_hit=32768/32831
[xrevisit] doc44 ttft=0.516s prefill=0.336s ext_hit=32768/32831
[xrevisit] doc45 ttft=0.517s prefill=0.337s ext_hit=32768/32831
[xrevisit] doc46 ttft=0.519s prefill=0.337s ext_hit=32768/32831
[xrevisit] doc47 ttft=0.524s prefill=0.337s ext_hit=32768/32831
[xrevisit:summary] reqs=48 ttft_p50=0.516s prefill_avg=0.340s ext_hit_pct=99.8
=== cold baseline: 48 fresh docs via stack B ===
[cold] doc0 ttft=3.025s prefill=3.020s ext_hit=0/32831
[cold] doc1 ttft=3.018s prefill=3.013s ext_hit=0/32831
[cold] doc2 ttft=3.016s prefill=3.011s ext_hit=0/32831
[cold] doc3 ttft=3.015s prefill=3.010s ext_hit=0/32831
[cold] doc4 ttft=3.018s prefill=3.014s ext_hit=0/32831
[cold] doc5 ttft=3.012s prefill=3.007s ext_hit=0/32831
[cold] doc6 ttft=3.018s prefill=3.013s ext_hit=0/32831
[cold] doc7 ttft=3.014s prefill=3.009s ext_hit=0/32831
[cold] doc8 ttft=3.016s prefill=3.011s ext_hit=0/32831
[cold] doc9 ttft=3.010s prefill=3.006s ext_hit=0/32831
[cold] doc10 ttft=3.014s prefill=3.010s ext_hit=0/32831
[cold] doc11 ttft=3.009s prefill=3.005s ext_hit=0/32831
[cold] doc12 ttft=3.008s prefill=3.004s ext_hit=0/32831
[cold] doc13 ttft=3.017s prefill=3.012s ext_hit=0/32831
[cold] doc14 ttft=3.019s prefill=3.015s ext_hit=0/32831
[cold] doc15 ttft=3.008s prefill=3.004s ext_hit=0/32831
[cold] doc16 ttft=3.010s prefill=3.006s ext_hit=0/32831
[cold] doc17 ttft=3.007s prefill=3.002s ext_hit=0/32831
[cold] doc18 ttft=3.006s prefill=3.002s ext_hit=0/32831
[cold] doc19 ttft=3.012s prefill=3.008s ext_hit=0/32831
[cold] doc20 ttft=3.005s prefill=3.000s ext_hit=0/32831
[cold] doc21 ttft=3.012s prefill=3.008s ext_hit=0/32831
[cold] doc22 ttft=3.013s prefill=3.008s ext_hit=0/32831
[cold] doc23 ttft=3.027s prefill=3.022s ext_hit=0/32831
[cold] doc24 ttft=3.018s prefill=3.014s ext_hit=0/32831
[cold] doc25 ttft=3.019s prefill=3.014s ext_hit=0/32831
[cold] doc26 ttft=3.021s prefill=3.017s ext_hit=0/32831
[cold] doc27 ttft=3.029s prefill=3.025s ext_hit=0/32831
[cold] doc28 ttft=3.020s prefill=3.015s ext_hit=0/32831
[cold] doc29 ttft=3.010s prefill=3.006s ext_hit=0/32831
[cold] doc30 ttft=3.018s prefill=3.013s ext_hit=0/32831
[cold] doc31 ttft=3.023s prefill=3.018s ext_hit=0/32831
[cold] doc32 ttft=3.009s prefill=3.005s ext_hit=0/32831
[cold] doc33 ttft=3.016s prefill=3.012s ext_hit=0/32831
[cold] doc34 ttft=3.005s prefill=3.000s ext_hit=0/32831
[cold] doc35 ttft=3.015s prefill=3.010s ext_hit=0/32831
[cold] doc36 ttft=3.017s prefill=3.012s ext_hit=0/32831
[cold] doc37 ttft=3.014s prefill=3.009s ext_hit=0/32831
[cold] doc38 ttft=3.038s prefill=3.034s ext_hit=0/32831
[cold] doc39 ttft=3.034s prefill=3.030s ext_hit=0/32831
[cold] doc40 ttft=3.021s prefill=3.016s ext_hit=0/32831
[cold] doc41 ttft=3.019s prefill=3.014s ext_hit=0/32831
[cold] doc42 ttft=3.032s prefill=3.027s ext_hit=0/32831
[cold] doc43 ttft=3.019s prefill=3.015s ext_hit=0/32831
[cold] doc44 ttft=3.032s prefill=3.028s ext_hit=0/32831
[cold] doc45 ttft=3.031s prefill=3.026s ext_hit=0/32831
[cold] doc46 ttft=3.032s prefill=3.027s ext_hit=0/32831
[cold] doc47 ttft=3.036s prefill=3.031s ext_hit=0/32831
[cold:summary] reqs=48 ttft_p50=3.017s prefill_avg=3.013s ext_hit_pct=0.0
[gpc:ab] revisit_prefill_avg=0.340s cold_prefill_avg=3.013s ttft_p50_ratio=0.17
RESULT: PASS (cross-stack KA equivalent with 32768 external hits; cross-revisit ext_hit_pct=99.8 vs cold 0.0; prefill 0.340s vs 3.013s cold)

