Waiting for prefill-a up (http://j-a19c7ec8-5213-4762-bcc0-prefill-a-0-0.j-a19c7ec8-5213-4762-bcc0:8000/health, up to 5400s)
prefill-a is up (845s)
Waiting for decode-a up (http://j-a19c7ec8-5213-4762-bcc0-decode-a-0-0.j-a19c7ec8-5213-4762-bcc0:7200/health, up to 5400s)
decode-a is up (0s)
Waiting for proxy-a up (http://j-a19c7ec8-5213-4762-bcc0-prefill-a-0-0.j-a19c7ec8-5213-4762-bcc0:10000/healthcheck, up to 600s)
proxy-a is up (0s)
Waiting for prefill-b up (http://j-a19c7ec8-5213-4762-bcc0-prefill-b-0-0.j-a19c7ec8-5213-4762-bcc0:8000/health, up to 5400s)
prefill-b is up (0s)
Waiting for decode-b up (http://j-a19c7ec8-5213-4762-bcc0-decode-b-0-0.j-a19c7ec8-5213-4762-bcc0:7200/health, up to 5400s)
decode-b is up (0s)
Waiting for proxy-b up (http://j-a19c7ec8-5213-4762-bcc0-prefill-b-0-0.j-a19c7ec8-5213-4762-bcc0:10000/healthcheck, up to 600s)
proxy-b is up (0s)
Waiting for stack-A engine readiness (first compile, up to 60 min)...
stack-A engines are ready.
Waiting for stack-B engine readiness (first compile, up to 60 min)...
stack-B engines are ready.
=== stage 1: cross-stack KA (36928 tokens) ===
ka: A=[89, 89, 89, 89, 89, 89, 89, 89] B=[89, 89, 89, 89, 89, 89, 89, 89] identical=True b_prefill_ext_hits=36864.0
=== stage 2: seeding 48 docs via stack A ===
waiting 15s for saves to commit and publish
=== cross-revisit: same 48 docs via stack B ===
[xrevisit] doc0 ttft=0.489s prefill=0.340s ext_hit=36864/36927
[xrevisit] doc1 ttft=0.596s prefill=0.450s ext_hit=36864/36927
[xrevisit] doc2 ttft=0.481s prefill=0.339s ext_hit=36864/36927
[xrevisit] doc3 ttft=0.483s prefill=0.338s ext_hit=36864/36927
[xrevisit] doc4 ttft=0.482s prefill=0.338s ext_hit=36864/36927
[xrevisit] doc5 ttft=0.479s prefill=0.337s ext_hit=36864/36927
[xrevisit] doc6 ttft=0.479s prefill=0.338s ext_hit=36864/36927
[xrevisit] doc7 ttft=0.480s prefill=0.338s ext_hit=36864/36927
[xrevisit] doc8 ttft=0.484s prefill=0.338s ext_hit=36864/36927
[xrevisit] doc9 ttft=0.484s prefill=0.339s ext_hit=36864/36927
[xrevisit] doc10 ttft=0.482s prefill=0.338s ext_hit=36864/36927
[xrevisit] doc11 ttft=0.486s prefill=0.339s ext_hit=36864/36927
[xrevisit] doc12 ttft=0.480s prefill=0.338s ext_hit=36864/36927
[xrevisit] doc13 ttft=0.476s prefill=0.338s ext_hit=36864/36927
[xrevisit] doc14 ttft=0.483s prefill=0.338s ext_hit=36864/36927
[xrevisit] doc15 ttft=0.479s prefill=0.338s ext_hit=36864/36927
[xrevisit] doc16 ttft=0.478s prefill=0.339s ext_hit=36864/36927
[xrevisit] doc17 ttft=0.480s prefill=0.338s ext_hit=36864/36927
[xrevisit] doc18 ttft=0.481s prefill=0.338s ext_hit=36864/36927
[xrevisit] doc19 ttft=0.483s prefill=0.338s ext_hit=36864/36927
[xrevisit] doc20 ttft=0.483s prefill=0.338s ext_hit=36864/36927
[xrevisit] doc21 ttft=0.486s prefill=0.342s ext_hit=36864/36927
[xrevisit] doc22 ttft=0.481s prefill=0.338s ext_hit=36864/36927
[xrevisit] doc23 ttft=0.481s prefill=0.338s ext_hit=36864/36927
[xrevisit] doc24 ttft=0.484s prefill=0.340s ext_hit=36864/36927
[xrevisit] doc25 ttft=0.483s prefill=0.339s ext_hit=36864/36927
[xrevisit] doc26 ttft=0.491s prefill=0.338s ext_hit=36864/36927
[xrevisit] doc27 ttft=0.482s prefill=0.339s ext_hit=36864/36927
[xrevisit] doc28 ttft=0.480s prefill=0.338s ext_hit=36864/36927
[xrevisit] doc29 ttft=0.485s prefill=0.338s ext_hit=36864/36927
[xrevisit] doc30 ttft=0.481s prefill=0.338s ext_hit=36864/36927
[xrevisit] doc31 ttft=0.482s prefill=0.338s ext_hit=36864/36927
[xrevisit] doc32 ttft=0.479s prefill=0.338s ext_hit=36864/36927
[xrevisit] doc33 ttft=0.478s prefill=0.338s ext_hit=36864/36927
[xrevisit] doc34 ttft=0.480s prefill=0.339s ext_hit=36864/36927
[xrevisit] doc35 ttft=0.483s prefill=0.338s ext_hit=36864/36927
[xrevisit] doc36 ttft=0.480s prefill=0.338s ext_hit=36864/36927
[xrevisit] doc37 ttft=0.475s prefill=0.338s ext_hit=36864/36927
[xrevisit] doc38 ttft=0.482s prefill=0.338s ext_hit=36864/36927
[xrevisit] doc39 ttft=0.481s prefill=0.339s ext_hit=36864/36927
[xrevisit] doc40 ttft=0.475s prefill=0.338s ext_hit=36864/36927
[xrevisit] doc41 ttft=0.487s prefill=0.338s ext_hit=36864/36927
[xrevisit] doc42 ttft=0.480s prefill=0.338s ext_hit=36864/36927
[xrevisit] doc43 ttft=0.478s prefill=0.339s ext_hit=36864/36927
[xrevisit] doc44 ttft=0.480s prefill=0.338s ext_hit=36864/36927
[xrevisit] doc45 ttft=0.478s prefill=0.337s ext_hit=36864/36927
[xrevisit] doc46 ttft=0.484s prefill=0.338s ext_hit=36864/36927
[xrevisit] doc47 ttft=0.486s prefill=0.339s ext_hit=36864/36927
[xrevisit:summary] reqs=48 ttft_p50=0.481s prefill_avg=0.341s ext_hit_pct=99.8
=== cold baseline: 48 fresh docs via stack B ===
[cold] doc0 ttft=5.590s prefill=5.585s ext_hit=0/36927
[cold] doc1 ttft=5.591s prefill=5.586s ext_hit=0/36927
[cold] doc2 ttft=5.586s prefill=5.581s ext_hit=0/36927
[cold] doc3 ttft=5.592s prefill=5.588s ext_hit=0/36927
[cold] doc4 ttft=5.586s prefill=5.582s ext_hit=0/36927
[cold] doc5 ttft=5.595s prefill=5.591s ext_hit=0/36927
[cold] doc6 ttft=5.590s prefill=5.586s ext_hit=0/36927
[cold] doc7 ttft=5.583s prefill=5.578s ext_hit=0/36927
[cold] doc8 ttft=5.588s prefill=5.584s ext_hit=0/36927
[cold] doc9 ttft=5.591s prefill=5.586s ext_hit=0/36927
[cold] doc10 ttft=5.591s prefill=5.587s ext_hit=0/36927
[cold] doc11 ttft=5.592s prefill=5.587s ext_hit=0/36927
[cold] doc12 ttft=5.588s prefill=5.584s ext_hit=0/36927
[cold] doc13 ttft=5.585s prefill=5.580s ext_hit=0/36927
[cold] doc14 ttft=5.585s prefill=5.580s ext_hit=0/36927
[cold] doc15 ttft=5.592s prefill=5.587s ext_hit=0/36927
[cold] doc16 ttft=5.589s prefill=5.584s ext_hit=0/36927
[cold] doc17 ttft=5.589s prefill=5.585s ext_hit=0/36927
[cold] doc18 ttft=5.586s prefill=5.581s ext_hit=0/36927
[cold] doc19 ttft=5.589s prefill=5.584s ext_hit=0/36927
[cold] doc20 ttft=5.600s prefill=5.595s ext_hit=0/36927
[cold] doc21 ttft=5.588s prefill=5.584s ext_hit=0/36927
[cold] doc22 ttft=5.614s prefill=5.610s ext_hit=0/36927
[cold] doc23 ttft=5.593s prefill=5.588s ext_hit=0/36927
[cold] doc24 ttft=5.593s prefill=5.588s ext_hit=0/36927
[cold] doc25 ttft=5.593s prefill=5.588s ext_hit=0/36927
[cold] doc26 ttft=5.586s prefill=5.582s ext_hit=0/36927
[cold] doc27 ttft=5.595s prefill=5.590s ext_hit=0/36927
[cold] doc28 ttft=5.581s prefill=5.576s ext_hit=0/36927
[cold] doc29 ttft=5.601s prefill=5.597s ext_hit=0/36927
[cold] doc30 ttft=5.603s prefill=5.598s ext_hit=0/36927
[cold] doc31 ttft=5.588s prefill=5.584s ext_hit=0/36927
[cold] doc32 ttft=5.591s prefill=5.587s ext_hit=0/36927
[cold] doc33 ttft=5.597s prefill=5.593s ext_hit=0/36927
[cold] doc34 ttft=5.601s prefill=5.596s ext_hit=0/36927
[cold] doc35 ttft=5.600s prefill=5.595s ext_hit=0/36927
[cold] doc36 ttft=5.593s prefill=5.588s ext_hit=0/36927
[cold] doc37 ttft=5.591s prefill=5.587s ext_hit=0/36927
[cold] doc38 ttft=5.587s prefill=5.583s ext_hit=0/36927
[cold] doc39 ttft=5.593s prefill=5.588s ext_hit=0/36927
[cold] doc40 ttft=5.585s prefill=5.581s ext_hit=0/36927
[cold] doc41 ttft=5.588s prefill=5.584s ext_hit=0/36927
[cold] doc42 ttft=5.593s prefill=5.588s ext_hit=0/36927
[cold] doc43 ttft=5.593s prefill=5.589s ext_hit=0/36927
[cold] doc44 ttft=5.590s prefill=5.586s ext_hit=0/36927
[cold] doc45 ttft=5.594s prefill=5.589s ext_hit=0/36927
[cold] doc46 ttft=5.592s prefill=5.588s ext_hit=0/36927
[cold] doc47 ttft=5.589s prefill=5.585s ext_hit=0/36927
[cold:summary] reqs=48 ttft_p50=5.591s prefill_avg=5.587s ext_hit_pct=0.0
[gpc:ab] revisit_prefill_avg=0.341s cold_prefill_avg=5.587s ttft_p50_ratio=0.09
RESULT: PASS (cross-stack KA equivalent with 36864 external hits; cross-revisit ext_hit_pct=99.8 vs cold 0.0; prefill 0.341s vs 5.587s cold)

