Waiting for prefill up (http://j-7028cfd1-7ccc-4503-a25f-prefill-0-0.j-7028cfd1-7ccc-4503-a25f:8000/health, up to 5400s)
prefill is up (940s)
Waiting for decode up (http://j-7028cfd1-7ccc-4503-a25f-decode-0-0.j-7028cfd1-7ccc-4503-a25f:7200/health, up to 5400s)
decode is up (0s)
Waiting for proxy up (http://j-7028cfd1-7ccc-4503-a25f-prefill-0-0.j-7028cfd1-7ccc-4503-a25f:10000/healthcheck, up to 600s)
proxy is up (0s)
Waiting for engine readiness (first compile, up to 60 min)...
Engines are ready.
status: {'pool_blocks': 6, 'l3_enabled': 1, 'spill_launched': 0, 'peer_held': 0, 'backoffs': 0}
pool=6 blocks -> seeding 76 docs (watermark 0.75, margin 8, HBM floor 76)
seed doc0: 6.13s ids=[271, 2, 220, 16, 24, 24, 22, 271]
seed doc1: 5.65s ids=[7, 7, 7, 7, 7, 7, 271, 2]
seed doc2: 5.64s ids=[271, 2, 220, 16, 24, 24, 23, 271]
seed doc3: 5.64s ids=[7, 7, 7, 318, 318, 318, 318, 318]
seed doc4: 5.66s ids=[7, 7, 7, 7, 7, 7, 7, 318]
seed doc5: 5.65s ids=[7, 7, 7, 271, 2, 220, 16, 24]
seed doc6: 5.64s ids=[7, 7, 7, 7, 7, 271, 2, 220]
seed doc7: 5.64s ids=[7, 7, 7, 7, 271, 2, 220, 16]
seed doc8: 5.62s ids=[7, 7, 7, 7, 7, 7, 7, 7]
seed doc9: 5.61s ids=[7, 7, 7, 7, 271, 2, 220, 16]
seed doc10: 5.62s ids=[7, 7, 7, 7, 271, 2, 220, 16]
seed doc11: 5.62s ids=[7, 7, 7, 271, 2, 220, 16, 24]
seed doc12: 5.64s ids=[7, 7, 7, 271, 2, 220, 16, 24]
seed doc13: 5.61s ids=[7, 7, 7, 7, 7, 7, 7, 7]
seed doc14: 5.62s ids=[7, 7, 7, 7, 271, 2, 220, 16]
seed doc15: 5.63s ids=[7, 7, 7, 7, 271, 2, 220, 16]
seed doc16: 5.61s ids=[7, 7, 7, 7, 271, 2, 220, 16]
seed doc17: 5.61s ids=[7, 271, 2, 220, 16, 13, 27416, 271]
seed doc18: 5.61s ids=[7, 7, 7, 7, 7, 271, 2, 220]
seed doc19: 5.61s ids=[271, 2, 220, 16, 24, 24, 22, 271]
seed doc20: 5.62s ids=[7, 7, 7, 7, 7, 7, 7, 7]
seed doc21: 5.61s ids=[7, 7, 7, 7, 271, 2, 220, 16]
seed doc22: 5.61s ids=[7, 7, 7, 7, 7, 271, 2, 220]
seed doc23: 5.64s ids=[7, 7, 7, 7, 7, 7, 7, 271]
seed doc24: 5.62s ids=[271, 248068, 271, 90700, 8340, 25, 271, 16]
seed doc25: 5.62s ids=[198, 7, 198, 7, 198, 7, 198, 7]
seed doc26: 5.60s ids=[271, 7, 271, 7, 271, 7, 271, 7]
seed doc27: 5.60s ids=[271, 760, 2614, 369, 264, 1103, 314, 279]
seed doc28: 5.64s ids=[248046, 198, 248045, 846, 198, 1, 5328, 1438]
seed doc29: 5.62s ids=[271, 2, 220, 16, 13, 27416, 271, 1919]
seed doc30: 5.62s ids=[271, 2, 220, 16, 13, 27416, 271, 1919]
seed doc31: 5.62s ids=[7, 7, 7, 7, 7, 7, 248046, 198]
seed doc32: 5.61s ids=[318, 318, 318, 318, 318, 318, 318, 318]
seed doc33: 5.61s ids=[271, 2, 220, 16, 13, 27416, 271, 1919]
seed doc34: 5.61s ids=[271, 760, 2614, 369, 264, 1103, 314, 279]
seed doc35: 5.62s ids=[7, 7, 7, 7, 271, 2, 220, 16]
seed doc36: 5.60s ids=[7, 7, 7, 7, 7, 271, 2, 220]
seed doc37: 5.61s ids=[271, 2, 220, 16, 13, 27416, 271, 1919]
seed doc38: 5.61s ids=[271, 2, 220, 16, 24, 24, 22, 271]
seed doc39: 5.62s ids=[7, 7, 7, 271, 2, 220, 16, 24]
seed doc40: 5.61s ids=[271, 7, 271, 7, 271, 7, 271, 7]
seed doc41: 5.63s ids=[7, 7, 271, 2, 220, 16, 24, 23]
seed doc42: 5.60s ids=[248046, 198, 248045, 846, 198, 1, 18727, 55986]
seed doc43: 5.60s ids=[248046, 198, 248045, 846, 198, 248045, 74455, 198]
seed doc44: 5.60s ids=[7, 7, 271, 760, 2614, 369, 264, 1103]
seed doc45: 5.60s ids=[271, 760, 2614, 369, 264, 1103, 314, 279]
seed doc46: 5.60s ids=[7, 271, 2, 220, 16, 13, 27416, 271]
seed doc47: 5.63s ids=[7, 7, 7, 271, 2, 220, 16, 24]
seed doc48: 5.60s ids=[7, 7, 7, 7, 7, 7, 7, 7]
seed doc49: 5.60s ids=[7, 7, 7, 7, 7, 318, 318, 318]
seed doc50: 5.60s ids=[271, 2, 220, 16, 13, 27416, 271, 1919]
seed doc51: 5.61s ids=[271, 151, 109, 151, 117, 151, 116, 151]
seed doc52: 5.61s ids=[248046, 198, 248045, 846, 198, 1, 5328, 1438]
seed doc53: 5.63s ids=[248046, 198, 248045, 846, 198, 1, 5328, 1438]
seed doc54: 5.62s ids=[248046, 198, 248045, 846, 198, 40, 599, 264]
seed doc55: 5.62s ids=[7, 7, 7, 248046, 198, 248045, 846, 198]
seed doc56: 5.61s ids=[7, 7, 271, 7, 198, 7, 198, 7]
seed doc57: 5.61s ids=[7, 7, 7, 7, 7, 271, 2, 220]
seed doc58: 5.61s ids=[7, 7, 7, 271, 2, 220, 16, 13]
seed doc59: 5.62s ids=[271, 7, 248046, 198, 248045, 846, 198, 248045]
seed doc60: 5.61s ids=[7, 7, 7, 7, 271, 2, 220, 16]
seed doc61: 5.61s ids=[7, 271, 7, 271, 7, 271, 7, 271]
seed doc62: 5.61s ids=[7, 7, 7, 271, 2, 220, 16, 24]
seed doc63: 5.62s ids=[7, 7, 7, 7, 7, 271, 2, 220]
seed doc64: 5.61s ids=[271, 7, 16, 8, 220, 98296, 4960, 96005]
seed doc65: 5.62s ids=[7, 7, 7, 7, 271, 2, 220, 16]
seed doc66: 5.61s ids=[7, 7, 7, 271, 2, 220, 16, 24]
seed doc67: 5.60s ids=[7, 271, 248068, 198, 90700, 8340, 25, 271]
seed doc68: 5.61s ids=[271, 248068, 198, 90700, 8340, 25, 271, 16]
seed doc69: 5.61s ids=[7, 7, 7, 7, 7, 271, 2, 220]
seed doc70: 5.61s ids=[7, 7, 7, 7, 271, 760, 1156, 682]
seed doc71: 5.63s ids=[7, 7, 7, 7, 7, 7, 7, 7]
seed doc72: 5.60s ids=[271, 2, 220, 16, 13, 27416, 271, 1919]
seed doc73: 5.61s ids=[7, 7, 271, 2, 220, 16, 13, 27416]
seed doc74: 5.60s ids=[7, 7, 7, 7, 271, 2, 220, 16]
seed doc75: 5.61s ids=[271, 2, 220, 17, 15, 16, 23, 220]
spill status: {'pool_blocks': 6, 'l3_enabled': 1, 'spill_launched': 80, 'peer_held': 2336, 'backoffs': 8}
[l3:spill] peer_held=2336 launched=80 backoffs=8 PASS
revisit doc0: 5.61s ids=[271, 2, 220, 16, 24, 24, 22, 220] DIVERGED
revisit doc1: 5.62s ids=[7, 7, 7, 7, 7, 7, 271, 2] match
revisit doc2: 5.60s ids=[271, 2, 220, 16, 24, 24, 23, 220] DIVERGED
revisit doc3: 3.19s ids=[7, 7, 7, 7, 7, 271, 2, 220] DIVERGED
revisit doc4: 5.61s ids=[7, 7, 7, 7, 7, 7, 7, 318] match
revisit doc5: 5.60s ids=[7, 7, 7, 271, 2, 220, 16, 24] match
revisit doc6: 5.61s ids=[7, 7, 7, 7, 318, 318, 318, 318] DIVERGED
revisit doc7: 5.60s ids=[7, 7, 7, 7, 7, 7, 7, 7] DIVERGED
[l3:restore] external_prefix_cache_hits_total 0.0 -> 32768.0 (delta 32768.0) PASS
[l3:early-divergence] 5/8 diverged FAIL
l3 summary: {"l3-enabled": true, "spill": true, "restore": true, "early-divergence": false}
RESULT: FAIL (see gates above)

