Installing torch-tpu: /root/wheels/torch_tpu-0.1.1.dev20260813220221-cp312-cp312-manylinux_2_31_x86_64.whl
Using Python 3.12.13 environment at: /usr/local
Resolved 1 package in 4ms
Prepared 1 package in 848ms
Uninstalled 1 package in 89ms
Installed 1 package in 3ms
 - torch-tpu==0.1.1 (from file:///artifact-source/opt/wheels/torch_tpu-0.1.1-cp312-cp312-manylinux_2_31_x86_64.whl)
 + torch-tpu==0.1.1.dev20260813220221 (from file:///root/wheels/torch_tpu-0.1.1.dev20260813220221-cp312-cp312-manylinux_2_31_x86_64.whl)
Installing tpu-raiden: /root/wheels/tpu_raiden_torch-0.0.1.dev20260813185659-1_block_major_5ca767b-cp312-cp312-manylinux_2_31_x86_64.whl
Using Python 3.12.13 environment at: /usr/local
Resolved 1 package in 32ms
Prepared 1 package in 3.49s
Installed 1 package in 3ms
 + tpu-raiden-torch==0.0.1.dev20260813185659 (from file:///root/wheels/tpu_raiden_torch-0.0.1.dev20260813185659-1_block_major_5ca767b-cp312-cp312-manylinux_2_31_x86_64.whl)
WARNING: All log messages before absl::InitializeLog() is called are written to STDERR
I0000 00:00:1786674311.641232     150 pjrt_api.cc:119] GetPjrtApi was found for TPU at /usr/local/lib/python3.12/site-packages/libtpu/libtpu.so
I0000 00:00:1786674311.657110     150 tpu_profiler_plugin.cc:795] PyTorch PrivateUse1ProfilerRegistry not found. Native TPU profiling will be disabled (this is expected on PyTorch < 2.12).
Device type: tpu, Device index: default
Initializing TPU distributed runtime
I0000 00:00:1786674311.708125     150 device_rt.cc:128] PjRt runtime initialization deferred for tpu
Successfully renamed PrivateUse1 backend to 'tpu'. Device: device(type='tpu')
Registered Python module for 'tpu'.

