Installing torch-tpu: /root/wheels/torch_tpu-0.1.1.dev20260813220221-cp312-cp312-manylinux_2_31_x86_64.whl
Using Python 3.12.13 environment at: /usr/local
Resolved 1 package in 4ms
Prepared 1 package in 853ms
Uninstalled 1 package in 91ms
Installed 1 package in 3ms
 - torch-tpu==0.1.1 (from file:///artifact-source/opt/wheels/torch_tpu-0.1.1-cp312-cp312-manylinux_2_31_x86_64.whl)
 + torch-tpu==0.1.1.dev20260813220221 (from file:///root/wheels/torch_tpu-0.1.1.dev20260813220221-cp312-cp312-manylinux_2_31_x86_64.whl)
Installing tpu-raiden: /root/wheels/tpu_raiden_torch-0.0.1.dev20260813185659-1_block_major_5ca767b-cp312-cp312-manylinux_2_31_x86_64.whl
Using Python 3.12.13 environment at: /usr/local
Resolved 1 package in 3ms
Prepared 1 package in 270ms
Installed 1 package in 3ms
 + tpu-raiden-torch==0.0.1.dev20260813185659 (from file:///root/wheels/tpu_raiden_torch-0.0.1.dev20260813185659-1_block_major_5ca767b-cp312-cp312-manylinux_2_31_x86_64.whl)
WARNING: All log messages before absl::InitializeLog() is called are written to STDERR
I0000 00:00:1786674455.883822     150 pjrt_api.cc:119] GetPjrtApi was found for TPU at /usr/local/lib/python3.12/site-packages/libtpu/libtpu.so
I0000 00:00:1786674455.896043     150 tpu_profiler_plugin.cc:795] PyTorch PrivateUse1ProfilerRegistry not found. Native TPU profiling will be disabled (this is expected on PyTorch < 2.12).
I0000 00:00:1786674455.942993     150 device_rt.cc:128] PjRt runtime initialization deferred for tpu
Successfully renamed PrivateUse1 backend to 'tpu'. Device: device(type='tpu')
Registered Python module for 'tpu'.
Device type: tpu, Device index: default
Initializing TPU distributed runtime
WARNING: All log messages before absl::InitializeLog() is called are written to STDERR
I0000 00:00:1786674459.218912       1 pjrt_api.cc:119] GetPjrtApi was found for TPU at /usr/local/lib/python3.12/site-packages/libtpu/libtpu.so
I0000 00:00:1786674459.229378       1 tpu_profiler_plugin.cc:795] PyTorch PrivateUse1ProfilerRegistry not found. Native TPU profiling will be disabled (this is expected on PyTorch < 2.12).
I0000 00:00:1786674459.249470       1 device_rt.cc:128] PjRt runtime initialization deferred for tpu
Device type: tpu, Device index: default
Initializing TPU distributed runtime
Successfully renamed PrivateUse1 backend to 'tpu'. Device: device(type='tpu')
Registered Python module for 'tpu'.
[bm-ab] allocating 2 legs: B=1024 F=15 row_bytes=131072 host_blocks=1024 (1.9 GiB host pool per leg)
I0000 00:00:1786674459.342383       1 pjrt_api.cc:168] The PJRT plugin has PJRT API version 0.103. The framework PJRT API version is 0.114.
WARNING: Logging before InitGoogle() is written to STDERR
E0000 00:00:1786674459.343518       1 common_lib.cc:518] INVALID_ARGUMENT: Error: unexpected worker hostname 'WARNING: could not determine TPU worker hostnames or IP addresses' from env var TPU_WORKER_HOSTNAMES. Expecting a valid hostname or IP address without port number, or hostname:port:address triple. (Full TPU workers' addr string: WARNING: could not determine TPU worker hostnames or IP addresses, please set env var `TPU_WORKER_HOSTNAMES` manually, otherwise libtpu.so may not properly initialize.)
=== Source Location Trace: ===
learning/45eac/tfrc/runtime/libtpu_init_utils.cc:311
I0000 00:00:1786674462.714728       1 pjrt_c_api_client.cc:187] PjRtCApiClient created.
W0000 00:00:1786674462.714762       1 pjrt_state.cc:273] Only using 1 device out of all the 8 addressable devices.
WARNING: All log messages before absl::InitializeLog() is called are written to STDERR
I0000 00:00:1786674463.019586       1 tpu_utils.cc:518] Detected interface: eth0, BDF: None, MTU: 1460, NUMA: 0, Classification: Control/Fallback Interface
InitTransportServer: target_numa=0
InitTransportServer: Local IP: 10.36.22.31
[bm-ab] frag leg up: arrays=15 transport_port=46299
I0000 00:00:1786674463.840531       1 tpu_utils.cc:518] Detected interface: eth0, BDF: None, MTU: 1460, NUMA: 0, Classification: Control/Fallback Interface
InitTransportServer: target_numa=0
InitTransportServer: Local IP: 10.36.22.31
[bm-ab] bundle leg up: arrays=1 transport_port=41905
[bm-ab] frag: full D2h of 1024 rows in 0.036s
Traceback (most recent call last):
  File "/root/tpu-raiden/tpu_sync/benchmarks/block_major_ab_benchmark.py", line 398, in <module>
    main()
  File "/root/tpu-raiden/tpu_sync/benchmarks/block_major_ab_benchmark.py", line 350, in main
    leg.verify_host_rows([0, leg.b // 2, leg.b - 1])
  File "/root/tpu-raiden/tpu_sync/benchmarks/block_major_ab_benchmark.py", line 165, in verify_host_rows
    assert data == expect, (
           ^^^^^^^^^^^^^^
AssertionError: frag: host block 0 (row 0, array 0) does not match the expected pattern
I0000 00:00:1786674464.277982       1 compilation_cache.cc:346] Compilation cache evicted.
I0000 00:00:1786674464.277997       1 compilation_cache.cc:210] CompilationCache final stats: num_cache_reqs=0
num_cache_hits=0 {NA}
peak_compilation_memory_bytes=unknown

https://symbolize.stripped_domain/r/?trace=7d4fd8bf804f,7d4ee1bed4e0,7d4ee0abdc99,7d4ee1c3c623,7d4ee0af4e90,7d4ecbea98b6,7d4ecb692a8c,7d4ecb64a430,7d4ecb695e47,7d4ecb650c71,7d4ecb647e2d,7d4ecb649f3d,7d4ecee651a6,7d4fd8fd4d26,7d4fd8fbd3f9,7d4fd8fbc69e,7d4fd8fbc697,7d4fd8f907ee,7d4fd901aa9b,7d4fd905e546,7d4fd905e5e2,7d4fd904202b,7d4fd905254d,7d4fd9009e57,7d4fd8be3249&map= 
*** SIGSEGV (@(nil)), si_code=1, see go/stacktraces#s15 received by PID 1 (TID 1) on cpu 57; stack trace: ***
    @     0x7d4ef34b7d83       1888  FailureSignalHandler()
    @     0x7d4fd8bf8050  247939840  (unknown)
    @     0x7d4ee1bed4e1         32  tsl::AsyncValue::MakeTypeInfo<>()::{lambda()#1}::__invoke()
    @     0x7d4ee0abdc9a         32  tsl::AsyncValue::Destroy()
    @     0x7d4ee1c3c624         32  xla::TpuRawBuffer::~TpuRawBuffer()
    @     0x7d4ee0af4e91         32  pjrt::PJRT_RawBuffer_Destroy()
    @     0x7d4ecbea98b7         48  pjrt::PjRtCApiRawBuffer_Destroy()
    @     0x7d4ecb692a8d         16  std::_Sp_counted_ptr_inplace<>::_M_dispose()
    @     0x7d4ecb64a431         48  raiden::RaidenBufferHandle::~RaidenBufferHandle()
    @     0x7d4ecb695e48         64  tpu_raiden::kv_cache::KVCacheManagerBase::~KVCacheManagerBase()
    @     0x7d4ecb650c72        128  tpu_raiden::KVCacheManagerWithTransfer::~KVCacheManagerWithTransfer()
    @     0x7d4ecb647e2e         32  tpu_raiden::torch::TorchKVCacheManager::~TorchKVCacheManager()
    @     0x7d4ecb649f3e         48  tpu_raiden::torch::KVCacheManager::~KVCacheManager()
    @     0x7d4ecee651a7         80  (unknown)
    @     0x7d4fd8fd4d27         80  (unknown)
    @     0x7d4fd8fbd3fa         64  (unknown)
    @     0x7d4fd8fbc69f         32  (unknown)
    @     0x7d4fd8fbc698         32  (unknown)
    @     0x7d4fd8f907ef         96  (unknown)
    @     0x7d4fd901aa9c         80  PyDict_SetItemString
    @     0x7d4fd905e547         48  (unknown)
    @     0x7d4fd905e5e3        144  (unknown)
    @     0x7d4fd904202c        144  Py_FinalizeEx
    @     0x7d4fd905254e        352  Py_RunMain
    @     0x7d4fd9009e58         64  Py_BytesMain
    @     0x7d4fd8be324a  (unknown)  (unknown)
https://symbolize.stripped_domain/r/?trace=7d4ef34b7d82,7d4fd8bf804f,7d4ee1bed4e0,7d4ee0abdc99,7d4ee1c3c623,7d4ee0af4e90,7d4ecbea98b6,7d4ecb692a8c,7d4ecb64a430,7d4ecb695e47,7d4ecb650c71,7d4ecb647e2d,7d4ecb649f3d,7d4ecee651a6,7d4fd8fd4d26,7d4fd8fbd3f9,7d4fd8fbc69e,7d4fd8fbc697,7d4fd8f907ee,7d4fd901aa9b,7d4fd905e546,7d4fd905e5e2,7d4fd904202b,7d4fd905254d,7d4fd9009e57,7d4fd8be3249&map= 
E0814 02:27:46.569405       1 coredump_hook.cc:310] RAW: Remote crash data gathering hook invoked.
E0814 02:27:46.569416       1 client.cc:261] RAW: Coroner client retries enabled, will retry for up to 30 sec.
E0814 02:27:46.569418       1 coredump_hook.cc:405] RAW: Sending fingerprint to remote end.
E0814 02:27:46.569432       1 coredump_hook.cc:415] RAW: Cannot send fingerprint to Coroner: [NOT_FOUND] stat failed on crash reporting socket /var/google/services/logmanagerd/remote_coredump.socket (Is the listener running?): No such file or directory
E0814 02:27:46.569434       1 coredump_hook.cc:467] RAW: Dumping core locally.
E0814 02:27:52.629819       1 process_state.cc:704] RAW: Raising signal 11 with default behavior

