Waiting for prefill-a up (http://j-a59815e2-88e1-4776-8242-prefill-a-0-0.j-a59815e2-88e1-4776-8242:8000/health, up to 5400s)
prefill-a is up (800s)
Waiting for decode-a up (http://j-a59815e2-88e1-4776-8242-decode-a-0-0.j-a59815e2-88e1-4776-8242:7200/health, up to 5400s)
decode-a is up (0s)
Waiting for proxy-a up (http://j-a59815e2-88e1-4776-8242-prefill-a-0-0.j-a59815e2-88e1-4776-8242:10000/healthcheck, up to 600s)
proxy-a is up (0s)
Waiting for prefill-b up (http://j-a59815e2-88e1-4776-8242-prefill-b-0-0.j-a59815e2-88e1-4776-8242:8000/health, up to 5400s)
prefill-b is up (20s)
Waiting for decode-b up (http://j-a59815e2-88e1-4776-8242-decode-b-0-0.j-a59815e2-88e1-4776-8242:7200/health, up to 5400s)
decode-b is up (0s)
Waiting for proxy-b up (http://j-a59815e2-88e1-4776-8242-prefill-b-0-0.j-a59815e2-88e1-4776-8242:10000/healthcheck, up to 600s)
proxy-b is up (0s)
Waiting for stack-A engine readiness (first compile, up to 60 min)...
stack-A engines are ready.
Waiting for stack-B engine readiness (first compile, up to 60 min)...
stack-B engines are ready.
=== stage 1: cross-stack KA (49216 tokens) ===
ka: A=[89, 89, 89, 89, 89, 89, 89, 89] B=[89, 89, 89, 89, 89, 89, 89, 89] identical=True b_prefill_ext_hits=49152.0
=== stage 2: seeding 48 docs via stack A ===
waiting 15s for saves to commit and publish
=== cross-revisit: same 48 docs via stack B ===
[xrevisit] doc0 ttft=0.668s prefill=0.494s ext_hit=49152/49215
[xrevisit] doc1 ttft=0.765s prefill=0.602s ext_hit=49152/49215
[xrevisit] doc2 ttft=0.653s prefill=0.492s ext_hit=49152/49215
[xrevisit] doc3 ttft=0.658s prefill=0.492s ext_hit=49152/49215
[xrevisit] doc4 ttft=0.659s prefill=0.492s ext_hit=49152/49215
[xrevisit] doc5 ttft=0.659s prefill=0.492s ext_hit=49152/49215
[xrevisit] doc6 ttft=0.659s prefill=0.492s ext_hit=49152/49215
[xrevisit] doc7 ttft=0.658s prefill=0.492s ext_hit=49152/49215
[xrevisit] doc8 ttft=0.649s prefill=0.492s ext_hit=49152/49215
[xrevisit] doc9 ttft=0.656s prefill=0.492s ext_hit=49152/49215
[xrevisit] doc10 ttft=0.654s prefill=0.492s ext_hit=49152/49215
[xrevisit] doc11 ttft=0.655s prefill=0.492s ext_hit=49152/49215
[xrevisit] doc12 ttft=0.656s prefill=0.495s ext_hit=49152/49215
[xrevisit] doc13 ttft=0.657s prefill=0.492s ext_hit=49152/49215
[xrevisit] doc14 ttft=0.655s prefill=0.492s ext_hit=49152/49215
[xrevisit] doc15 ttft=0.660s prefill=0.493s ext_hit=49152/49215
[xrevisit] doc16 ttft=0.656s prefill=0.492s ext_hit=49152/49215
[xrevisit] doc17 ttft=0.659s prefill=0.493s ext_hit=49152/49215
[xrevisit] doc18 ttft=0.658s prefill=0.492s ext_hit=49152/49215
[xrevisit] doc19 ttft=0.658s prefill=0.492s ext_hit=49152/49215
[xrevisit] doc20 ttft=0.656s prefill=0.492s ext_hit=49152/49215
[xrevisit] doc21 ttft=0.661s prefill=0.495s ext_hit=49152/49215
[xrevisit] doc22 ttft=0.660s prefill=0.491s ext_hit=49152/49215
[xrevisit] doc23 ttft=0.661s prefill=0.492s ext_hit=49152/49215
[xrevisit] doc24 ttft=0.656s prefill=0.492s ext_hit=49152/49215
[xrevisit] doc25 ttft=0.672s prefill=0.491s ext_hit=49152/49215
[xrevisit] doc26 ttft=0.654s prefill=0.492s ext_hit=49152/49215
[xrevisit] doc27 ttft=0.668s prefill=0.492s ext_hit=49152/49215
[xrevisit] doc28 ttft=0.652s prefill=0.493s ext_hit=49152/49215
[xrevisit] doc29 ttft=0.666s prefill=0.492s ext_hit=49152/49215
[xrevisit] doc30 ttft=0.675s prefill=0.492s ext_hit=49152/49215
[xrevisit] doc31 ttft=0.673s prefill=0.491s ext_hit=49152/49215
[xrevisit] doc32 ttft=0.674s prefill=0.492s ext_hit=49152/49215
[xrevisit] doc33 ttft=0.667s prefill=0.491s ext_hit=49152/49215
[xrevisit] doc34 ttft=0.653s prefill=0.492s ext_hit=49152/49215
[xrevisit] doc35 ttft=0.657s prefill=0.493s ext_hit=49152/49215
[xrevisit] doc36 ttft=0.652s prefill=0.492s ext_hit=49152/49215
[xrevisit] doc37 ttft=0.656s prefill=0.492s ext_hit=49152/49215
[xrevisit] doc38 ttft=0.654s prefill=0.491s ext_hit=49152/49215
[xrevisit] doc39 ttft=0.656s prefill=0.492s ext_hit=49152/49215
[xrevisit] doc40 ttft=0.657s prefill=0.492s ext_hit=49152/49215
[xrevisit] doc41 ttft=0.659s prefill=0.492s ext_hit=49152/49215
[xrevisit] doc42 ttft=0.665s prefill=0.494s ext_hit=49152/49215
[xrevisit] doc43 ttft=0.664s prefill=0.493s ext_hit=49152/49215
[xrevisit] doc44 ttft=0.652s prefill=0.491s ext_hit=49152/49215
[xrevisit] doc45 ttft=0.658s prefill=0.493s ext_hit=49152/49215
[xrevisit] doc46 ttft=0.660s prefill=0.492s ext_hit=49152/49215
[xrevisit] doc47 ttft=0.660s prefill=0.491s ext_hit=49152/49215
[xrevisit:summary] reqs=48 ttft_p50=0.658s prefill_avg=0.494s ext_hit_pct=99.9
=== cold baseline: 48 fresh docs via stack B ===
[cold] doc0 ttft=4.458s prefill=4.453s ext_hit=0/49215
[cold] doc1 ttft=4.469s prefill=4.464s ext_hit=0/49215
[cold] doc2 ttft=4.468s prefill=4.463s ext_hit=0/49215
[cold] doc3 ttft=4.434s prefill=4.429s ext_hit=0/49215
[cold] doc4 ttft=4.463s prefill=4.458s ext_hit=0/49215
[cold] doc5 ttft=4.442s prefill=4.437s ext_hit=0/49215
[cold] doc6 ttft=4.465s prefill=4.460s ext_hit=0/49215
[cold] doc7 ttft=4.467s prefill=4.461s ext_hit=0/49215
[cold] doc8 ttft=4.437s prefill=4.431s ext_hit=0/49215
[cold] doc9 ttft=4.467s prefill=4.462s ext_hit=0/49215
[cold] doc10 ttft=4.438s prefill=4.433s ext_hit=0/49215
[cold] doc11 ttft=4.472s prefill=4.467s ext_hit=0/49215
[cold] doc12 ttft=4.466s prefill=4.460s ext_hit=0/49215
[cold] doc13 ttft=4.433s prefill=4.427s ext_hit=0/49215
[cold] doc14 ttft=4.465s prefill=4.459s ext_hit=0/49215
[cold] doc15 ttft=4.438s prefill=4.433s ext_hit=0/49215
[cold] doc16 ttft=4.440s prefill=4.435s ext_hit=0/49215
[cold] doc17 ttft=4.442s prefill=4.437s ext_hit=0/49215
[cold] doc18 ttft=4.479s prefill=4.474s ext_hit=0/49215
[cold] doc19 ttft=4.436s prefill=4.431s ext_hit=0/49215
[cold] doc20 ttft=4.439s prefill=4.434s ext_hit=0/49215
[cold] doc21 ttft=4.445s prefill=4.440s ext_hit=0/49215
[cold] doc22 ttft=4.440s prefill=4.435s ext_hit=0/49215
[cold] doc23 ttft=4.472s prefill=4.467s ext_hit=0/49215
[cold] doc24 ttft=4.438s prefill=4.433s ext_hit=0/49215
[cold] doc25 ttft=4.446s prefill=4.440s ext_hit=0/49215
[cold] doc26 ttft=4.432s prefill=4.427s ext_hit=0/49215
[cold] doc27 ttft=4.433s prefill=4.428s ext_hit=0/49215
[cold] doc28 ttft=4.459s prefill=4.454s ext_hit=0/49215
[cold] doc29 ttft=4.436s prefill=4.431s ext_hit=0/49215
[cold] doc30 ttft=4.448s prefill=4.443s ext_hit=0/49215
[cold] doc31 ttft=4.452s prefill=4.447s ext_hit=0/49215
[cold] doc32 ttft=4.444s prefill=4.439s ext_hit=0/49215
[cold] doc33 ttft=4.441s prefill=4.436s ext_hit=0/49215
[cold] doc34 ttft=4.443s prefill=4.438s ext_hit=0/49215
[cold] doc35 ttft=4.437s prefill=4.433s ext_hit=0/49215
[cold] doc36 ttft=4.441s prefill=4.436s ext_hit=0/49215
[cold] doc37 ttft=4.479s prefill=4.474s ext_hit=0/49215
[cold] doc38 ttft=4.454s prefill=4.449s ext_hit=0/49215
[cold] doc39 ttft=4.433s prefill=4.428s ext_hit=0/49215
[cold] doc40 ttft=4.446s prefill=4.441s ext_hit=0/49215
[cold] doc41 ttft=4.437s prefill=4.431s ext_hit=0/49215
[cold] doc42 ttft=4.474s prefill=4.469s ext_hit=0/49215
[cold] doc43 ttft=4.441s prefill=4.436s ext_hit=0/49215
[cold] doc44 ttft=4.440s prefill=4.435s ext_hit=0/49215
[cold] doc45 ttft=4.460s prefill=4.455s ext_hit=0/49215
[cold] doc46 ttft=4.442s prefill=4.436s ext_hit=0/49215
[cold] doc47 ttft=4.467s prefill=4.463s ext_hit=0/49215
[cold:summary] reqs=48 ttft_p50=4.444s prefill_avg=4.445s ext_hit_pct=0.0
[gpc:ab] revisit_prefill_avg=0.494s cold_prefill_avg=4.445s ttft_p50_ratio=0.15
RESULT: PASS (cross-stack KA equivalent with 49152 external hits; cross-revisit ext_hit_pct=99.9 vs cold 0.0; prefill 0.494s vs 4.445s cold)

