Waiting for prefill-a up (http://j-7c1bb492-1942-4f47-b3eb-prefill-a-0-0.j-7c1bb492-1942-4f47-b3eb:8000/health, up to 5400s)
prefill-a is up (840s)
Waiting for decode-a up (http://j-7c1bb492-1942-4f47-b3eb-decode-a-0-0.j-7c1bb492-1942-4f47-b3eb:7200/health, up to 5400s)
decode-a is up (0s)
Waiting for proxy-a up (http://j-7c1bb492-1942-4f47-b3eb-prefill-a-0-0.j-7c1bb492-1942-4f47-b3eb:10000/healthcheck, up to 600s)
proxy-a is up (0s)
Waiting for prefill-b up (http://j-7c1bb492-1942-4f47-b3eb-prefill-b-0-0.j-7c1bb492-1942-4f47-b3eb:8000/health, up to 5400s)
prefill-b is up (10s)
Waiting for decode-b up (http://j-7c1bb492-1942-4f47-b3eb-decode-b-0-0.j-7c1bb492-1942-4f47-b3eb:7200/health, up to 5400s)
decode-b is up (0s)
Waiting for proxy-b up (http://j-7c1bb492-1942-4f47-b3eb-prefill-b-0-0.j-7c1bb492-1942-4f47-b3eb:10000/healthcheck, up to 600s)
proxy-b is up (0s)
Waiting for stack-A engine readiness (first compile, up to 60 min)...
stack-A engines are ready.
Waiting for stack-B engine readiness (first compile, up to 60 min)...
stack-B engines are ready.
=== stage 1: cross-stack KA (18496 tokens) ===
ka: A=[89, 89, 89, 89, 89, 89, 89, 89] B=[89, 89, 89, 89, 89, 89, 89, 89] identical=True b_prefill_ext_hits=18432.0
=== stage 2: seeding 48 docs via stack A ===
waiting 15s for saves to commit and publish
=== cross-revisit: same 48 docs via stack B ===
[xrevisit] doc0 ttft=0.511s prefill=0.376s ext_hit=18432/18495
[xrevisit] doc1 ttft=0.615s prefill=0.483s ext_hit=18432/18495
[xrevisit] doc2 ttft=0.497s prefill=0.377s ext_hit=18432/18495
[xrevisit] doc3 ttft=0.496s prefill=0.375s ext_hit=18432/18495
[xrevisit] doc4 ttft=0.497s prefill=0.375s ext_hit=18432/18495
[xrevisit] doc5 ttft=0.498s prefill=0.373s ext_hit=18432/18495
[xrevisit] doc6 ttft=0.497s prefill=0.375s ext_hit=18432/18495
[xrevisit] doc7 ttft=0.496s prefill=0.374s ext_hit=18432/18495
[xrevisit] doc8 ttft=0.508s prefill=0.376s ext_hit=18432/18495
[xrevisit] doc9 ttft=0.495s prefill=0.375s ext_hit=18432/18495
[xrevisit] doc10 ttft=0.504s prefill=0.376s ext_hit=18432/18495
[xrevisit] doc11 ttft=0.506s prefill=0.375s ext_hit=18432/18495
[xrevisit] doc12 ttft=0.497s prefill=0.375s ext_hit=18432/18495
[xrevisit] doc13 ttft=0.503s prefill=0.376s ext_hit=18432/18495
[xrevisit] doc14 ttft=0.496s prefill=0.375s ext_hit=18432/18495
[xrevisit] doc15 ttft=0.496s prefill=0.375s ext_hit=18432/18495
[xrevisit] doc16 ttft=0.495s prefill=0.375s ext_hit=18432/18495
[xrevisit] doc17 ttft=0.511s prefill=0.375s ext_hit=18432/18495
[xrevisit] doc18 ttft=0.493s prefill=0.375s ext_hit=18432/18495
[xrevisit] doc19 ttft=0.495s prefill=0.376s ext_hit=18432/18495
[xrevisit] doc20 ttft=0.496s prefill=0.375s ext_hit=18432/18495
[xrevisit] doc21 ttft=0.492s prefill=0.375s ext_hit=18432/18495
[xrevisit] doc22 ttft=0.489s prefill=0.376s ext_hit=18432/18495
[xrevisit] doc23 ttft=0.490s prefill=0.374s ext_hit=18432/18495
[xrevisit] doc24 ttft=0.492s prefill=0.375s ext_hit=18432/18495
[xrevisit] doc25 ttft=0.490s prefill=0.375s ext_hit=18432/18495
[xrevisit] doc26 ttft=0.505s prefill=0.375s ext_hit=18432/18495
[xrevisit] doc27 ttft=0.494s prefill=0.375s ext_hit=18432/18495
[xrevisit] doc28 ttft=0.497s prefill=0.375s ext_hit=18432/18495
[xrevisit] doc29 ttft=0.493s prefill=0.375s ext_hit=18432/18495
[xrevisit] doc30 ttft=0.494s prefill=0.374s ext_hit=18432/18495
[xrevisit] doc31 ttft=0.494s prefill=0.374s ext_hit=18432/18495
[xrevisit] doc32 ttft=0.495s prefill=0.375s ext_hit=18432/18495
[xrevisit] doc33 ttft=0.495s prefill=0.375s ext_hit=18432/18495
[xrevisit] doc34 ttft=0.493s prefill=0.375s ext_hit=18432/18495
[xrevisit] doc35 ttft=0.493s prefill=0.375s ext_hit=18432/18495
[xrevisit] doc36 ttft=0.500s prefill=0.375s ext_hit=18432/18495
[xrevisit] doc37 ttft=0.495s prefill=0.375s ext_hit=18432/18495
[xrevisit] doc38 ttft=0.493s prefill=0.374s ext_hit=18432/18495
[xrevisit] doc39 ttft=0.493s prefill=0.375s ext_hit=18432/18495
[xrevisit] doc40 ttft=0.493s prefill=0.375s ext_hit=18432/18495
[xrevisit] doc41 ttft=0.499s prefill=0.375s ext_hit=18432/18495
[xrevisit] doc42 ttft=0.500s prefill=0.375s ext_hit=18432/18495
[xrevisit] doc43 ttft=0.496s prefill=0.375s ext_hit=18432/18495
[xrevisit] doc44 ttft=0.495s prefill=0.375s ext_hit=18432/18495
[xrevisit] doc45 ttft=0.496s prefill=0.375s ext_hit=18432/18495
[xrevisit] doc46 ttft=0.498s prefill=0.375s ext_hit=18432/18495
[xrevisit] doc47 ttft=0.495s prefill=0.376s ext_hit=18432/18495
[xrevisit:summary] reqs=48 ttft_p50=0.496s prefill_avg=0.377s ext_hit_pct=99.7
=== cold baseline: 48 fresh docs via stack B ===
[cold] doc0 ttft=1.888s prefill=1.885s ext_hit=0/18495
[cold] doc1 ttft=1.896s prefill=1.893s ext_hit=0/18495
[cold] doc2 ttft=1.888s prefill=1.885s ext_hit=0/18495
[cold] doc3 ttft=1.884s prefill=1.881s ext_hit=0/18495
[cold] doc4 ttft=1.892s prefill=1.889s ext_hit=0/18495
[cold] doc5 ttft=1.886s prefill=1.883s ext_hit=0/18495
[cold] doc6 ttft=1.915s prefill=1.912s ext_hit=0/18495
[cold] doc7 ttft=1.910s prefill=1.907s ext_hit=0/18495
[cold] doc8 ttft=1.911s prefill=1.908s ext_hit=0/18495
[cold] doc9 ttft=1.901s prefill=1.898s ext_hit=0/18495
[cold] doc10 ttft=1.893s prefill=1.890s ext_hit=0/18495
[cold] doc11 ttft=1.902s prefill=1.899s ext_hit=0/18495
[cold] doc12 ttft=1.901s prefill=1.898s ext_hit=0/18495
[cold] doc13 ttft=1.897s prefill=1.894s ext_hit=0/18495
[cold] doc14 ttft=1.900s prefill=1.896s ext_hit=0/18495
[cold] doc15 ttft=1.909s prefill=1.906s ext_hit=0/18495
[cold] doc16 ttft=1.897s prefill=1.894s ext_hit=0/18495
[cold] doc17 ttft=1.903s prefill=1.899s ext_hit=0/18495
[cold] doc18 ttft=1.900s prefill=1.896s ext_hit=0/18495
[cold] doc19 ttft=1.891s prefill=1.887s ext_hit=0/18495
[cold] doc20 ttft=1.896s prefill=1.893s ext_hit=0/18495
[cold] doc21 ttft=1.894s prefill=1.891s ext_hit=0/18495
[cold] doc22 ttft=1.889s prefill=1.886s ext_hit=0/18495
[cold] doc23 ttft=1.889s prefill=1.886s ext_hit=0/18495
[cold] doc24 ttft=1.895s prefill=1.892s ext_hit=0/18495
[cold] doc25 ttft=1.894s prefill=1.891s ext_hit=0/18495
[cold] doc26 ttft=1.910s prefill=1.907s ext_hit=0/18495
[cold] doc27 ttft=1.915s prefill=1.912s ext_hit=0/18495
[cold] doc28 ttft=1.907s prefill=1.904s ext_hit=0/18495
[cold] doc29 ttft=1.911s prefill=1.908s ext_hit=0/18495
[cold] doc30 ttft=1.909s prefill=1.906s ext_hit=0/18495
[cold] doc31 ttft=1.906s prefill=1.903s ext_hit=0/18495
[cold] doc32 ttft=1.909s prefill=1.906s ext_hit=0/18495
[cold] doc33 ttft=1.898s prefill=1.895s ext_hit=0/18495
[cold] doc34 ttft=1.907s prefill=1.904s ext_hit=0/18495
[cold] doc35 ttft=1.902s prefill=1.899s ext_hit=0/18495
[cold] doc36 ttft=1.905s prefill=1.902s ext_hit=0/18495
[cold] doc37 ttft=1.902s prefill=1.898s ext_hit=0/18495
[cold] doc38 ttft=1.904s prefill=1.901s ext_hit=0/18495
[cold] doc39 ttft=1.910s prefill=1.906s ext_hit=0/18495
[cold] doc40 ttft=1.904s prefill=1.901s ext_hit=0/18495
[cold] doc41 ttft=1.905s prefill=1.902s ext_hit=0/18495
[cold] doc42 ttft=1.901s prefill=1.898s ext_hit=0/18495
[cold] doc43 ttft=1.897s prefill=1.893s ext_hit=0/18495
[cold] doc44 ttft=1.907s prefill=1.904s ext_hit=0/18495
[cold] doc45 ttft=1.896s prefill=1.893s ext_hit=0/18495
[cold] doc46 ttft=1.900s prefill=1.896s ext_hit=0/18495
[cold] doc47 ttft=1.893s prefill=1.890s ext_hit=0/18495
[cold:summary] reqs=48 ttft_p50=1.901s prefill_avg=1.897s ext_hit_pct=0.0
[gpc:ab] revisit_prefill_avg=0.377s cold_prefill_avg=1.897s ttft_p50_ratio=0.26
RESULT: PASS (cross-stack KA equivalent with 18432 external hits; cross-revisit ext_hit_pct=99.7 vs cold 0.0; prefill 0.377s vs 1.897s cold)

