===== Syncing dependencies to pyproject.toml =====
Using Python 3.12.13 environment at: /usr/local
Resolved 104 packages in 1.07s
Downloading libtpu (205.5MiB)
 Downloaded libtpu
Prepared 1 package in 2.63s
Uninstalled 1 package in 113ms
Installed 1 package in 7ms
 - libtpu==0.0.42.1
 + libtpu==0.0.43
Installing raiden wheel: /root/wheels/tpu_raiden_torch-0.0.1.dev20260801211407-1_raiden_controller_7c3d506-cp312-cp312-manylinux_2_31_x86_64.whl
Using Python 3.12.13 environment at: /usr/local
Resolved 1 package in 3ms
Prepared 1 package in 264ms
Uninstalled 1 package in 8ms
Installed 1 package in 0.97ms
 - tpu-raiden-torch==0.0.1.dev20260712020931 (from file:///tmp/tpu_raiden_torch-0.0.1.dev20260712020931-cp312-cp312-manylinux_2_31_x86_64.whl)
 + tpu-raiden-torch==0.0.1.dev20260801211407 (from file:///root/wheels/tpu_raiden_torch-0.0.1.dev20260801211407-1_raiden_controller_7c3d506-cp312-cp312-manylinux_2_31_x86_64.whl)
Traceback (most recent call last):
  File "<string>", line 1, in <module>
ModuleNotFoundError: No module named 'tpu_raiden.api.torch.kv_cache_store'
RESULT: FAIL (V2 preflight)

