Waiting for prefill up (http://j-e768f98a-75e4-49b9-aa46-prefill-0-0.j-e768f98a-75e4-49b9-aa46:8000/health, up to 5400s)
prefill is up (860s)
Waiting for decode up (http://j-e768f98a-75e4-49b9-aa46-decode-0-0.j-e768f98a-75e4-49b9-aa46:7200/health, up to 5400s)
decode is up (0s)
Waiting for proxy up (http://j-e768f98a-75e4-49b9-aa46-prefill-0-0.j-e768f98a-75e4-49b9-aa46:10000/healthcheck, up to 600s)
proxy is up (0s)
Waiting for engine readiness (first compile, up to 60 min)...
Engines are ready.
l3 check: BASELINE=False, expecting l3_enabled=True
status: {'pool_blocks': 6, 'l3_enabled': 1, 'spill_launched': 0, 'peer_held': 0, 'backoffs': 0, 'pool_used': 0, 'pool_cap': 96}
pool=6 blocks -> seeding 80 docs (watermark 0.15, margin 8, HBM floor 80)
seed doc0: 6.11s ids=[271, 2, 220, 16, 24, 24, 22, 271]
seed doc1: 5.63s ids=[7, 7, 7, 7, 7, 7, 271, 2]
seed doc2: 5.71s ids=[271, 2, 220, 16, 24, 24, 23, 220]
seed doc3: 5.66s ids=[7, 7, 7, 7, 7, 271, 2, 220]
seed doc4: 5.64s ids=[7, 7, 7, 7, 7, 7, 7, 7]
seed doc5: 5.64s ids=[7, 7, 7, 271, 2, 220, 16, 24]
seed doc6: 5.61s ids=[7, 7, 7, 7, 7, 271, 2, 220]
seed doc7: 5.60s ids=[7, 7, 7, 7, 7, 271, 2, 220]
seed doc8: 5.62s ids=[7, 7, 7, 7, 271, 2, 220, 16]
seed doc9: 5.65s ids=[7, 7, 7, 7, 7, 271, 2, 220]
seed doc10: 5.63s ids=[7, 7, 7, 7, 7, 7, 7, 7]
seed doc11: 5.61s ids=[7, 7, 7, 7, 7, 271, 2, 220]
seed doc12: 5.60s ids=[7, 7, 7, 271, 2, 220, 17, 15]
seed doc13: 5.61s ids=[7, 7, 7, 7, 7, 7, 7, 7]
seed doc14: 5.60s ids=[7, 7, 7, 7, 7, 271, 2, 220]
seed doc15: 5.60s ids=[7, 7, 7, 7, 271, 2, 220, 16]
seed doc16: 5.59s ids=[7, 7, 7, 7, 271, 2, 220, 16]
seed doc17: 5.61s ids=[7, 271, 2, 220, 16, 13, 27416, 271]
seed doc18: 5.62s ids=[7, 7, 7, 7, 7, 271, 2, 220]
seed doc19: 5.61s ids=[271, 2, 220, 16, 24, 24, 22, 271]
seed doc20: 5.60s ids=[7, 7, 7, 7, 7, 7, 7, 7]
seed doc21: 5.61s ids=[7, 7, 7, 7, 271, 2, 220, 124585]
seed doc22: 5.60s ids=[7, 7, 7, 7, 7, 271, 2, 220]
seed doc23: 5.61s ids=[7, 7, 7, 7, 7, 271, 2, 220]
seed doc24: 5.62s ids=[248046, 198, 248045, 846, 198, 248045, 248046, 198]
seed doc25: 5.61s ids=[198, 7, 198, 7, 198, 7, 198, 7]
seed doc26: 5.60s ids=[271, 248046, 198, 248045, 248068, 198, 90700, 8340]
seed doc27: 5.60s ids=[7, 7, 271, 2, 220, 16, 13, 27416]
seed doc28: 5.63s ids=[248046, 198, 248045, 846, 198, 248045, 248046, 198]
seed doc29: 5.61s ids=[271, 2, 220, 16, 13, 27416, 271, 1919]
seed doc30: 5.60s ids=[271, 2, 220, 16, 13, 27416, 271, 1919]
seed doc31: 5.59s ids=[7, 7, 7, 7, 7, 271, 2, 220]
seed doc32: 5.59s ids=[248046, 198, 248045, 846, 198, 1, 5328, 1438]
seed doc33: 5.61s ids=[271, 2, 220, 16, 13, 27416, 271, 1919]
seed doc34: 5.60s ids=[271, 760, 2614, 369, 264, 1103, 314, 279]
seed doc35: 5.61s ids=[7, 7, 7, 271, 2, 220, 16, 24]
seed doc36: 5.60s ids=[7, 7, 7, 7, 7, 271, 2, 220]
seed doc37: 5.61s ids=[271, 2, 220, 16, 13, 27416, 271, 1919]
seed doc38: 5.60s ids=[271, 2, 220, 16, 13, 27416, 271, 760]
seed doc39: 5.60s ids=[7, 7, 7, 7, 7, 7, 7, 7]
seed doc40: 5.60s ids=[271, 7, 271, 7, 271, 7, 271, 7]
seed doc41: 5.63s ids=[271, 2, 220, 16, 24, 24, 22, 95859]
seed doc42: 5.60s ids=[248046, 198, 248045, 846, 198, 1, 18727, 55986]
seed doc43: 5.60s ids=[248046, 198, 248045, 846, 198, 248045, 74455, 198]
seed doc44: 5.59s ids=[7, 7, 7, 271, 760, 2614, 369, 264]
seed doc45: 5.60s ids=[271, 760, 2614, 369, 264, 1103, 314, 279]
seed doc46: 5.60s ids=[7, 271, 760, 2614, 369, 264, 1103, 314]
seed doc47: 5.60s ids=[248046, 198, 248045, 846, 198, 1, 5328, 1438]
seed doc48: 5.59s ids=[7, 7, 7, 7, 7, 7, 7, 7]
seed doc49: 5.61s ids=[7, 7, 7, 7, 7, 318, 318, 318]
seed doc50: 5.61s ids=[271, 7, 271, 7, 271, 7, 271, 7]
seed doc51: 5.59s ids=[7, 7, 7, 271, 151, 109, 151, 117]
seed doc52: 5.58s ids=[248046, 198, 248045, 846, 198, 1, 5328, 1438]
seed doc53: 5.60s ids=[248046, 198, 248045, 846, 198, 1, 198, 1]
seed doc54: 5.59s ids=[248046, 198, 248045, 846, 198, 40, 599, 264]
seed doc55: 5.59s ids=[7, 248046, 198, 248045, 846, 198, 40, 599]
seed doc56: 5.60s ids=[271, 7, 271, 7, 271, 7, 271, 7]
seed doc57: 5.61s ids=[7, 7, 7, 7, 7, 271, 2, 220]
seed doc58: 5.60s ids=[7, 7, 271, 2, 220, 16, 13, 27416]
seed doc59: 5.59s ids=[248046, 198, 248045, 846, 198, 248045, 248046, 198]
seed doc60: 5.59s ids=[7, 7, 7, 7, 271, 2, 220, 16]
seed doc61: 5.60s ids=[7, 271, 7, 16, 8, 220, 16, 13]
seed doc62: 5.60s ids=[7, 7, 7, 7, 271, 2, 220, 16]
seed doc63: 5.60s ids=[7, 7, 7, 7, 7, 271, 2, 220]
seed doc64: 5.59s ids=[271, 248068, 198, 90700, 8340, 25, 271, 16]
seed doc65: 5.60s ids=[7, 7, 7, 7, 7, 7, 271, 2]
seed doc66: 5.60s ids=[7, 7, 7, 271, 2, 220, 16, 24]
seed doc67: 5.60s ids=[7, 271, 248068, 198, 90700, 8340, 25, 271]
seed doc68: 5.60s ids=[271, 248068, 198, 90700, 8340, 25, 271, 16]
seed doc69: 5.60s ids=[7, 7, 7, 7, 7, 271, 2, 220]
seed doc70: 5.60s ids=[7, 7, 7, 7, 7, 7, 7, 7]
seed doc71: 5.61s ids=[7, 7, 7, 7, 7, 7, 271, 2]
seed doc72: 5.59s ids=[271, 2, 220, 16, 13, 27416, 271, 1919]
seed doc73: 5.62s ids=[7, 7, 7, 271, 2, 220, 16, 13]
seed doc74: 5.60s ids=[7, 7, 7, 271, 2, 220, 17, 15]
seed doc75: 5.60s ids=[271, 2, 220, 17, 15, 16, 24, 220]
seed doc76: 5.59s ids=[7, 7, 7, 7, 7, 7, 318, 318]
seed doc77: 5.60s ids=[7, 7, 7, 271, 248069, 271, 109430, 6115]
seed doc78: 5.62s ids=[7, 7, 7, 271, 220, 318, 220, 318]
seed doc79: 5.60s ids=[248046, 198, 248045, 846, 198, 248045, 198, 248046]
spill status: {'pool_blocks': 6, 'l3_enabled': 1, 'spill_launched': 187, 'peer_held': 5024, 'backoffs': 109, 'pool_used': 0, 'pool_cap': 96}
[l3:spill] peer_held=5024 launched=187 backoffs=109 PASS
revisit doc4: 3.13s ids=[7, 7, 7, 7, 7, 7, 7, 7] match ext_delta=32768 RESTORED
revisit doc5: 3.11s ids=[7, 7, 7, 271, 2, 220, 16, 24] match ext_delta=32768 RESTORED
revisit doc6: 3.12s ids=[7, 7, 7, 7, 318, 318, 318, 318] div@4 ext_delta=32768 RESTORED
revisit doc7: 3.11s ids=[7, 7, 7, 7, 7, 7, 7, 7] div@5 ext_delta=32768 RESTORED
revisit doc8: 3.11s ids=[7, 7, 7, 7, 7, 7, 7, 7] div@4 ext_delta=32768 RESTORED
revisit doc9: 3.12s ids=[7, 7, 7, 7, 7, 271, 2, 220] match ext_delta=32768 RESTORED
revisit doc10: 3.13s ids=[7, 7, 7, 7, 271, 2, 220, 16] div@4 ext_delta=32768 RESTORED
revisit doc11: 3.11s ids=[7, 7, 7, 7, 7, 271, 2, 220] match ext_delta=32768 RESTORED
[l3:restore] 8/8 revisits restored (need >= 6, total delta 262144) PASS
[l3:early-divergence] 0/8 restored diverged within the first 4 ids (any-position divergence: 4/8, informational) PASS
l3 summary: {"l3-enabled": true, "spill": true, "restore": true, "early-divergence": true}
RESULT: PASS (L3 spill to the decode host's DRAM and registry restore verified)

