Waiting for prefill up (http://j-4a12f2c0-763c-4e3c-8d2a-prefill-0-0.j-4a12f2c0-763c-4e3c-8d2a:8000/health, up to 5400s)
prefill is up (840s)
Waiting for decode up (http://j-4a12f2c0-763c-4e3c-8d2a-decode-0-0.j-4a12f2c0-763c-4e3c-8d2a:7200/health, up to 5400s)
decode is up (0s)
Waiting for proxy up (http://j-4a12f2c0-763c-4e3c-8d2a-prefill-0-0.j-4a12f2c0-763c-4e3c-8d2a:10000/healthcheck, up to 600s)
proxy is up (0s)
Waiting for engine readiness (first compile, up to 60 min)...
Engines are ready.
status: {'pool_blocks': 6, 'l3_enabled': 1, 'spill_launched': 0, 'peer_held': 0, 'backoffs': 0}
pool=6 blocks -> seeding 80 docs (watermark 0.75, margin 8, HBM floor 80)
seed doc0: 6.11s ids=[7, 7, 7, 7, 271, 2, 220, 16]
seed doc1: 5.65s ids=[7, 7, 7, 7, 7, 271, 2, 220]
seed doc2: 5.66s ids=[271, 2, 220, 16, 24, 24, 23, 220]
seed doc3: 5.65s ids=[7, 7, 7, 7, 7, 271, 2, 220]
seed doc4: 5.65s ids=[7, 7, 7, 7, 7, 318, 318, 318]
seed doc5: 5.64s ids=[7, 7, 7, 271, 2, 220, 16, 24]
seed doc6: 5.65s ids=[7, 7, 7, 7, 7, 271, 2, 220]
seed doc7: 5.67s ids=[7, 7, 7, 7, 7, 7, 7, 7]
seed doc8: 5.62s ids=[7, 7, 7, 7, 7, 7, 7, 7]
seed doc9: 5.62s ids=[7, 7, 7, 7, 7, 271, 2, 220]
seed doc10: 5.63s ids=[7, 7, 7, 7, 271, 2, 220, 16]
seed doc11: 5.62s ids=[7, 7, 7, 7, 7, 271, 2, 220]
seed doc12: 5.62s ids=[7, 7, 7, 7, 271, 2, 220, 16]
seed doc13: 5.61s ids=[7, 7, 7, 7, 318, 318, 318, 318]
seed doc14: 5.61s ids=[7, 7, 7, 7, 271, 2, 220, 16]
seed doc15: 5.63s ids=[7, 7, 7, 7, 271, 2, 220, 16]
seed doc16: 5.60s ids=[7, 7, 7, 7, 271, 2, 220, 16]
seed doc17: 5.61s ids=[7, 271, 2, 220, 16, 13, 27416, 271]
seed doc18: 5.62s ids=[7, 7, 7, 7, 7, 271, 2, 220]
seed doc19: 5.61s ids=[271, 2, 220, 16, 24, 24, 22, 271]
seed doc20: 5.60s ids=[7, 7, 7, 7, 7, 7, 7, 7]
seed doc21: 5.62s ids=[7, 7, 7, 7, 271, 2, 220, 16]
seed doc22: 5.61s ids=[7, 7, 7, 7, 7, 271, 2, 220]
seed doc23: 5.61s ids=[7, 7, 7, 7, 7, 7, 7, 7]
seed doc24: 5.63s ids=[271, 248068, 271, 90700, 8340, 25, 271, 16]
seed doc25: 5.61s ids=[198, 7, 198, 7, 198, 7, 198, 7]
seed doc26: 5.61s ids=[271, 760, 1156, 369, 9859, 364, 264, 11346]
seed doc27: 5.62s ids=[7, 7, 271, 2, 220, 16, 24, 23]
seed doc28: 5.63s ids=[248046, 198, 248045, 846, 198, 1, 5328, 1438]
seed doc29: 5.61s ids=[271, 2, 220, 16, 13, 27416, 271, 1919]
seed doc30: 5.61s ids=[271, 2, 220, 16, 13, 27416, 271, 1919]
seed doc31: 5.62s ids=[7, 7, 7, 7, 271, 2, 220, 16]
seed doc32: 5.61s ids=[248046, 198, 248045, 846, 198, 1, 5328, 1438]
seed doc33: 5.63s ids=[271, 2, 220, 16, 13, 27416, 271, 1919]
seed doc34: 5.61s ids=[271, 760, 2614, 369, 264, 1103, 314, 279]
seed doc35: 5.63s ids=[7, 7, 7, 271, 2, 220, 16, 24]
seed doc36: 5.60s ids=[7, 7, 7, 7, 7, 7, 7, 7]
seed doc37: 5.62s ids=[271, 2, 220, 16, 13, 27416, 271, 1919]
seed doc38: 5.61s ids=[7, 7, 7, 318, 318, 318, 318, 318]
seed doc39: 5.62s ids=[7, 7, 7, 271, 2, 220, 16, 24]
seed doc40: 5.61s ids=[271, 7, 271, 7, 271, 7, 271, 7]
seed doc41: 5.62s ids=[271, 2, 220, 16, 24, 23, 23, 271]
seed doc42: 5.61s ids=[248046, 198, 248045, 846, 198, 1, 18727, 55986]
seed doc43: 5.61s ids=[271, 248046, 198, 248045, 846, 198, 248045, 846]
seed doc44: 5.61s ids=[7, 7, 248046, 198, 248045, 846, 198, 1]
seed doc45: 5.61s ids=[271, 760, 2614, 369, 264, 1103, 314, 279]
seed doc46: 5.61s ids=[7, 271, 760, 2614, 369, 264, 1103, 314]
seed doc47: 5.63s ids=[248046, 198, 248045, 846, 198, 1, 5328, 1438]
seed doc48: 5.61s ids=[7, 7, 7, 7, 7, 7, 7, 7]
seed doc49: 5.61s ids=[7, 7, 7, 7, 7, 318, 318, 318]
seed doc50: 5.61s ids=[271, 2, 220, 16, 13, 27416, 271, 1919]
seed doc51: 5.61s ids=[271, 151, 109, 151, 117, 151, 116, 151]
seed doc52: 5.61s ids=[248046, 198, 248045, 846, 198, 1, 5328, 1438]
seed doc53: 5.61s ids=[248046, 198, 248045, 846, 198, 1, 198, 1]
seed doc54: 5.61s ids=[271, 2, 220, 17, 15, 16, 24, 220]
seed doc55: 5.62s ids=[7, 7, 248046, 198, 248045, 846, 198, 40]
seed doc56: 5.62s ids=[7, 7, 271, 7, 198, 7, 198, 7]
seed doc57: 5.61s ids=[7, 7, 7, 7, 7, 271, 2, 220]
seed doc58: 5.60s ids=[7, 7, 7, 271, 2, 220, 16, 13]
seed doc59: 5.62s ids=[7, 271, 248068, 198, 90700, 8340, 25, 271]
seed doc60: 5.61s ids=[7, 7, 7, 7, 271, 2, 220, 16]
seed doc61: 5.61s ids=[271, 7, 271, 7, 271, 7, 271, 7]
seed doc62: 5.61s ids=[7, 7, 7, 7, 7, 271, 2, 220]
seed doc63: 5.62s ids=[271, 2, 220, 16, 13, 27416, 271, 1919]
seed doc64: 5.61s ids=[271, 7, 16, 8, 220, 98296, 4960, 96005]
seed doc65: 5.62s ids=[7, 7, 7, 7, 7, 271, 2, 220]
seed doc66: 5.63s ids=[271, 2, 220, 16, 24, 24, 22, 271]
seed doc67: 5.61s ids=[7, 271, 248068, 198, 90700, 8340, 25, 271]
seed doc68: 5.60s ids=[271, 248068, 198, 90700, 8340, 25, 271, 16]
seed doc69: 5.61s ids=[7, 7, 7, 7, 7, 271, 2, 220]
seed doc70: 5.61s ids=[7, 7, 7, 7, 7, 7, 7, 7]
seed doc71: 5.62s ids=[7, 7, 7, 7, 271, 2, 220, 16]
seed doc72: 5.61s ids=[271, 2, 220, 16, 13, 27416, 271, 1919]
seed doc73: 5.62s ids=[7, 7, 271, 2, 220, 16, 13, 27416]
seed doc74: 5.60s ids=[7, 7, 7, 7, 271, 2, 220, 17]
seed doc75: 5.60s ids=[271, 2, 220, 17, 15, 16, 23, 220]
seed doc76: 5.61s ids=[7, 7, 7, 7, 7, 7, 318, 318]
seed doc77: 5.61s ids=[7, 7, 7, 7, 7, 7, 248046, 198]
seed doc78: 5.62s ids=[271, 220, 220, 16, 13, 220, 220, 16]
seed doc79: 5.63s ids=[248046, 198, 248045, 846, 198, 248045, 846, 198]
spill status: {'pool_blocks': 6, 'l3_enabled': 1, 'spill_launched': 88, 'peer_held': 2368, 'backoffs': 15}
[l3:spill] peer_held=2368 launched=88 backoffs=15 PASS
revisit doc4: 5.62s ids=[7, 7, 7, 7, 7, 318, 318, 318] match ext_delta=0 recomputed
revisit doc5: 5.62s ids=[7, 7, 7, 271, 2, 220, 16, 24] match ext_delta=0 recomputed
revisit doc6: 3.18s ids=[7, 7, 7, 7, 7, 271, 2, 220] match ext_delta=32768 RESTORED
revisit doc7: 5.61s ids=[7, 7, 7, 7, 7, 7, 7, 271] DIVERGED ext_delta=0 recomputed
revisit doc8: 5.61s ids=[7, 7, 7, 7, 7, 271, 2, 220] DIVERGED ext_delta=0 recomputed
revisit doc9: 5.60s ids=[7, 7, 7, 7, 7, 7, 7, 318] DIVERGED ext_delta=0 recomputed
revisit doc10: 5.60s ids=[7, 7, 7, 7, 7, 7, 271, 2] DIVERGED ext_delta=0 recomputed
revisit doc11: 5.61s ids=[7, 7, 7, 7, 7, 271, 2, 220] match ext_delta=0 recomputed
[l3:restore] 1/8 revisits restored (need >= 6, total delta 32768) FAIL
[l3:early-divergence] 0/1 restored diverged (recomputed baseline: 4/7) PASS
l3 summary: {"l3-enabled": true, "spill": true, "restore": false, "early-divergence": true}
RESULT: FAIL (see gates above)

