===== Syncing dependencies to pyproject.toml =====
Using Python 3.12.13 environment at: /usr/local
Resolved 121 packages in 698ms
Downloading nvidia-cuda-cupti (10.2MiB)
Downloading nvidia-nvjitlink (38.9MiB)
Downloading nvidia-cuda-nvrtc (86.0MiB)
Downloading nvidia-cusparse (139.2MiB)
Downloading nvidia-cufile (1.2MiB)
Downloading nvidia-nvshmem-cu13 (57.6MiB)
Downloading nvidia-cuda-runtime (2.1MiB)
Downloading nvidia-cusolver (191.6MiB)
Downloading nvidia-nccl-cu13 (196.4MiB)
Downloading libtpu (205.6MiB)
Downloading nvidia-cusparselt-cu13 (162.3MiB)
Downloading nvidia-cufft (204.2MiB)
Downloading nvidia-cudnn-cu13 (349.2MiB)
Downloading nvidia-cublas (403.5MiB)
Downloading torch (502.2MiB)
Downloading nvidia-curand (56.8MiB)
Downloading jaxlib (81.5MiB)
Downloading jax (3.1MiB)
Downloading torchvision (7.3MiB)
 Downloaded nvidia-cufile
 Downloaded nvidia-cuda-runtime
 Downloaded jax
 Downloaded torchvision
 Downloaded nvidia-cuda-cupti
 Downloaded nvidia-nvjitlink
 Downloaded nvidia-curand
 Downloaded nvidia-nvshmem-cu13
 Downloaded jaxlib
 Downloaded nvidia-cuda-nvrtc
 Downloaded nvidia-cusparse
