Waiting for prefill up (http://j-005d5998-5d23-4ea3-b899-prefill-0-0.j-005d5998-5d23-4ea3-b899:8000/health, up to 5400s)
prefill is up (930s)
Waiting for decode up (http://j-005d5998-5d23-4ea3-b899-decode-0-0.j-005d5998-5d23-4ea3-b899:7200/health, up to 5400s)
decode is up (0s)
Waiting for proxy up (http://j-005d5998-5d23-4ea3-b899-prefill-0-0.j-005d5998-5d23-4ea3-b899:10000/healthcheck, up to 600s)
proxy is up (0s)
Waiting for engine readiness (first compile, up to 60 min)...
Engines are ready.
l3 check: BASELINE=False, expecting l3_enabled=True
status: {'pool_blocks': 6, 'l3_enabled': 1, 'spill_launched': 0, 'peer_held': 0, 'backoffs': 0}
pool=6 blocks -> seeding 80 docs (watermark 0.75, margin 8, HBM floor 80)
seed doc0: 6.17s ids=[7, 7, 7, 7, 271, 2, 220, 16]
seed doc1: 5.66s ids=[7, 7, 7, 7, 7, 271, 2, 220]
seed doc2: 5.65s ids=[271, 2, 220, 16, 24, 24, 23, 220]
seed doc3: 5.64s ids=[7, 7, 7, 7, 7, 271, 2, 220]
seed doc4: 5.64s ids=[7, 7, 7, 7, 7, 318, 318, 318]
seed doc5: 5.64s ids=[7, 7, 7, 271, 2, 220, 16, 24]
seed doc6: 5.65s ids=[7, 7, 7, 7, 7, 271, 2, 220]
seed doc7: 5.65s ids=[7, 7, 7, 7, 7, 7, 7, 7]
seed doc8: 5.63s ids=[7, 7, 7, 7, 7, 7, 7, 7]
seed doc9: 5.62s ids=[7, 7, 7, 7, 7, 271, 2, 220]
seed doc10: 5.64s ids=[7, 7, 7, 7, 271, 2, 220, 16]
seed doc11: 5.61s ids=[7, 7, 7, 7, 7, 271, 2, 220]
seed doc12: 5.61s ids=[7, 7, 7, 7, 271, 2, 220, 16]
seed doc13: 5.61s ids=[7, 7, 7, 7, 318, 318, 318, 318]
seed doc14: 5.67s ids=[7, 7, 7, 7, 271, 2, 220, 16]
seed doc15: 5.66s ids=[7, 7, 7, 7, 271, 2, 220, 16]
pace: doc16 target 512 not reached (peer_held=480, timeout #1)
seed doc16: 5.69s ids=[7, 7, 7, 7, 271, 2, 220, 16]
pace: doc17 target 576 not reached (peer_held=512, timeout #2)
seed doc17: 5.69s ids=[7, 271, 2, 220, 16, 13, 27416, 271]
pace: doc18 target 640 not reached (peer_held=544, timeout #3)
pace: halving per-doc target to 32
seed doc18: 5.63s ids=[7, 7, 7, 7, 7, 271, 2, 220]
seed doc19: 5.60s ids=[271, 2, 220, 16, 24, 24, 22, 271]
seed doc20: 5.63s ids=[7, 7, 7, 7, 7, 7, 7, 7]
seed doc21: 5.60s ids=[7, 7, 7, 7, 271, 2, 220, 16]
seed doc22: 5.61s ids=[7, 7, 7, 7, 7, 271, 2, 220]
seed doc23: 5.61s ids=[7, 7, 7, 7, 7, 7, 7, 271]
seed doc24: 5.63s ids=[271, 248068, 271, 90700, 8340, 25, 271, 16]
seed doc25: 5.61s ids=[198, 7, 198, 7, 198, 7, 198, 7]
seed doc26: 5.61s ids=[271, 7, 271, 7, 271, 7, 271, 7]
seed doc27: 5.61s ids=[271, 760, 2614, 369, 264, 1103, 314, 279]
seed doc28: 5.65s ids=[248046, 198, 248045, 846, 198, 1, 5328, 1438]
seed doc29: 5.61s ids=[271, 2, 220, 16, 13, 27416, 271, 1919]
seed doc30: 5.62s ids=[271, 2, 220, 16, 13, 27416, 271, 1919]
seed doc31: 5.61s ids=[7, 7, 7, 7, 7, 7, 248046, 198]
seed doc32: 5.61s ids=[318, 318, 318, 318, 318, 318, 318, 318]
seed doc33: 5.60s ids=[271, 2, 220, 16, 13, 27416, 271, 1919]
seed doc34: 5.61s ids=[271, 760, 2614, 369, 264, 1103, 314, 279]
seed doc35: 5.60s ids=[7, 7, 7, 7, 271, 2, 220, 16]
seed doc36: 5.63s ids=[7, 7, 7, 7, 7, 271, 2, 220]
seed doc37: 5.61s ids=[271, 2, 220, 16, 13, 27416, 271, 1919]
seed doc38: 5.61s ids=[271, 2, 220, 16, 24, 24, 22, 271]
seed doc39: 5.61s ids=[7, 7, 7, 271, 2, 220, 16, 24]
seed doc40: 5.61s ids=[271, 7, 271, 7, 271, 7, 271, 7]
seed doc41: 5.61s ids=[7, 7, 271, 2, 220, 16, 24, 23]
seed doc42: 5.61s ids=[248046, 198, 248045, 846, 198, 1, 18727, 55986]
seed doc43: 5.60s ids=[248046, 198, 248045, 846, 198, 248045, 74455, 198]
seed doc44: 5.61s ids=[7, 7, 271, 760, 2614, 369, 264, 1103]
seed doc45: 5.61s ids=[271, 760, 2614, 369, 264, 1103, 314, 279]
seed doc46: 5.61s ids=[7, 271, 2, 220, 16, 13, 27416, 271]
seed doc47: 5.61s ids=[7, 7, 7, 271, 2, 220, 16, 24]
seed doc48: 5.62s ids=[7, 7, 7, 7, 7, 7, 7, 7]
seed doc49: 5.61s ids=[7, 7, 7, 7, 7, 318, 318, 318]
seed doc50: 5.62s ids=[271, 2, 220, 16, 13, 27416, 271, 1919]
seed doc51: 5.61s ids=[271, 151, 109, 151, 117, 151, 116, 151]
seed doc52: 5.63s ids=[248046, 198, 248045, 846, 198, 1, 5328, 1438]
seed doc53: 5.62s ids=[248046, 198, 248045, 846, 198, 1, 5328, 1438]
seed doc54: 5.61s ids=[248046, 198, 248045, 846, 198, 40, 599, 264]
seed doc55: 5.62s ids=[7, 7, 7, 248046, 198, 248045, 846, 198]
seed doc56: 5.61s ids=[7, 7, 271, 7, 198, 7, 198, 7]
seed doc57: 5.60s ids=[7, 7, 7, 7, 7, 271, 2, 220]
seed doc58: 5.61s ids=[7, 7, 7, 271, 2, 220, 16, 13]
seed doc59: 5.61s ids=[271, 7, 248046, 198, 248045, 846, 198, 248045]
seed doc60: 5.63s ids=[7, 7, 7, 7, 271, 2, 220, 16]
seed doc61: 5.61s ids=[7, 271, 7, 271, 7, 271, 7, 271]
seed doc62: 5.61s ids=[7, 7, 7, 271, 2, 220, 16, 24]
seed doc63: 5.62s ids=[7, 7, 7, 7, 7, 271, 2, 220]
seed doc64: 5.61s ids=[271, 7, 16, 8, 220, 98296, 4960, 96005]
seed doc65: 5.60s ids=[7, 7, 7, 7, 271, 2, 220, 16]
seed doc66: 5.61s ids=[7, 7, 7, 271, 2, 220, 16, 24]
seed doc67: 5.60s ids=[7, 271, 248068, 198, 90700, 8340, 25, 271]
seed doc68: 5.63s ids=[271, 248068, 198, 90700, 8340, 25, 271, 16]
seed doc69: 5.61s ids=[7, 7, 7, 7, 7, 271, 2, 220]
seed doc70: 5.61s ids=[7, 7, 7, 7, 271, 760, 1156, 682]
seed doc71: 5.61s ids=[7, 7, 7, 7, 7, 7, 7, 7]
seed doc72: 5.62s ids=[271, 2, 220, 16, 13, 27416, 271, 1919]
seed doc73: 5.61s ids=[7, 7, 271, 2, 220, 16, 13, 27416]
seed doc74: 5.61s ids=[7, 7, 7, 7, 271, 2, 220, 16]
seed doc75: 5.60s ids=[271, 2, 220, 17, 15, 16, 23, 220]
seed doc76: 5.62s ids=[7, 7, 7, 7, 7, 318, 318, 318]
seed doc77: 5.61s ids=[7, 7, 7, 7, 7, 7, 7, 7]
seed doc78: 5.63s ids=[7, 7, 271, 220, 318, 220, 318, 220]
seed doc79: 5.61s ids=[248046, 198, 248045, 846, 198, 248045, 198, 248046]
spill status: {'pool_blocks': 6, 'l3_enabled': 1, 'spill_launched': 94, 'peer_held': 2464, 'backoffs': 19}
[l3:spill] peer_held=2464 launched=94 backoffs=19 PASS
revisit doc4: 5.61s ids=[7, 7, 7, 7, 7, 7, 7, 318] DIVERGED ext_delta=0 recomputed
revisit doc5: 5.61s ids=[7, 7, 7, 271, 2, 220, 16, 24] match ext_delta=0 recomputed
revisit doc6: 5.61s ids=[7, 7, 7, 7, 318, 318, 318, 318] DIVERGED ext_delta=0 recomputed
revisit doc7: 5.60s ids=[7, 7, 7, 7, 7, 7, 7, 7] match ext_delta=0 recomputed
revisit doc8: 5.62s ids=[7, 7, 7, 7, 271, 2, 220, 16] DIVERGED ext_delta=0 recomputed
revisit doc9: 5.60s ids=[7, 7, 7, 7, 7, 271, 2, 220] match ext_delta=0 recomputed
revisit doc10: 5.61s ids=[7, 7, 7, 7, 271, 2, 220, 16] match ext_delta=0 recomputed
revisit doc11: 5.60s ids=[7, 7, 7, 7, 7, 271, 2, 220] match ext_delta=0 recomputed
[l3:restore] 0/8 revisits restored (need >= 6, total delta 0) FAIL
[l3:early-divergence] no restored docs to judge (restore gate carries the failure)
l3 summary: {"l3-enabled": true, "spill": true, "restore": false, "early-divergence": true}
RESULT: FAIL (see gates above)

