Waiting for prefill-a up (http://j-7ffc977e-1f14-4b6a-a890-prefill-a-0-0.j-7ffc977e-1f14-4b6a-a890:8000/health, up to 5400s)
prefill-a is up (665s)
Waiting for decode-a up (http://j-7ffc977e-1f14-4b6a-a890-decode-a-0-0.j-7ffc977e-1f14-4b6a-a890:7200/health, up to 5400s)
decode-a is up (0s)
Waiting for proxy-a up (http://j-7ffc977e-1f14-4b6a-a890-prefill-a-0-0.j-7ffc977e-1f14-4b6a-a890:10000/healthcheck, up to 600s)
proxy-a is up (0s)
Waiting for prefill-b up (http://j-7ffc977e-1f14-4b6a-a890-prefill-b-0-0.j-7ffc977e-1f14-4b6a-a890:8000/health, up to 5400s)
prefill-b is up (0s)
Waiting for decode-b up (http://j-7ffc977e-1f14-4b6a-a890-decode-b-0-0.j-7ffc977e-1f14-4b6a-a890:7200/health, up to 5400s)
decode-b is up (0s)
Waiting for proxy-b up (http://j-7ffc977e-1f14-4b6a-a890-prefill-b-0-0.j-7ffc977e-1f14-4b6a-a890:10000/healthcheck, up to 600s)
proxy-b is up (0s)
Waiting for stack-A engine readiness (first compile, up to 60 min)...
stack-A engines are ready.
Waiting for stack-B engine readiness (first compile, up to 60 min)...
stack-B engines are ready.
=== stage 1: cross-stack KA (65600 tokens) ===
ka: A=[89, 89, 89, 89, 89, 89, 89, 89] B=[89, 89, 89, 89, 89, 89, 89, 89] identical=True b_prefill_ext_hits=65536.0
=== stage 2: seeding 48 docs via stack A ===
waiting 15s for saves to commit and publish
=== cross-revisit: same 48 docs via stack B ===
[xrevisit] doc0 ttft=0.621s prefill=0.351s ext_hit=65536/65599
[xrevisit] doc1 ttft=0.727s prefill=0.456s ext_hit=65536/65599
[xrevisit] doc2 ttft=0.600s prefill=0.350s ext_hit=65536/65599
[xrevisit] doc3 ttft=0.596s prefill=0.350s ext_hit=65536/65599
[xrevisit] doc4 ttft=0.588s prefill=0.350s ext_hit=65536/65599
[xrevisit] doc5 ttft=0.602s prefill=0.349s ext_hit=65536/65599
[xrevisit] doc6 ttft=0.608s prefill=0.351s ext_hit=65536/65599
[xrevisit] doc7 ttft=0.594s prefill=0.350s ext_hit=65536/65599
[xrevisit] doc8 ttft=0.607s prefill=0.350s ext_hit=65536/65599
[xrevisit] doc9 ttft=0.590s prefill=0.351s ext_hit=65536/65599
[xrevisit] doc10 ttft=0.583s prefill=0.349s ext_hit=65536/65599
[xrevisit] doc11 ttft=0.601s prefill=0.349s ext_hit=65536/65599
[xrevisit] doc12 ttft=0.593s prefill=0.348s ext_hit=65536/65599
[xrevisit] doc13 ttft=0.582s prefill=0.350s ext_hit=65536/65599
[xrevisit] doc14 ttft=0.580s prefill=0.349s ext_hit=65536/65599
[xrevisit] doc15 ttft=0.590s prefill=0.351s ext_hit=65536/65599
[xrevisit] doc16 ttft=0.580s prefill=0.349s ext_hit=65536/65599
[xrevisit] doc17 ttft=0.591s prefill=0.349s ext_hit=65536/65599
[xrevisit] doc18 ttft=0.597s prefill=0.350s ext_hit=65536/65599
[xrevisit] doc19 ttft=0.580s prefill=0.349s ext_hit=65536/65599
[xrevisit] doc20 ttft=0.593s prefill=0.349s ext_hit=65536/65599
[xrevisit] doc21 ttft=0.581s prefill=0.350s ext_hit=65536/65599
[xrevisit] doc22 ttft=0.593s prefill=0.348s ext_hit=65536/65599
[xrevisit] doc23 ttft=0.589s prefill=0.349s ext_hit=65536/65599
[xrevisit] doc24 ttft=0.591s prefill=0.350s ext_hit=65536/65599
[xrevisit] doc25 ttft=0.593s prefill=0.349s ext_hit=65536/65599
[xrevisit] doc26 ttft=0.576s prefill=0.349s ext_hit=65536/65599
[xrevisit] doc27 ttft=0.607s prefill=0.349s ext_hit=65536/65599
[xrevisit] doc28 ttft=0.589s prefill=0.349s ext_hit=65536/65599
[xrevisit] doc29 ttft=0.580s prefill=0.350s ext_hit=65536/65599
[xrevisit] doc30 ttft=0.579s prefill=0.349s ext_hit=65536/65599
[xrevisit] doc31 ttft=0.584s prefill=0.350s ext_hit=65536/65599
[xrevisit] doc32 ttft=0.605s prefill=0.350s ext_hit=65536/65599
[xrevisit] doc33 ttft=0.585s prefill=0.349s ext_hit=65536/65599
[xrevisit] doc34 ttft=0.603s prefill=0.349s ext_hit=65536/65599
[xrevisit] doc35 ttft=0.602s prefill=0.350s ext_hit=65536/65599
[xrevisit] doc36 ttft=0.610s prefill=0.350s ext_hit=65536/65599
[xrevisit] doc37 ttft=0.592s prefill=0.349s ext_hit=65536/65599
[xrevisit] doc38 ttft=0.597s prefill=0.350s ext_hit=65536/65599
[xrevisit] doc39 ttft=0.601s prefill=0.349s ext_hit=65536/65599
[xrevisit] doc40 ttft=0.579s prefill=0.350s ext_hit=65536/65599
[xrevisit] doc41 ttft=0.585s prefill=0.350s ext_hit=65536/65599
[xrevisit] doc42 ttft=0.585s prefill=0.349s ext_hit=65536/65599
[xrevisit] doc43 ttft=0.586s prefill=0.350s ext_hit=65536/65599
[xrevisit] doc44 ttft=0.587s prefill=0.348s ext_hit=65536/65599
[xrevisit] doc45 ttft=0.603s prefill=0.350s ext_hit=65536/65599
[xrevisit] doc46 ttft=0.593s prefill=0.348s ext_hit=65536/65599
[xrevisit] doc47 ttft=0.587s prefill=0.350s ext_hit=65536/65599
[xrevisit:summary] reqs=48 ttft_p50=0.592s prefill_avg=0.352s ext_hit_pct=99.9
=== cold baseline: 48 fresh docs via stack B ===
[cold] doc0 ttft=5.805s prefill=5.798s ext_hit=0/65599
[cold] doc1 ttft=5.795s prefill=5.788s ext_hit=0/65599
[cold] doc2 ttft=5.809s prefill=5.802s ext_hit=0/65599
[cold] doc3 ttft=5.774s prefill=5.768s ext_hit=0/65599
[cold] doc4 ttft=5.791s prefill=5.785s ext_hit=0/65599
[cold] doc5 ttft=5.776s prefill=5.769s ext_hit=0/65599
[cold] doc6 ttft=5.783s prefill=5.776s ext_hit=0/65599
[cold] doc7 ttft=5.773s prefill=5.766s ext_hit=0/65599
[cold] doc8 ttft=5.784s prefill=5.777s ext_hit=0/65599
[cold] doc9 ttft=5.791s prefill=5.784s ext_hit=0/65599
[cold] doc10 ttft=5.773s prefill=5.767s ext_hit=0/65599
[cold] doc11 ttft=5.788s prefill=5.782s ext_hit=0/65599
[cold] doc12 ttft=5.789s prefill=5.783s ext_hit=0/65599
[cold] doc13 ttft=5.765s prefill=5.759s ext_hit=0/65599
[cold] doc14 ttft=5.750s prefill=5.744s ext_hit=0/65599
[cold] doc15 ttft=5.763s prefill=5.756s ext_hit=0/65599
[cold] doc16 ttft=5.774s prefill=5.768s ext_hit=0/65599
[cold] doc17 ttft=5.763s prefill=5.757s ext_hit=0/65599
[cold] doc18 ttft=5.759s prefill=5.752s ext_hit=0/65599
[cold] doc19 ttft=5.755s prefill=5.748s ext_hit=0/65599
[cold] doc20 ttft=5.775s prefill=5.769s ext_hit=0/65599
[cold] doc21 ttft=5.791s prefill=5.785s ext_hit=0/65599
[cold] doc22 ttft=5.754s prefill=5.748s ext_hit=0/65599
[cold] doc23 ttft=5.757s prefill=5.750s ext_hit=0/65599
[cold] doc24 ttft=5.775s prefill=5.768s ext_hit=0/65599
[cold] doc25 ttft=5.774s prefill=5.767s ext_hit=0/65599
[cold] doc26 ttft=5.772s prefill=5.766s ext_hit=0/65599
[cold] doc27 ttft=5.768s prefill=5.761s ext_hit=0/65599
[cold] doc28 ttft=5.768s prefill=5.761s ext_hit=0/65599
[cold] doc29 ttft=5.751s prefill=5.745s ext_hit=0/65599
[cold] doc30 ttft=5.758s prefill=5.751s ext_hit=0/65599
[cold] doc31 ttft=5.759s prefill=5.752s ext_hit=0/65599
[cold] doc32 ttft=5.762s prefill=5.755s ext_hit=0/65599
[cold] doc33 ttft=5.768s prefill=5.762s ext_hit=0/65599
[cold] doc34 ttft=5.795s prefill=5.789s ext_hit=0/65599
[cold] doc35 ttft=5.767s prefill=5.760s ext_hit=0/65599
[cold] doc36 ttft=5.768s prefill=5.761s ext_hit=0/65599
[cold] doc37 ttft=5.765s prefill=5.759s ext_hit=0/65599
[cold] doc38 ttft=5.768s prefill=5.761s ext_hit=0/65599
[cold] doc39 ttft=5.761s prefill=5.754s ext_hit=0/65599
[cold] doc40 ttft=5.766s prefill=5.759s ext_hit=0/65599
[cold] doc41 ttft=5.766s prefill=5.760s ext_hit=0/65599
[cold] doc42 ttft=5.759s prefill=5.752s ext_hit=0/65599
[cold] doc43 ttft=5.755s prefill=5.748s ext_hit=0/65599
[cold] doc44 ttft=5.770s prefill=5.762s ext_hit=0/65599
[cold] doc45 ttft=5.767s prefill=5.761s ext_hit=0/65599
[cold] doc46 ttft=5.751s prefill=5.744s ext_hit=0/65599
[cold] doc47 ttft=5.756s prefill=5.750s ext_hit=0/65599
[cold:summary] reqs=48 ttft_p50=5.768s prefill_avg=5.764s ext_hit_pct=0.0
[gpc:ab] revisit_prefill_avg=0.352s cold_prefill_avg=5.764s ttft_p50_ratio=0.10
RESULT: PASS (cross-stack KA equivalent with 65536 external hits; cross-revisit ext_hit_pct=99.9 vs cold 0.0; prefill 0.352s vs 5.764s cold)

