===== Syncing dependencies to pyproject.toml =====
Using Python 3.12.13 environment at: /usr/local
Resolved 102 packages in 508ms
Downloading jaxlib (81.5MiB)
Downloading libtpu (205.5MiB)
Downloading jax (3.1MiB)
 Downloaded jax
 Downloaded jaxlib
 Downloaded libtpu
Prepared 3 packages in 2.34s
Uninstalled 3 packages in 294ms
Installed 3 packages in 18ms
 - jax==0.10.0
 + jax==0.10.2
 - jaxlib==0.10.0
 + jaxlib==0.10.2
 - libtpu==0.0.40
 + libtpu==0.0.43
Using Python 3.12.13 environment at: /usr/local
Resolved 1 package in 4ms
Prepared 1 package in 603ms
Uninstalled 1 package in 79ms
Installed 1 package in 2ms
 - torch-tpu==0.1.1 (from file:///artifact-source/opt/wheels/torch_tpu-0.1.1-cp312-cp312-manylinux_2_31_x86_64.whl)
 + torch-tpu==0.1.1.dev20260728090214 (from file:///root/wheels/torch_tpu-0.1.1.dev20260728090214-cp312-cp312-manylinux_2_31_x86_64.whl)
Using Python 3.12.13 environment at: /usr/local
Resolved 1 package in 4ms
Prepared 1 package in 240ms
Installed 1 package in 2ms
 + tpu-raiden-torch==0.0.1.dev20260802184028 (from file:///root/wheels/tpu_raiden_torch-0.0.1.dev20260802184028-1_raiden_controller_4809f6a-cp312-cp312-manylinux_2_31_x86_64.whl)
Traceback (most recent call last):
  File "<string>", line 1, in <module>
ModuleNotFoundError: No module named 'tpu_raiden.api.torch.kv_cache_store'
RESULT: FAIL (V2 preflight)

