Waiting for prefill-a up (http://j-7c9751dc-8bba-407b-a689-prefill-a-0-0.j-7c9751dc-8bba-407b-a689:8000/health, up to 5400s)
prefill-a is up (970s)
Waiting for decode-a up (http://j-7c9751dc-8bba-407b-a689-decode-a-0-0.j-7c9751dc-8bba-407b-a689:7200/health, up to 5400s)
decode-a is up (0s)
Waiting for proxy-a up (http://j-7c9751dc-8bba-407b-a689-prefill-a-0-0.j-7c9751dc-8bba-407b-a689:10000/healthcheck, up to 600s)
proxy-a is up (0s)
Waiting for prefill-b up (http://j-7c9751dc-8bba-407b-a689-prefill-b-0-0.j-7c9751dc-8bba-407b-a689:8000/health, up to 5400s)
prefill-b is up (0s)
Waiting for decode-b up (http://j-7c9751dc-8bba-407b-a689-decode-b-0-0.j-7c9751dc-8bba-407b-a689:7200/health, up to 5400s)
decode-b is up (0s)
Waiting for proxy-b up (http://j-7c9751dc-8bba-407b-a689-prefill-b-0-0.j-7c9751dc-8bba-407b-a689:10000/healthcheck, up to 600s)
proxy-b is up (0s)
Waiting for stack-A engine readiness (first compile, up to 60 min)...
stack-A engines are ready.
Waiting for stack-B engine readiness (first compile, up to 60 min)...
stack-B engines are ready.
=== stage 1: cross-stack KA (32832 tokens) ===
ka: A=[248319, 248319, 248319, 248319, 248319, 248319, 248319, 248319] B=[248319, 248319, 248319, 248319, 248319, 248319, 248319, 248319] identical=True b_prefill_ext_hits=32768.0
=== stage 2: seeding 48 docs via stack A ===
waiting 15s for saves to commit and publish
=== a-revisit (info only): same 48 docs via stack A ===
[arevisit] doc0 ttft=0.382s prefill=0.352s ext_hit=32768/32831
[arevisit] doc1 ttft=0.379s prefill=0.351s ext_hit=32768/32831
[arevisit] doc2 ttft=0.377s prefill=0.349s ext_hit=32768/32831
[arevisit] doc3 ttft=0.376s prefill=0.349s ext_hit=32768/32831
[arevisit] doc4 ttft=0.381s prefill=0.350s ext_hit=32768/32831
[arevisit] doc5 ttft=0.380s prefill=0.350s ext_hit=32768/32831
[arevisit] doc6 ttft=0.379s prefill=0.348s ext_hit=32768/32831
[arevisit] doc7 ttft=0.378s prefill=0.349s ext_hit=32768/32831
[arevisit] doc8 ttft=0.378s prefill=0.348s ext_hit=32768/32831
[arevisit] doc9 ttft=0.378s prefill=0.349s ext_hit=32768/32831
[arevisit] doc10 ttft=0.379s prefill=0.348s ext_hit=32768/32831
[arevisit] doc11 ttft=0.381s prefill=0.352s ext_hit=32768/32831
[arevisit] doc12 ttft=0.378s prefill=0.349s ext_hit=32768/32831
[arevisit] doc13 ttft=0.379s prefill=0.349s ext_hit=32768/32831
[arevisit] doc14 ttft=0.379s prefill=0.349s ext_hit=32768/32831
[arevisit] doc15 ttft=0.380s prefill=0.349s ext_hit=32768/32831
[arevisit] doc16 ttft=0.375s prefill=0.348s ext_hit=32768/32831
[arevisit] doc17 ttft=0.377s prefill=0.349s ext_hit=32768/32831
[arevisit] doc18 ttft=0.377s prefill=0.349s ext_hit=32768/32831
[arevisit] doc19 ttft=0.376s prefill=0.349s ext_hit=32768/32831
[arevisit] doc20 ttft=0.376s prefill=0.348s ext_hit=32768/32831
[arevisit] doc21 ttft=0.377s prefill=0.350s ext_hit=32768/32831
[arevisit] doc22 ttft=0.375s prefill=0.349s ext_hit=32768/32831
[arevisit] doc23 ttft=0.375s prefill=0.349s ext_hit=32768/32831
[arevisit] doc24 ttft=0.376s prefill=0.349s ext_hit=32768/32831
[arevisit] doc25 ttft=0.375s prefill=0.348s ext_hit=32768/32831
[arevisit] doc26 ttft=0.377s prefill=0.349s ext_hit=32768/32831
[arevisit] doc27 ttft=0.377s prefill=0.349s ext_hit=32768/32831
[arevisit] doc28 ttft=0.381s prefill=0.349s ext_hit=32768/32831
[arevisit] doc29 ttft=0.376s prefill=0.349s ext_hit=32768/32831
[arevisit] doc30 ttft=0.375s prefill=0.350s ext_hit=32768/32831
[arevisit] doc31 ttft=0.376s prefill=0.349s ext_hit=32768/32831
[arevisit] doc32 ttft=0.381s prefill=0.353s ext_hit=32768/32831
[arevisit] doc33 ttft=0.378s prefill=0.350s ext_hit=32768/32831
[arevisit] doc34 ttft=0.375s prefill=0.348s ext_hit=32768/32831
[arevisit] doc35 ttft=0.377s prefill=0.348s ext_hit=32768/32831
[arevisit] doc36 ttft=0.375s prefill=0.348s ext_hit=32768/32831
[arevisit] doc37 ttft=0.375s prefill=0.349s ext_hit=32768/32831
[arevisit] doc38 ttft=0.377s prefill=0.349s ext_hit=32768/32831
[arevisit] doc39 ttft=0.375s prefill=0.348s ext_hit=32768/32831
[arevisit] doc40 ttft=0.376s prefill=0.348s ext_hit=32768/32831
[arevisit] doc41 ttft=0.374s prefill=0.349s ext_hit=32768/32831
[arevisit] doc42 ttft=0.375s prefill=0.348s ext_hit=32768/32831
[arevisit] doc43 ttft=0.371s prefill=0.349s ext_hit=32768/32831
[arevisit] doc44 ttft=0.373s prefill=0.349s ext_hit=32768/32831
[arevisit] doc45 ttft=0.374s prefill=0.349s ext_hit=32768/32831
[arevisit] doc46 ttft=0.379s prefill=0.350s ext_hit=32768/32831
[arevisit] doc47 ttft=0.379s prefill=0.350s ext_hit=32768/32831
[arevisit:summary] reqs=48 ttft_p50=0.377s prefill_avg=0.349s ext_hit_pct=99.8
=== cross-revisit: same 48 docs via stack B ===
[xrevisit] doc0 ttft=0.538s prefill=0.352s ext_hit=32768/32831
[xrevisit] doc1 ttft=0.634s prefill=0.460s ext_hit=32768/32831
[xrevisit] doc2 ttft=0.534s prefill=0.351s ext_hit=32768/32831
[xrevisit] doc3 ttft=0.528s prefill=0.352s ext_hit=32768/32831
[xrevisit] doc4 ttft=0.533s prefill=0.350s ext_hit=32768/32831
[xrevisit] doc5 ttft=0.531s prefill=0.350s ext_hit=32768/32831
[xrevisit] doc6 ttft=0.524s prefill=0.350s ext_hit=32768/32831
[xrevisit] doc7 ttft=0.529s prefill=0.351s ext_hit=32768/32831
[xrevisit] doc8 ttft=0.522s prefill=0.350s ext_hit=32768/32831
[xrevisit] doc9 ttft=0.526s prefill=0.351s ext_hit=32768/32831
[xrevisit] doc10 ttft=0.533s prefill=0.350s ext_hit=32768/32831
[xrevisit] doc11 ttft=0.527s prefill=0.352s ext_hit=32768/32831
[xrevisit] doc12 ttft=0.528s prefill=0.350s ext_hit=32768/32831
[xrevisit] doc13 ttft=0.529s prefill=0.351s ext_hit=32768/32831
[xrevisit] doc14 ttft=0.528s prefill=0.349s ext_hit=32768/32831
[xrevisit] doc15 ttft=0.530s prefill=0.350s ext_hit=32768/32831
[xrevisit] doc16 ttft=0.530s prefill=0.350s ext_hit=32768/32831
[xrevisit] doc17 ttft=0.529s prefill=0.350s ext_hit=32768/32831
[xrevisit] doc18 ttft=0.526s prefill=0.350s ext_hit=32768/32831
[xrevisit] doc19 ttft=0.527s prefill=0.351s ext_hit=32768/32831
[xrevisit] doc20 ttft=0.530s prefill=0.350s ext_hit=32768/32831
[xrevisit] doc21 ttft=0.523s prefill=0.349s ext_hit=32768/32831
[xrevisit] doc22 ttft=0.530s prefill=0.350s ext_hit=32768/32831
[xrevisit] doc23 ttft=0.532s prefill=0.351s ext_hit=32768/32831
[xrevisit] doc24 ttft=0.532s prefill=0.351s ext_hit=32768/32831
[xrevisit] doc25 ttft=0.538s prefill=0.351s ext_hit=32768/32831
[xrevisit] doc26 ttft=0.534s prefill=0.351s ext_hit=32768/32831
[xrevisit] doc27 ttft=0.527s prefill=0.350s ext_hit=32768/32831
[xrevisit] doc28 ttft=0.533s prefill=0.350s ext_hit=32768/32831
[xrevisit] doc29 ttft=0.522s prefill=0.351s ext_hit=32768/32831
[xrevisit] doc30 ttft=0.528s prefill=0.351s ext_hit=32768/32831
[xrevisit] doc31 ttft=0.528s prefill=0.349s ext_hit=32768/32831
[xrevisit] doc32 ttft=0.518s prefill=0.350s ext_hit=32768/32831
[xrevisit] doc33 ttft=0.525s prefill=0.351s ext_hit=32768/32831
[xrevisit] doc34 ttft=0.522s prefill=0.350s ext_hit=32768/32831
[xrevisit] doc35 ttft=0.528s prefill=0.350s ext_hit=32768/32831
[xrevisit] doc36 ttft=0.535s prefill=0.350s ext_hit=32768/32831
[xrevisit] doc37 ttft=0.530s prefill=0.350s ext_hit=32768/32831
[xrevisit] doc38 ttft=0.527s prefill=0.350s ext_hit=32768/32831
[xrevisit] doc39 ttft=0.530s prefill=0.351s ext_hit=32768/32831
[xrevisit] doc40 ttft=0.534s prefill=0.354s ext_hit=32768/32831
[xrevisit] doc41 ttft=0.529s prefill=0.349s ext_hit=32768/32831
[xrevisit] doc42 ttft=0.527s prefill=0.351s ext_hit=32768/32831
[xrevisit] doc43 ttft=0.523s prefill=0.350s ext_hit=32768/32831
[xrevisit] doc44 ttft=0.530s prefill=0.351s ext_hit=32768/32831
[xrevisit] doc45 ttft=0.527s prefill=0.350s ext_hit=32768/32831
[xrevisit] doc46 ttft=0.529s prefill=0.355s ext_hit=32768/32831
[xrevisit] doc47 ttft=0.525s prefill=0.350s ext_hit=32768/32831
[xrevisit:summary] reqs=48 ttft_p50=0.529s prefill_avg=0.353s ext_hit_pct=99.8
=== cold baseline: 48 fresh docs via stack B ===
[cold] doc0 ttft=3.096s prefill=3.092s ext_hit=0/32831
[cold] doc1 ttft=3.092s prefill=3.088s ext_hit=0/32831
[cold] doc2 ttft=3.091s prefill=3.087s ext_hit=0/32831
[cold] doc3 ttft=3.095s prefill=3.091s ext_hit=0/32831
[cold] doc4 ttft=3.090s prefill=3.086s ext_hit=0/32831
[cold] doc5 ttft=3.097s prefill=3.093s ext_hit=0/32831
[cold] doc6 ttft=3.102s prefill=3.097s ext_hit=0/32831
[cold] doc7 ttft=3.093s prefill=3.088s ext_hit=0/32831
[cold] doc8 ttft=3.096s prefill=3.092s ext_hit=0/32831
[cold] doc9 ttft=3.097s prefill=3.093s ext_hit=0/32831
[cold] doc10 ttft=3.093s prefill=3.089s ext_hit=0/32831
[cold] doc11 ttft=3.093s prefill=3.089s ext_hit=0/32831
[cold] doc12 ttft=3.097s prefill=3.093s ext_hit=0/32831
[cold] doc13 ttft=3.092s prefill=3.088s ext_hit=0/32831
[cold] doc14 ttft=3.095s prefill=3.092s ext_hit=0/32831
[cold] doc15 ttft=3.093s prefill=3.089s ext_hit=0/32831
[cold] doc16 ttft=3.091s prefill=3.087s ext_hit=0/32831
[cold] doc17 ttft=3.093s prefill=3.089s ext_hit=0/32831
[cold] doc18 ttft=3.095s prefill=3.089s ext_hit=0/32831
[cold] doc19 ttft=3.087s prefill=3.083s ext_hit=0/32831
[cold] doc20 ttft=3.095s prefill=3.091s ext_hit=0/32831
[cold] doc21 ttft=3.094s prefill=3.090s ext_hit=0/32831
[cold] doc22 ttft=3.093s prefill=3.089s ext_hit=0/32831
[cold] doc23 ttft=3.098s prefill=3.094s ext_hit=0/32831
[cold] doc24 ttft=3.091s prefill=3.087s ext_hit=0/32831
[cold] doc25 ttft=3.093s prefill=3.089s ext_hit=0/32831
[cold] doc26 ttft=3.092s prefill=3.088s ext_hit=0/32831
[cold] doc27 ttft=3.095s prefill=3.092s ext_hit=0/32831
[cold] doc28 ttft=3.096s prefill=3.091s ext_hit=0/32831
[cold] doc29 ttft=3.101s prefill=3.097s ext_hit=0/32831
[cold] doc30 ttft=3.092s prefill=3.088s ext_hit=0/32831
[cold] doc31 ttft=3.097s prefill=3.093s ext_hit=0/32831
[cold] doc32 ttft=3.094s prefill=3.090s ext_hit=0/32831
[cold] doc33 ttft=3.091s prefill=3.087s ext_hit=0/32831
[cold] doc34 ttft=3.097s prefill=3.093s ext_hit=0/32831
[cold] doc35 ttft=3.096s prefill=3.092s ext_hit=0/32831
[cold] doc36 ttft=3.091s prefill=3.087s ext_hit=0/32831
[cold] doc37 ttft=3.098s prefill=3.093s ext_hit=0/32831
[cold] doc38 ttft=3.096s prefill=3.091s ext_hit=0/32831
[cold] doc39 ttft=3.096s prefill=3.091s ext_hit=0/32831
[cold] doc40 ttft=3.097s prefill=3.092s ext_hit=0/32831
[cold] doc41 ttft=3.093s prefill=3.089s ext_hit=0/32831
[cold] doc42 ttft=3.092s prefill=3.088s ext_hit=0/32831
[cold] doc43 ttft=3.095s prefill=3.091s ext_hit=0/32831
[cold] doc44 ttft=3.092s prefill=3.088s ext_hit=0/32831
[cold] doc45 ttft=3.096s prefill=3.092s ext_hit=0/32831
[cold] doc46 ttft=3.100s prefill=3.095s ext_hit=0/32831
[cold] doc47 ttft=3.093s prefill=3.088s ext_hit=0/32831
[cold:summary] reqs=48 ttft_p50=3.095s prefill_avg=3.090s ext_hit_pct=0.0
[gpc:ab] arevisit_prefill_avg=0.349s (local restore, ext_hit_pct=99.8) revisit_prefill_avg=0.353s cold_prefill_avg=3.090s remote_minus_local_prefill=0.004s ttft_p50_ratio=0.17
RESULT: PASS (cross-stack KA equivalent with 32768 external hits; cross-revisit ext_hit_pct=99.8 vs cold 0.0; prefill 0.353s vs 3.090s cold)

