Waiting for prefill-a up (http://j-f35546b4-6b0d-4d8b-9e95-prefill-a-0-0.j-f35546b4-6b0d-4d8b-9e95:8000/health, up to 5400s)
prefill-a is up (860s)
Waiting for decode-a up (http://j-f35546b4-6b0d-4d8b-9e95-decode-a-0-0.j-f35546b4-6b0d-4d8b-9e95:7200/health, up to 5400s)
decode-a is up (0s)
Waiting for proxy-a up (http://j-f35546b4-6b0d-4d8b-9e95-prefill-a-0-0.j-f35546b4-6b0d-4d8b-9e95:10000/healthcheck, up to 600s)
proxy-a is up (0s)
Waiting for prefill-b up (http://j-f35546b4-6b0d-4d8b-9e95-prefill-b-0-0.j-f35546b4-6b0d-4d8b-9e95:8000/health, up to 5400s)
prefill-b is up (0s)
Waiting for decode-b up (http://j-f35546b4-6b0d-4d8b-9e95-decode-b-0-0.j-f35546b4-6b0d-4d8b-9e95:7200/health, up to 5400s)
decode-b is up (0s)
Waiting for proxy-b up (http://j-f35546b4-6b0d-4d8b-9e95-prefill-b-0-0.j-f35546b4-6b0d-4d8b-9e95:10000/healthcheck, up to 600s)
proxy-b is up (0s)
Waiting for stack-A engine readiness (first compile, up to 60 min)...
stack-A engines are ready.
Waiting for stack-B engine readiness (first compile, up to 60 min)...
stack-B engines are ready.
=== stage 1: cross-stack KA (32832 tokens) ===
ka: A=[89, 89, 89, 89, 89, 89, 89, 89] B=[89, 89, 89, 89, 89, 89, 89, 89] identical=True b_prefill_ext_hits=0.0
=== stage 2: seeding 48 docs via stack A ===
waiting 15s (same cadence as the GPC recipe)
=== cross-revisit: same 48 docs via stack B ===
[xrevisit] doc0 ttft=2.971s prefill=2.962s ext_hit=0/32831
[xrevisit] doc1 ttft=2.958s prefill=2.953s ext_hit=0/32831
[xrevisit] doc2 ttft=2.965s prefill=2.961s ext_hit=0/32831
[xrevisit] doc3 ttft=2.968s prefill=2.964s ext_hit=0/32831
[xrevisit] doc4 ttft=2.965s prefill=2.961s ext_hit=0/32831
[xrevisit] doc5 ttft=2.961s prefill=2.957s ext_hit=0/32831
[xrevisit] doc6 ttft=2.958s prefill=2.954s ext_hit=0/32831
[xrevisit] doc7 ttft=2.962s prefill=2.957s ext_hit=0/32831
[xrevisit] doc8 ttft=2.959s prefill=2.955s ext_hit=0/32831
[xrevisit] doc9 ttft=2.963s prefill=2.958s ext_hit=0/32831
[xrevisit] doc10 ttft=2.960s prefill=2.955s ext_hit=0/32831
[xrevisit] doc11 ttft=2.962s prefill=2.958s ext_hit=0/32831
[xrevisit] doc12 ttft=2.959s prefill=2.955s ext_hit=0/32831
[xrevisit] doc13 ttft=2.958s prefill=2.954s ext_hit=0/32831
[xrevisit] doc14 ttft=2.960s prefill=2.956s ext_hit=0/32831
[xrevisit] doc15 ttft=2.957s prefill=2.953s ext_hit=0/32831
[xrevisit] doc16 ttft=2.962s prefill=2.958s ext_hit=0/32831
[xrevisit] doc17 ttft=2.961s prefill=2.957s ext_hit=0/32831
[xrevisit] doc18 ttft=2.962s prefill=2.958s ext_hit=0/32831
[xrevisit] doc19 ttft=2.960s prefill=2.956s ext_hit=0/32831
[xrevisit] doc20 ttft=2.958s prefill=2.955s ext_hit=0/32831
[xrevisit] doc21 ttft=2.969s prefill=2.964s ext_hit=0/32831
[xrevisit] doc22 ttft=2.958s prefill=2.954s ext_hit=0/32831
[xrevisit] doc23 ttft=2.963s prefill=2.960s ext_hit=0/32831
[xrevisit] doc24 ttft=2.959s prefill=2.955s ext_hit=0/32831
[xrevisit] doc25 ttft=2.958s prefill=2.954s ext_hit=0/32831
[xrevisit] doc26 ttft=2.959s prefill=2.956s ext_hit=0/32831
[xrevisit] doc27 ttft=2.961s prefill=2.957s ext_hit=0/32831
[xrevisit] doc28 ttft=2.965s prefill=2.962s ext_hit=0/32831
[xrevisit] doc29 ttft=2.963s prefill=2.958s ext_hit=0/32831
[xrevisit] doc30 ttft=2.963s prefill=2.959s ext_hit=0/32831
[xrevisit] doc31 ttft=2.959s prefill=2.955s ext_hit=0/32831
[xrevisit] doc32 ttft=2.961s prefill=2.957s ext_hit=0/32831
[xrevisit] doc33 ttft=2.961s prefill=2.958s ext_hit=0/32831
[xrevisit] doc34 ttft=2.961s prefill=2.957s ext_hit=0/32831
[xrevisit] doc35 ttft=2.958s prefill=2.954s ext_hit=0/32831
[xrevisit] doc36 ttft=2.964s prefill=2.960s ext_hit=0/32831
[xrevisit] doc37 ttft=2.958s prefill=2.954s ext_hit=0/32831
[xrevisit] doc38 ttft=2.963s prefill=2.959s ext_hit=0/32831
[xrevisit] doc39 ttft=2.959s prefill=2.955s ext_hit=0/32831
[xrevisit] doc40 ttft=2.960s prefill=2.956s ext_hit=0/32831
[xrevisit] doc41 ttft=2.963s prefill=2.958s ext_hit=0/32831
[xrevisit] doc42 ttft=2.960s prefill=2.956s ext_hit=0/32831
[xrevisit] doc43 ttft=2.961s prefill=2.957s ext_hit=0/32831
[xrevisit] doc44 ttft=2.957s prefill=2.954s ext_hit=0/32831
[xrevisit] doc45 ttft=2.959s prefill=2.955s ext_hit=0/32831
[xrevisit] doc46 ttft=2.958s prefill=2.954s ext_hit=0/32831
[xrevisit] doc47 ttft=2.960s prefill=2.956s ext_hit=0/32831
[xrevisit:summary] reqs=48 ttft_p50=2.961s prefill_avg=2.957s ext_hit_pct=0.0
=== cold baseline: 48 fresh docs via stack B ===
[cold] doc0 ttft=2.958s prefill=2.954s ext_hit=0/32831
[cold] doc1 ttft=2.963s prefill=2.959s ext_hit=0/32831
[cold] doc2 ttft=2.957s prefill=2.954s ext_hit=0/32831
[cold] doc3 ttft=2.966s prefill=2.962s ext_hit=0/32831
[cold] doc4 ttft=2.961s prefill=2.957s ext_hit=0/32831
[cold] doc5 ttft=2.968s prefill=2.964s ext_hit=0/32831
[cold] doc6 ttft=2.957s prefill=2.953s ext_hit=0/32831
[cold] doc7 ttft=2.960s prefill=2.956s ext_hit=0/32831
[cold] doc8 ttft=2.968s prefill=2.964s ext_hit=0/32831
[cold] doc9 ttft=2.964s prefill=2.960s ext_hit=0/32831
[cold] doc10 ttft=2.964s prefill=2.959s ext_hit=0/32831
[cold] doc11 ttft=2.963s prefill=2.960s ext_hit=0/32831
[cold] doc12 ttft=2.960s prefill=2.956s ext_hit=0/32831
[cold] doc13 ttft=2.963s prefill=2.959s ext_hit=0/32831
[cold] doc14 ttft=2.960s prefill=2.956s ext_hit=0/32831
[cold] doc15 ttft=2.964s prefill=2.960s ext_hit=0/32831
[cold] doc16 ttft=2.959s prefill=2.955s ext_hit=0/32831
[cold] doc17 ttft=2.961s prefill=2.957s ext_hit=0/32831
[cold] doc18 ttft=2.963s prefill=2.959s ext_hit=0/32831
[cold] doc19 ttft=2.959s prefill=2.955s ext_hit=0/32831
[cold] doc20 ttft=2.960s prefill=2.956s ext_hit=0/32831
[cold] doc21 ttft=2.959s prefill=2.954s ext_hit=0/32831
[cold] doc22 ttft=2.961s prefill=2.957s ext_hit=0/32831
[cold] doc23 ttft=2.963s prefill=2.959s ext_hit=0/32831
[cold] doc24 ttft=2.961s prefill=2.956s ext_hit=0/32831
[cold] doc25 ttft=2.960s prefill=2.956s ext_hit=0/32831
[cold] doc26 ttft=2.960s prefill=2.956s ext_hit=0/32831
[cold] doc27 ttft=2.959s prefill=2.955s ext_hit=0/32831
[cold] doc28 ttft=2.962s prefill=2.957s ext_hit=0/32831
[cold] doc29 ttft=2.959s prefill=2.955s ext_hit=0/32831
[cold] doc30 ttft=2.959s prefill=2.955s ext_hit=0/32831
[cold] doc31 ttft=2.958s prefill=2.954s ext_hit=0/32831
[cold] doc32 ttft=2.961s prefill=2.957s ext_hit=0/32831
[cold] doc33 ttft=2.964s prefill=2.960s ext_hit=0/32831
[cold] doc34 ttft=2.959s prefill=2.955s ext_hit=0/32831
[cold] doc35 ttft=2.965s prefill=2.961s ext_hit=0/32831
[cold] doc36 ttft=2.962s prefill=2.958s ext_hit=0/32831
[cold] doc37 ttft=2.964s prefill=2.960s ext_hit=0/32831
[cold] doc38 ttft=2.963s prefill=2.959s ext_hit=0/32831
[cold] doc39 ttft=2.964s prefill=2.960s ext_hit=0/32831
[cold] doc40 ttft=2.963s prefill=2.959s ext_hit=0/32831
[cold] doc41 ttft=2.959s prefill=2.955s ext_hit=0/32831
[cold] doc42 ttft=2.961s prefill=2.957s ext_hit=0/32831
[cold] doc43 ttft=2.962s prefill=2.958s ext_hit=0/32831
[cold] doc44 ttft=2.958s prefill=2.954s ext_hit=0/32831
[cold] doc45 ttft=2.959s prefill=2.955s ext_hit=0/32831
[cold] doc46 ttft=2.960s prefill=2.956s ext_hit=0/32831
[cold] doc47 ttft=2.957s prefill=2.953s ext_hit=0/32831
[cold:summary] reqs=48 ttft_p50=2.961s prefill_avg=2.957s ext_hit_pct=0.0
[nooffload:ab] revisit_prefill_avg=2.957s cold_prefill_avg=2.957s ttft_p50_ratio=1.00
RESULT: PASS (no-offload baseline: cross-stack KA equivalent with 0 external hits; revisit prefill 2.957s vs cold 2.957s — every revisit recomputed)

