===== Syncing dependencies to pyproject.toml =====
Using Python 3.12.13 environment at: /usr/local
Resolved 103 packages in 1.15s
Downloading numba (3.6MiB)
Downloading libtpu (205.5MiB)
Downloading jax (3.1MiB)
Downloading jaxlib (81.5MiB)
Downloading llvmlite (53.7MiB)
 Downloaded jax
 Downloaded llvmlite
 Downloaded numba
 Downloaded jaxlib
 Downloaded libtpu
Prepared 5 packages in 2.97s
Uninstalled 5 packages in 556ms
Installed 5 packages in 22ms
 - jax==0.10.0
 + jax==0.10.2
 - jaxlib==0.10.0
 + jaxlib==0.10.2
 - libtpu==0.0.40
 + libtpu==0.0.43
 - llvmlite==0.48.0
 + llvmlite==0.47.0
 - numba==0.66.0
 + numba==0.65.0
Installing raiden wheel: /root/wheels/tpu_raiden_torch-0.0.1.dev20260801211407-1_raiden_controller_7c3d506-cp312-cp312-manylinux_2_31_x86_64.whl
Using Python 3.12.13 environment at: /usr/local
Resolved 1 package in 4ms
Prepared 1 package in 238ms
Uninstalled 1 package in 155ms
Installed 1 package in 2ms
 - tpu-raiden-torch==0.0.1.dev20260709192937 (from file:///tmp/tpu_raiden_torch-0.0.1.dev20260709192937-cp312-cp312-manylinux_2_31_x86_64.whl)
 + tpu-raiden-torch==0.0.1.dev20260801211407 (from file:///root/wheels/tpu_raiden_torch-0.0.1.dev20260801211407-1_raiden_controller_7c3d506-cp312-cp312-manylinux_2_31_x86_64.whl)
Traceback (most recent call last):
  File "<string>", line 1, in <module>
ModuleNotFoundError: No module named 'tpu_raiden.api.torch.kv_cache_store'
RESULT: FAIL (V2 preflight)

