Waiting for prefill up (http://j-92d3a83d-5884-4dfe-86b9-prefill-0-0.j-92d3a83d-5884-4dfe-86b9:8000/health, up to 5400s)
prefill is up (850s)
Waiting for decode up (http://j-92d3a83d-5884-4dfe-86b9-decode-0-0.j-92d3a83d-5884-4dfe-86b9:7200/health, up to 5400s)
decode is up (0s)
Waiting for proxy up (http://j-92d3a83d-5884-4dfe-86b9-prefill-0-0.j-92d3a83d-5884-4dfe-86b9:10000/healthcheck, up to 600s)
proxy is up (0s)
Waiting for engine readiness (first compile, up to 60 min)...
Engines are ready.
l3 check: BASELINE=True, expecting l3_enabled=False
status: {'pool_blocks': 6, 'l3_enabled': 0, 'spill_launched': 0, 'peer_held': 0, 'backoffs': 0, 'pool_used': 0, 'pool_cap': 0}
pool=6 blocks -> seeding 80 docs (watermark 0.15, margin 8, HBM floor 80)
seed doc0: 6.10s ids=[148368, 148368, 148368, 220, 220, 220, 220, 220]
pace: doc1 pool still 0/0 after 180s (timeout #1) — seeding on
seed doc1: 5.69s ids=[38118, 148368, 220, 220, 220, 220, 220, 220]
pace: doc2 pool still 0/0 after 180s (timeout #2) — seeding on
seed doc2: 5.66s ids=[148368, 148368, 220, 220, 220, 220, 220, 220]
pace: doc3 pool still 0/0 after 180s (timeout #3) — seeding on
seed doc3: 5.68s ids=[148368, 148368, 148368, 148368, 148368, 148368, 220, 148368]
pace: doc4 pool still 0/0 after 180s (timeout #4) — seeding on
seed doc4: 5.62s ids=[38118, 220, 38118, 12656, 148368, 148368, 220, 148368]
pace: doc5 pool still 0/0 after 180s (timeout #5) — seeding on
seed doc5: 5.69s ids=[148368, 148368, 148368, 95744, 220, 220, 220, 2972]
pace: doc6 pool still 0/0 after 180s (timeout #6) — seeding on
seed doc6: 5.62s ids=[148368, 148368, 220, 220, 148368, 220, 220, 220]
pace: doc7 pool still 0/0 after 180s (timeout #7) — seeding on
seed doc7: 5.63s ids=[96999, 148368, 220, 220, 220, 220, 220, 220]
pace: doc8 pool still 0/0 after 180s (timeout #8) — seeding on
seed doc8: 5.60s ids=[148368, 148368, 220, 148368, 148368, 148368, 148368, 96999]
pace: doc9 pool still 0/0 after 180s (timeout #9) — seeding on
seed doc9: 5.58s ids=[148368, 148368, 220, 148368, 148368, 148368, 148368, 148368]
pace: doc10 pool still 0/0 after 180s (timeout #10) — seeding on
seed doc10: 5.68s ids=[148368, 148368, 220, 148368, 148368, 148368, 148368, 148368]
pace: doc11 pool still 0/0 after 180s (timeout #11) — seeding on
seed doc11: 5.62s ids=[148368, 220, 148368, 220, 220, 220, 220, 95744]
pace: doc12 pool still 0/0 after 180s (timeout #12) — seeding on
seed doc12: 5.60s ids=[148368, 148368, 220, 220, 220, 220, 220, 96834]
pace: doc13 pool still 0/0 after 180s (timeout #13) — seeding on
seed doc13: 5.59s ids=[148368, 148368, 220, 148368, 2972, 148368, 148368, 220]
pace: doc14 pool still 0/0 after 180s (timeout #14) — seeding on
seed doc14: 5.63s ids=[148368, 148368, 148368, 332, 96999, 148368, 148368, 220]
pace: doc15 pool still 0/0 after 180s (timeout #15) — seeding on
seed doc15: 5.60s ids=[148368, 148368, 148368, 95744, 148368, 148368, 198, 95744]
pace: doc16 pool still 0/0 after 180s (timeout #16) — seeding on
seed doc16: 5.61s ids=[38118, 148368, 220, 148368, 148368, 220, 220, 220]
pace: doc17 pool still 0/0 after 180s (timeout #17) — seeding on
seed doc17: 5.61s ids=[148368, 148368, 148368, 220, 220, 220, 95744, 95744]
pace: doc18 pool still 0/0 after 180s (timeout #18) — seeding on
seed doc18: 5.60s ids=[220, 220, 148368, 148368, 148368, 148368, 148368, 148368]
pace: doc19 pool still 0/0 after 180s (timeout #19) — seeding on
seed doc19: 5.59s ids=[148368, 148368, 220, 220, 148368, 220, 220, 95744]
pace: doc20 pool still 0/0 after 180s (timeout #20) — seeding on
seed doc20: 5.60s ids=[96999, 148368, 220, 220, 220, 220, 2972, 148368]
pace: doc21 pool still 0/0 after 180s (timeout #21) — seeding on
seed doc21: 5.59s ids=[38118, 148368, 220, 220, 148368, 220, 220, 220]
pace: doc22 pool still 0/0 after 180s (timeout #22) — seeding on
seed doc22: 5.60s ids=[38118, 148368, 220, 95744, 220, 220, 220, 95744]
pace: doc23 pool still 0/0 after 180s (timeout #23) — seeding on
seed doc23: 5.59s ids=[570, 148368, 148368, 148368, 148368, 148368, 148368, 148368]
pace: doc24 pool still 0/0 after 180s (timeout #24) — seeding on
seed doc24: 5.62s ids=[148368, 182307, 148368, 148368, 148368, 95744, 7, 1510]
pace: doc25 pool still 0/0 after 180s (timeout #25) — seeding on
seed doc25: 5.60s ids=[97282, 148368, 148368, 148368, 148368, 148368, 220, 148368]
