debconf: delaying package configuration, since apt-utils is not installed
Waiting for iperf3 server at j-9557ac28-4b24-4fc5-ad4d-server-0-0.j-9557ac28-4b24-4fc5-ad4d:5201 (up to 900s)...
server reachable (0s)
=== RTT (ping x20) ===
20 packets transmitted, 20 received, 0% packet loss, time 3940ms
rtt min/avg/max/mdev = 0.235/0.440/0.569/0.097 ms
=== iperf3 client->server, 1 stream(s), 10s ===
[  5]   0.00-10.00  sec  46.6 GBytes  40.0 Gbits/sec  8049             sender
[  5]   0.00-10.02  sec  46.6 GBytes  39.9 Gbits/sec                  receiver

iperf Done.
=== iperf3 client->server, 4 stream(s), 10s ===
[SUM]   0.00-10.00  sec   117 GBytes   100 Gbits/sec  19635             sender
[SUM]   0.00-10.04  sec   117 GBytes  99.8 Gbits/sec                  receiver

iperf Done.
=== iperf3 client->server, 8 stream(s), 10s ===
[SUM]   0.00-10.00  sec   168 GBytes   145 Gbits/sec  73488             sender
[SUM]   0.00-10.03  sec   168 GBytes   144 Gbits/sec                  receiver

iperf Done.
=== iperf3 client->server, 16 stream(s), 10s ===
[SUM]   0.00-10.00  sec   202 GBytes   173 Gbits/sec  371580             sender
[SUM]   0.00-10.02  sec   202 GBytes   173 Gbits/sec                  receiver

iperf Done.
=== iperf3 server->client (-R), 8 streams, 10s ===
[SUM]   0.00-10.00  sec   163 GBytes   140 Gbits/sec  79609             sender
[SUM]   0.00-10.00  sec   163 GBytes   140 Gbits/sec                  receiver

iperf Done.
RESULT: PASS (measurements complete — read bandwidth off the SUM lines above)

