debconf: delaying package configuration, since apt-utils is not installed
iperf3 server ready
iperf3: error - unable to receive cookie at server: 
-----------------------------------------------------------
Server listening on 5201 (test #1)
-----------------------------------------------------------
-----------------------------------------------------------
Server listening on 5201 (test #2)
-----------------------------------------------------------
Accepted connection from 10.36.11.204, port 53984
[  5] local 10.36.16.160 port 5201 connected to 10.36.11.204 port 53998
[ ID] Interval           Transfer     Bitrate
[  5]   0.00-1.00   sec  4.70 GBytes  40.3 Gbits/sec                  
[  5]   1.00-2.00   sec  4.53 GBytes  38.9 Gbits/sec                  
[  5]   2.00-3.00   sec  4.49 GBytes  38.6 Gbits/sec                  
[  5]   3.00-4.00   sec  4.61 GBytes  39.6 Gbits/sec                  
[  5]   4.00-5.00   sec  4.64 GBytes  39.9 Gbits/sec                  
[  5]   5.00-6.00   sec  4.66 GBytes  40.0 Gbits/sec                  
[  5]   6.00-7.00   sec  4.47 GBytes  38.4 Gbits/sec                  
[  5]   7.00-8.00   sec  4.64 GBytes  39.8 Gbits/sec                  
[  5]   8.00-9.00   sec  4.69 GBytes  40.3 Gbits/sec                  
[  5]   9.00-10.00  sec  4.65 GBytes  39.9 Gbits/sec                  
- - - - - - - - - - - - - - - - - - - - - - - - -
[ ID] Interval           Transfer     Bitrate
[  5]   0.00-10.02  sec  46.6 GBytes  39.9 Gbits/sec                  receiver
-----------------------------------------------------------
Server listening on 5201 (test #3)
-----------------------------------------------------------
Accepted connection from 10.36.11.204, port 48896
[  5] local 10.36.16.160 port 5201 connected to 10.36.11.204 port 48908
[  8] local 10.36.16.160 port 5201 connected to 10.36.11.204 port 48924
[ 10] local 10.36.16.160 port 5201 connected to 10.36.11.204 port 48936
[ 12] local 10.36.16.160 port 5201 connected to 10.36.11.204 port 48938
[ ID] Interval           Transfer     Bitrate
[  5]   0.00-1.00   sec  2.42 GBytes  20.8 Gbits/sec                  
[  8]   0.00-1.02   sec  3.02 GBytes  25.5 Gbits/sec                  
[ 10]   0.00-1.04   sec  2.63 GBytes  21.7 Gbits/sec                  
[ 12]   0.00-1.04   sec  4.08 GBytes  33.5 Gbits/sec                  
[SUM]   0.00-1.00   sec  12.1 GBytes   104 Gbits/sec                  
- - - - - - - - - - - - - - - - - - - - - - - - -
[  5]   1.00-2.00   sec  2.34 GBytes  20.1 Gbits/sec                  
[  8]   1.02-2.01   sec  2.81 GBytes  24.2 Gbits/sec                  
[ 10]   1.04-2.12   sec  2.65 GBytes  21.1 Gbits/sec                  
[ 12]   1.04-2.13   sec  3.97 GBytes  31.3 Gbits/sec                  
[SUM]   1.00-2.00   sec  11.8 GBytes   101 Gbits/sec                  
- - - - - - - - - - - - - - - - - - - - - - - - -
[  5]   2.00-3.00   sec  2.34 GBytes  20.1 Gbits/sec                  
[  8]   2.01-3.02   sec  2.62 GBytes  22.3 Gbits/sec                  
[ 10]   2.12-3.09   sec  2.32 GBytes  20.4 Gbits/sec                  
[ 12]   2.13-3.10   sec  3.65 GBytes  32.6 Gbits/sec                  
[SUM]   2.00-3.00   sec  10.9 GBytes  93.9 Gbits/sec                  
- - - - - - - - - - - - - - - - - - - - - - - - -
[  5]   3.00-4.00   sec  2.28 GBytes  19.6 Gbits/sec                  
[  8]   3.02-4.01   sec  2.73 GBytes  23.8 Gbits/sec                  
[ 10]   3.09-4.01   sec  2.12 GBytes  19.8 Gbits/sec                  
[ 12]   3.10-4.04   sec  3.18 GBytes  29.0 Gbits/sec                  
[SUM]   3.00-4.00   sec  10.3 GBytes  88.7 Gbits/sec                  
- - - - - - - - - - - - - - - - - - - - - - - - -
[  5]   4.00-5.00   sec  2.30 GBytes  19.7 Gbits/sec                  
[  8]   4.01-5.04   sec  2.92 GBytes  24.5 Gbits/sec                  
[ 10]   4.01-5.05   sec  2.56 GBytes  21.3 Gbits/sec                  
[ 12]   4.04-5.05   sec  3.57 GBytes  30.3 Gbits/sec                  
[SUM]   4.00-5.00   sec  11.3 GBytes  97.4 Gbits/sec                  
- - - - - - - - - - - - - - - - - - - - - - - - -
[  5]   5.00-6.00   sec  2.25 GBytes  19.3 Gbits/sec                  
[  8]   5.04-6.03   sec  2.88 GBytes  24.8 Gbits/sec                  
[ 10]   5.05-6.06   sec  2.65 GBytes  22.4 Gbits/sec                  
[ 12]   5.05-6.10   sec  3.87 GBytes  31.7 Gbits/sec                  
[SUM]   5.00-6.00   sec  11.6 GBytes   100 Gbits/sec                  
- - - - - - - - - - - - - - - - - - - - - - - - -
[  5]   6.00-7.00   sec  2.27 GBytes  19.5 Gbits/sec                  
[  8]   6.03-7.00   sec  2.68 GBytes  23.8 Gbits/sec                  
[ 10]   6.06-7.05   sec  2.52 GBytes  22.0 Gbits/sec                  
[ 12]   6.10-7.08   sec  3.73 GBytes  32.7 Gbits/sec                  
[SUM]   6.00-7.00   sec  11.2 GBytes  96.2 Gbits/sec                  
- - - - - - - - - - - - - - - - - - - - - - - - -
[  5]   7.00-8.00   sec  2.34 GBytes  20.1 Gbits/sec                  
[  8]   7.00-8.01   sec  2.78 GBytes  23.7 Gbits/sec                  
[ 10]   7.05-8.04   sec  2.54 GBytes  22.1 Gbits/sec                  
[ 12]   7.08-8.04   sec  3.55 GBytes  31.8 Gbits/sec                  
[SUM]   7.00-8.00   sec  11.2 GBytes  96.2 Gbits/sec                  
- - - - - - - - - - - - - - - - - - - - - - - - -
[  5]   8.00-9.00   sec  2.37 GBytes  20.3 Gbits/sec                  
[  8]   8.01-9.01   sec  2.92 GBytes  25.1 Gbits/sec                  
[ 10]   8.04-9.01   sec  2.59 GBytes  22.7 Gbits/sec                  
[ 12]   8.04-9.02   sec  3.72 GBytes  32.6 Gbits/sec                  
[SUM]   8.00-9.00   sec  11.6 GBytes  99.6 Gbits/sec                  
- - - - - - - - - - - - - - - - - - - - - - - - -
[  5]   9.00-10.00  sec  2.33 GBytes  20.0 Gbits/sec                  
[  8]   9.01-10.02  sec  3.06 GBytes  26.0 Gbits/sec                  
[ 10]   9.01-10.03  sec  2.66 GBytes  22.5 Gbits/sec                  
[ 12]   9.02-10.04  sec  3.75 GBytes  31.6 Gbits/sec                  
[SUM]   9.00-10.00  sec  11.8 GBytes   101 Gbits/sec                  
- - - - - - - - - - - - - - - - - - - - - - - - -
[  5]  10.00-10.04  sec  51.1 MBytes  12.2 Gbits/sec                  
[  8]  10.02-10.04  sec  0.00 Bytes  0.00 bits/sec                  
[ 10]  10.03-10.04  sec  0.00 Bytes  0.00 bits/sec                  
[ 12]  10.04-10.04  sec  0.00 Bytes  0.00 bits/sec                  
[SUM]  10.00-10.04  sec  51.1 MBytes  12.2 Gbits/sec                  
- - - - - - - - - - - - - - - - - - - - - - - - -
[ ID] Interval           Transfer     Bitrate
[  5]   0.00-10.04  sec  23.7 GBytes  20.3 Gbits/sec                  receiver
[  8]   0.00-10.04  sec  29.4 GBytes  25.1 Gbits/sec                  receiver
[ 10]   0.00-10.04  sec  25.5 GBytes  21.9 Gbits/sec                  receiver
[ 12]   0.00-10.04  sec  38.0 GBytes  32.5 Gbits/sec                  receiver
[SUM]   0.00-10.04  sec   117 GBytes  99.8 Gbits/sec                  receiver
-----------------------------------------------------------
Server listening on 5201 (test #4)
-----------------------------------------------------------
Accepted connection from 10.36.11.204, port 51042
[  5] local 10.36.16.160 port 5201 connected to 10.36.11.204 port 51048
[  8] local 10.36.16.160 port 5201 connected to 10.36.11.204 port 51056
[ 10] local 10.36.16.160 port 5201 connected to 10.36.11.204 port 51072
[ 12] local 10.36.16.160 port 5201 connected to 10.36.11.204 port 51076
[ 14] local 10.36.16.160 port 5201 connected to 10.36.11.204 port 51090
[ 16] local 10.36.16.160 port 5201 connected to 10.36.11.204 port 51098
[ 18] local 10.36.16.160 port 5201 connected to 10.36.11.204 port 51104
[ 20] local 10.36.16.160 port 5201 connected to 10.36.11.204 port 51116
[ ID] Interval           Transfer     Bitrate
[  5]   0.00-1.00   sec  1.49 GBytes  12.8 Gbits/sec                  
[  8]   0.00-1.00   sec  1.92 GBytes  16.5 Gbits/sec                  
[ 10]   0.00-1.01   sec  1.03 GBytes  8.78 Gbits/sec                  
[ 12]   0.00-1.01   sec  2.00 GBytes  17.0 Gbits/sec                  
[ 14]   0.00-1.04   sec  1.55 GBytes  12.8 Gbits/sec                  
[ 16]   0.00-1.05   sec  3.78 GBytes  30.8 Gbits/sec                  
[ 18]   0.00-1.05   sec  2.56 GBytes  20.8 Gbits/sec                  
[ 20]   0.00-1.50   sec  2.66 GBytes  15.3 Gbits/sec                  
[SUM]   0.00-1.00   sec  17.0 GBytes   146 Gbits/sec                  
- - - - - - - - - - - - - - - - - - - - - - - - -
[  5]   1.00-2.00   sec  1.91 GBytes  16.4 Gbits/sec                  
[  8]   1.00-2.00   sec  1.62 GBytes  13.9 Gbits/sec                  
[ 10]   1.01-2.05   sec  1.44 GBytes  12.0 Gbits/sec                  
[ 12]   1.01-2.05   sec  1.89 GBytes  15.7 Gbits/sec                  
[ 14]   1.04-2.06   sec  2.58 GBytes  21.7 Gbits/sec                  
[ 16]   1.05-2.06   sec  3.07 GBytes  26.1 Gbits/sec                  
[ 18]   1.05-2.06   sec  1.14 GBytes  9.68 Gbits/sec                  
[ 20]   1.50-2.07   sec   686 MBytes  10.1 Gbits/sec                  
[SUM]   1.00-2.00   sec  14.3 GBytes   123 Gbits/sec                  
- - - - - - - - - - - - - - - - - - - - - - - - -
[  5]   2.00-3.00   sec  2.22 GBytes  19.0 Gbits/sec                  
[  8]   2.00-3.00   sec  1.61 GBytes  13.8 Gbits/sec                  
[ 10]   2.05-3.00   sec  1.87 GBytes  16.8 Gbits/sec                  
[ 12]   2.05-3.00   sec  1.80 GBytes  16.2 Gbits/sec                  
[ 14]   2.06-3.23   sec  3.27 GBytes  24.1 Gbits/sec                  
[ 16]   2.06-3.32   sec  2.74 GBytes  18.7 Gbits/sec                  
[ 18]   2.06-3.35   sec  2.77 GBytes  18.5 Gbits/sec                  
[ 20]   2.07-3.43   sec  2.30 GBytes  14.6 Gbits/sec                  
[SUM]   2.00-3.00   sec  18.6 GBytes   160 Gbits/sec                  
- - - - - - - - - - - - - - - - - - - - - - - - -
[  5]   3.00-4.00   sec  1.46 GBytes  12.6 Gbits/sec                  
[  8]   3.00-4.00   sec  1.61 GBytes  13.8 Gbits/sec                  
[ 10]   3.00-4.00   sec  1.37 GBytes  11.7 Gbits/sec                  
[ 12]   3.00-4.00   sec  1.62 GBytes  13.9 Gbits/sec                  
[ 14]   3.23-4.04   sec  2.48 GBytes  26.4 Gbits/sec                  
[ 16]   3.32-4.07   sec  1.68 GBytes  19.4 Gbits/sec                  
[ 18]   3.35-4.12   sec  1.53 GBytes  17.0 Gbits/sec                  
[ 20]   3.43-4.21   sec  1.33 GBytes  14.6 Gbits/sec                  
[SUM]   3.00-4.00   sec  13.1 GBytes   112 Gbits/sec                  
- - - - - - - - - - - - - - - - - - - - - - - - -
[  5]   4.00-5.00   sec  1.47 GBytes  12.6 Gbits/sec                  
[  8]   4.00-5.00   sec  2.49 GBytes  21.4 Gbits/sec                  
[ 10]   4.00-5.01   sec  1.31 GBytes  11.2 Gbits/sec                  
[ 12]   4.00-5.01   sec  1.91 GBytes  16.3 Gbits/sec                  
[ 14]   4.04-5.01   sec  3.22 GBytes  28.4 Gbits/sec                  
[ 16]   4.07-5.01   sec  2.02 GBytes  18.3 Gbits/sec                  
[ 18]   4.12-5.02   sec  1.53 GBytes  14.7 Gbits/sec                  
[ 20]   4.21-5.09   sec  1.52 GBytes  14.8 Gbits/sec                  
[SUM]   4.00-5.00   sec  15.5 GBytes   133 Gbits/sec                  
- - - - - - - - - - - - - - - - - - - - - - - - -
[  5]   5.00-6.00   sec  1.95 GBytes  16.8 Gbits/sec                  
[  8]   5.00-6.00   sec  3.30 GBytes  28.3 Gbits/sec                  
[ 10]   5.01-6.02   sec  1.68 GBytes  14.3 Gbits/sec                  
[ 12]   5.01-6.02   sec  1.86 GBytes  15.8 Gbits/sec                  
[ 14]   5.01-6.05   sec  3.49 GBytes  28.9 Gbits/sec                  
[ 16]   5.01-6.07   sec  2.15 GBytes  17.6 Gbits/sec                  
[ 18]   5.02-6.15   sec  1.97 GBytes  15.1 Gbits/sec                  
[ 20]   5.09-6.15   sec  1.59 GBytes  12.9 Gbits/sec                  
[SUM]   5.00-6.00   sec  18.0 GBytes   155 Gbits/sec                  
- - - - - - - - - - - - - - - - - - - - - - - - -
[  5]   6.00-7.00   sec  2.00 GBytes  17.2 Gbits/sec                  
[  8]   6.00-7.00   sec  2.58 GBytes  22.1 Gbits/sec                  
[ 10]   6.02-7.06   sec  1.53 GBytes  12.6 Gbits/sec                  
[ 12]   6.02-7.06   sec  1.61 GBytes  13.3 Gbits/sec                  
[ 14]   6.05-7.22   sec  3.93 GBytes  28.8 Gbits/sec                  
[ 16]   6.07-7.24   sec  2.50 GBytes  18.2 Gbits/sec                  
[ 18]   6.15-7.25   sec  2.47 GBytes  19.3 Gbits/sec                  
[ 20]   6.15-7.25   sec  2.02 GBytes  15.8 Gbits/sec                  
[SUM]   6.00-7.00   sec  18.6 GBytes   160 Gbits/sec                  
- - - - - - - - - - - - - - - - - - - - - - - - -
[  5]   7.00-8.00   sec  2.27 GBytes  19.5 Gbits/sec                  
[  8]   7.00-8.00   sec  1.04 GBytes  8.89 Gbits/sec                  
[ 10]   7.06-8.01   sec  1.82 GBytes  16.4 Gbits/sec                  
[ 12]   7.06-8.01   sec  1.49 GBytes  13.4 Gbits/sec                  
[ 14]   7.22-8.02   sec  2.71 GBytes  29.1 Gbits/sec                  
[ 16]   7.24-8.08   sec  1.80 GBytes  18.5 Gbits/sec                  
[ 18]   7.25-8.08   sec  1.96 GBytes  20.1 Gbits/sec                  
[ 20]   7.25-8.10   sec  1.27 GBytes  12.7 Gbits/sec                  
[SUM]   7.00-8.00   sec  14.4 GBytes   123 Gbits/sec                  
- - - - - - - - - - - - - - - - - - - - - - - - -
[  5]   8.00-9.00   sec  3.05 GBytes  26.2 Gbits/sec                  
[  8]   8.00-9.00   sec  1.49 GBytes  12.8 Gbits/sec                  
[ 10]   8.01-9.03   sec  1.65 GBytes  13.9 Gbits/sec                  
[ 12]   8.01-9.03   sec  3.32 GBytes  28.1 Gbits/sec                  
[ 14]   8.02-9.15   sec  3.70 GBytes  28.1 Gbits/sec                  
[ 16]   8.08-9.17   sec  1.90 GBytes  15.0 Gbits/sec                  
[ 18]   8.08-9.17   sec  3.37 GBytes  26.6 Gbits/sec                  
[ 20]   8.10-9.20   sec  1.46 GBytes  11.4 Gbits/sec                  
[SUM]   8.00-9.00   sec  19.9 GBytes   171 Gbits/sec                  
- - - - - - - - - - - - - - - - - - - - - - - - -
[  5]   9.00-10.00  sec  1.36 GBytes  11.7 Gbits/sec                  
[  8]   9.00-10.00  sec  1.53 GBytes  13.1 Gbits/sec                  
[ 10]   9.03-10.03  sec  1.66 GBytes  14.2 Gbits/sec                  
[ 12]   9.03-10.03  sec  1.90 GBytes  16.3 Gbits/sec                  
[ 14]   9.15-10.03  sec  2.01 GBytes  19.6 Gbits/sec                  
[ 16]   9.17-10.03  sec  1.76 GBytes  17.5 Gbits/sec                  
[ 18]   9.17-10.03  sec  1.70 GBytes  16.9 Gbits/sec                  
[ 20]   9.20-10.03  sec  1.61 GBytes  16.6 Gbits/sec                  
[SUM]   9.00-10.00  sec  13.5 GBytes   116 Gbits/sec                  
- - - - - - - - - - - - - - - - - - - - - - - - -
[  5]  10.00-10.03  sec  4.88 MBytes  1.38 Gbits/sec                  
[  8]  10.00-10.03  sec  0.00 Bytes  0.00 bits/sec                  
[ 10]  10.03-10.03  sec  0.00 Bytes  0.00 bits/sec                  
[ 12]  10.03-10.03  sec  0.00 Bytes  0.00 bits/sec                  
[ 14]  10.03-10.03  sec  0.00 Bytes  0.00 bits/sec                  
[ 16]  10.03-10.03  sec  0.00 Bytes  0.00 bits/sec                  
[ 18]  10.03-10.03  sec  0.00 Bytes  0.00 bits/sec                  
[ 20]  10.03-10.03  sec  0.00 Bytes  0.00 bits/sec                  
[SUM]  10.00-10.03  sec  4.88 MBytes  1.38 Gbits/sec                  
- - - - - - - - - - - - - - - - - - - - - - - - -
[ ID] Interval           Transfer     Bitrate
[  5]   0.00-10.03  sec  19.2 GBytes  16.4 Gbits/sec                  receiver
[  8]   0.00-10.03  sec  19.6 GBytes  16.8 Gbits/sec                  receiver
[ 10]   0.00-10.03  sec  15.4 GBytes  13.2 Gbits/sec                  receiver
[ 12]   0.00-10.03  sec  20.5 GBytes  17.6 Gbits/sec                  receiver
[ 14]   0.00-10.03  sec  29.8 GBytes  25.5 Gbits/sec                  receiver
[ 16]   0.00-10.03  sec  23.8 GBytes  20.4 Gbits/sec                  receiver
[ 18]   0.00-10.03  sec  22.5 GBytes  19.3 Gbits/sec                  receiver
[ 20]   0.00-10.03  sec  17.5 GBytes  15.0 Gbits/sec                  receiver
[SUM]   0.00-10.03  sec   168 GBytes   144 Gbits/sec                  receiver
-----------------------------------------------------------
Server listening on 5201 (test #5)
-----------------------------------------------------------
Accepted connection from 10.36.11.204, port 58486
[  5] local 10.36.16.160 port 5201 connected to 10.36.11.204 port 58502
[  8] local 10.36.16.160 port 5201 connected to 10.36.11.204 port 58516
[ 10] local 10.36.16.160 port 5201 connected to 10.36.11.204 port 58520
[ 12] local 10.36.16.160 port 5201 connected to 10.36.11.204 port 58530
[ 14] local 10.36.16.160 port 5201 connected to 10.36.11.204 port 58538
[ 16] local 10.36.16.160 port 5201 connected to 10.36.11.204 port 58546
[ 18] local 10.36.16.160 port 5201 connected to 10.36.11.204 port 58552
[ 20] local 10.36.16.160 port 5201 connected to 10.36.11.204 port 58564
[ 22] local 10.36.16.160 port 5201 connected to 10.36.11.204 port 58568
[ 24] local 10.36.16.160 port 5201 connected to 10.36.11.204 port 58572
[ 26] local 10.36.16.160 port 5201 connected to 10.36.11.204 port 58586
[ 28] local 10.36.16.160 port 5201 connected to 10.36.11.204 port 58600
[ 30] local 10.36.16.160 port 5201 connected to 10.36.11.204 port 58604
[ 32] local 10.36.16.160 port 5201 connected to 10.36.11.204 port 58614
[ 34] local 10.36.16.160 port 5201 connected to 10.36.11.204 port 58622
[ 36] local 10.36.16.160 port 5201 connected to 10.36.11.204 port 58636
[ ID] Interval           Transfer     Bitrate
[  5]   0.00-1.00   sec  1.24 GBytes  10.6 Gbits/sec                  
[  8]   0.00-1.00   sec  1.42 GBytes  12.2 Gbits/sec                  
[ 10]   0.00-1.00   sec  1.46 GBytes  12.5 Gbits/sec                  
[ 12]   0.00-1.00   sec  1.08 GBytes  9.24 Gbits/sec                  
[ 14]   0.00-1.00   sec  1.36 GBytes  11.7 Gbits/sec                  
[ 16]   0.00-1.02   sec   450 MBytes  3.69 Gbits/sec                  
[ 18]   0.00-1.02   sec   898 MBytes  7.36 Gbits/sec                  
[ 20]   0.00-1.02   sec  1.97 GBytes  16.5 Gbits/sec                  
[ 22]   0.00-1.02   sec  2.19 GBytes  18.4 Gbits/sec                  
[ 24]   0.00-1.02   sec   632 MBytes  5.18 Gbits/sec                  
[ 26]   0.00-1.02   sec  1.87 GBytes  15.7 Gbits/sec                  
[ 28]   0.00-1.02   sec  1.33 GBytes  11.2 Gbits/sec                  
[ 30]   0.00-1.02   sec  1.31 GBytes  11.0 Gbits/sec                  
[ 32]   0.00-1.02   sec   440 MBytes  3.61 Gbits/sec                  
[ 34]   0.00-1.02   sec  1.08 GBytes  9.07 Gbits/sec                  
[ 36]   0.00-1.02   sec  1.51 GBytes  12.7 Gbits/sec                  
[SUM]   0.00-1.00   sec  20.2 GBytes   173 Gbits/sec                  
- - - - - - - - - - - - - - - - - - - - - - - - -
[  5]   1.00-2.00   sec  1.32 GBytes  11.3 Gbits/sec                  
[  8]   1.00-2.00   sec  1.08 GBytes  9.30 Gbits/sec                  
[ 10]   1.00-2.00   sec  1.32 GBytes  11.3 Gbits/sec                  
[ 12]   1.00-2.00   sec  1.21 GBytes  10.4 Gbits/sec                  
[ 14]   1.00-2.00   sec  1.20 GBytes  10.3 Gbits/sec                  
[ 16]   1.02-2.09   sec   350 MBytes  2.77 Gbits/sec                  
[ 18]   1.02-2.09   sec  1.52 GBytes  12.3 Gbits/sec                  
[ 20]   1.02-2.09   sec  2.42 GBytes  19.6 Gbits/sec                  
[ 22]   1.02-2.09   sec  1.53 GBytes  12.4 Gbits/sec                  
[ 24]   1.02-2.12   sec   957 MBytes  7.35 Gbits/sec                  
[ 26]   1.02-2.12   sec  1.49 GBytes  11.7 Gbits/sec                  
[ 28]   1.02-2.12   sec   689 MBytes  5.29 Gbits/sec                  
[ 30]   1.02-2.12   sec  1.42 GBytes  11.2 Gbits/sec                  
[ 32]   1.02-2.12   sec   390 MBytes  3.00 Gbits/sec                  
[ 34]   1.02-2.12   sec  1.47 GBytes  11.6 Gbits/sec                  
[ 36]   1.02-2.12   sec  2.98 GBytes  23.4 Gbits/sec                  
[SUM]   1.00-2.00   sec  21.3 GBytes   183 Gbits/sec                  
- - - - - - - - - - - - - - - - - - - - - - - - -
[  5]   2.00-3.00   sec  1.43 GBytes  12.2 Gbits/sec                  
[  8]   2.00-3.00   sec  1.15 GBytes  9.88 Gbits/sec                  
[ 10]   2.00-3.00   sec  1.20 GBytes  10.3 Gbits/sec                  
[ 12]   2.00-3.01   sec  1.24 GBytes  10.5 Gbits/sec                  
[ 14]   2.00-3.01   sec  1.34 GBytes  11.4 Gbits/sec                  
[ 16]   2.09-3.02   sec   389 MBytes  3.48 Gbits/sec                  
[ 18]   2.09-3.02   sec  1.45 GBytes  13.3 Gbits/sec                  
[ 20]   2.09-3.02   sec  1.71 GBytes  15.7 Gbits/sec                  
[ 22]   2.09-3.02   sec  1.33 GBytes  12.2 Gbits/sec                  
[ 24]   2.12-3.04   sec   744 MBytes  6.73 Gbits/sec                  
[ 26]   2.12-3.04   sec  1.12 GBytes  10.4 Gbits/sec                  
[ 28]   2.12-3.04   sec   522 MBytes  4.72 Gbits/sec                  
[ 30]   2.12-3.04   sec  1.57 GBytes  14.5 Gbits/sec                  
[ 32]   2.12-3.04   sec   569 MBytes  5.15 Gbits/sec                  
[ 34]   2.12-3.04   sec  1.30 GBytes  12.1 Gbits/sec                  
[ 36]   2.12-3.04   sec  2.08 GBytes  19.3 Gbits/sec                  
[SUM]   2.00-3.00   sec  19.1 GBytes   164 Gbits/sec                  
- - - - - - - - - - - - - - - - - - - - - - - - -
[  5]   3.00-4.00   sec  1.50 GBytes  12.8 Gbits/sec                  
[  8]   3.00-4.00   sec   899 MBytes  7.54 Gbits/sec                  
[ 10]   3.00-4.00   sec  1.45 GBytes  12.5 Gbits/sec                  
[ 12]   3.01-4.07   sec  1.33 GBytes  10.7 Gbits/sec                  
[ 14]   3.01-4.07   sec  1.55 GBytes  12.6 Gbits/sec                  
[ 16]   3.02-4.12   sec   996 MBytes  7.63 Gbits/sec                  
[ 18]   3.02-4.12   sec  1.76 GBytes  13.8 Gbits/sec                  
[ 20]   3.02-4.12   sec  1.57 GBytes  12.3 Gbits/sec                  
[ 22]   3.02-4.12   sec  1.20 GBytes  9.45 Gbits/sec                  
[ 24]   3.04-4.12   sec   964 MBytes  7.53 Gbits/sec                  
[ 26]   3.04-4.12   sec  1.46 GBytes  11.7 Gbits/sec                  
[ 28]   3.04-4.12   sec  1.08 GBytes  8.66 Gbits/sec                  
[ 30]   3.04-4.12   sec  1.92 GBytes  15.3 Gbits/sec                  
[ 32]   3.04-4.12   sec   997 MBytes  7.79 Gbits/sec                  
[ 34]   3.04-4.12   sec   988 MBytes  7.72 Gbits/sec                  
[ 36]   3.04-4.12   sec  1.70 GBytes  13.6 Gbits/sec                  
[SUM]   3.00-4.00   sec  21.3 GBytes   183 Gbits/sec                  
- - - - - - - - - - - - - - - - - - - - - - - - -
[  5]   4.00-5.00   sec   735 MBytes  6.17 Gbits/sec                  
[  8]   4.00-5.00   sec   718 MBytes  6.03 Gbits/sec                  
[ 10]   4.00-5.00   sec  1.49 GBytes  12.8 Gbits/sec                  
[ 12]   4.07-5.00   sec  1.45 GBytes  13.4 Gbits/sec                  
[ 14]   4.07-5.00   sec  1.30 GBytes  12.0 Gbits/sec                  
[ 16]   4.12-5.01   sec   894 MBytes  8.43 Gbits/sec                  
[ 18]   4.12-5.01   sec  1.54 GBytes  14.9 Gbits/sec                  
[ 20]   4.12-5.01   sec  1.25 GBytes  12.1 Gbits/sec                  
[ 22]   4.12-5.01   sec   433 MBytes  4.08 Gbits/sec                  
[ 24]   4.12-5.01   sec   953 MBytes  8.98 Gbits/sec                  
[ 26]   4.12-5.01   sec  1.66 GBytes  16.0 Gbits/sec                  
[ 28]   4.12-5.04   sec  1.48 GBytes  13.8 Gbits/sec                  
[ 30]   4.12-5.04   sec  1.47 GBytes  13.7 Gbits/sec                  
[ 32]   4.12-5.04   sec   814 MBytes  7.41 Gbits/sec                  
[ 34]   4.12-5.04   sec  1.20 GBytes  11.2 Gbits/sec                  
[ 36]   4.12-5.04   sec  1.35 GBytes  12.6 Gbits/sec                  
[SUM]   4.00-5.00   sec  18.6 GBytes   160 Gbits/sec                  
- - - - - - - - - - - - - - - - - - - - - - - - -
[  5]   5.00-6.00   sec  1.32 GBytes  11.3 Gbits/sec                  
[  8]   5.00-6.01   sec  1.04 GBytes  8.89 Gbits/sec                  
[ 10]   5.00-6.01   sec  1.49 GBytes  12.7 Gbits/sec                  
[ 12]   5.00-6.01   sec  1.52 GBytes  12.9 Gbits/sec                  
[ 14]   5.00-6.01   sec  1.33 GBytes  11.3 Gbits/sec                  
[ 16]   5.01-6.02   sec   460 MBytes  3.81 Gbits/sec                  
[ 18]   5.01-6.02   sec  1.76 GBytes  14.9 Gbits/sec                  
[ 20]   5.01-6.02   sec  2.10 GBytes  17.8 Gbits/sec                  
[ 22]   5.01-6.02   sec  1.32 GBytes  11.2 Gbits/sec                  
[ 24]   5.01-6.05   sec   884 MBytes  7.08 Gbits/sec                  
[ 26]   5.01-6.05   sec  1.36 GBytes  11.2 Gbits/sec                  
[ 28]   5.04-6.05   sec  1.01 GBytes  8.57 Gbits/sec                  
[ 30]   5.04-6.05   sec  1.35 GBytes  11.4 Gbits/sec                  
[ 32]   5.04-6.05   sec   578 MBytes  4.78 Gbits/sec                  
[ 34]   5.04-6.05   sec  1.56 GBytes  13.2 Gbits/sec                  
[ 36]   5.04-6.07   sec  1.33 GBytes  11.1 Gbits/sec                  
[SUM]   5.00-6.00   sec  20.4 GBytes   175 Gbits/sec                  
- - - - - - - - - - - - - - - - - - - - - - - - -
[  5]   6.00-7.00   sec  1.50 GBytes  12.9 Gbits/sec                  
[  8]   6.01-7.05   sec  1.48 GBytes  12.2 Gbits/sec                  
[ 10]   6.01-7.05   sec  1.49 GBytes  12.3 Gbits/sec                  
[ 12]   6.01-7.08   sec  1.59 GBytes  12.7 Gbits/sec                  
[ 14]   6.01-7.08   sec  1.43 GBytes  11.5 Gbits/sec                  
[ 16]   6.02-7.09   sec   370 MBytes  2.91 Gbits/sec                  
[ 18]   6.02-7.09   sec  1.81 GBytes  14.6 Gbits/sec                  
[ 20]   6.02-7.09   sec  2.18 GBytes  17.5 Gbits/sec                  
[ 22]   6.02-7.09   sec  1.52 GBytes  12.3 Gbits/sec                  
[ 24]   6.05-7.09   sec   680 MBytes  5.51 Gbits/sec                  
[ 26]   6.05-7.09   sec  1.27 GBytes  10.5 Gbits/sec                  
[ 28]   6.05-7.14   sec   718 MBytes  5.56 Gbits/sec                  
[ 30]   6.05-7.14   sec  1.39 GBytes  11.0 Gbits/sec                  
[ 32]   6.05-7.14   sec   631 MBytes  4.89 Gbits/sec                  
[ 34]   6.05-7.14   sec  1.71 GBytes  13.6 Gbits/sec                  
[ 36]   6.07-7.20   sec  1.46 GBytes  11.1 Gbits/sec                  
[SUM]   6.00-7.00   sec  21.2 GBytes   182 Gbits/sec                  
- - - - - - - - - - - - - - - - - - - - - - - - -
[  5]   7.00-8.00   sec  1.30 GBytes  11.1 Gbits/sec                  
[  8]   7.05-8.00   sec  1.66 GBytes  15.0 Gbits/sec                  
[ 10]   7.05-8.00   sec  1.27 GBytes  11.4 Gbits/sec                  
[ 12]   7.08-8.01   sec  1.37 GBytes  12.6 Gbits/sec                  
[ 14]   7.08-8.01   sec  1.46 GBytes  13.5 Gbits/sec                  
[ 16]   7.09-8.01   sec   302 MBytes  2.74 Gbits/sec                  
[ 18]   7.09-8.01   sec  1.59 GBytes  14.8 Gbits/sec                  
[ 20]   7.09-8.01   sec  2.07 GBytes  19.2 Gbits/sec                  
[ 22]   7.09-8.01   sec  1.46 GBytes  13.5 Gbits/sec                  
[ 24]   7.09-8.01   sec   677 MBytes  6.14 Gbits/sec                  
[ 26]   7.09-8.01   sec  1.13 GBytes  10.5 Gbits/sec                  
[ 28]   7.14-8.05   sec   456 MBytes  4.19 Gbits/sec                  
[ 30]   7.14-8.05   sec  1.09 GBytes  10.2 Gbits/sec                  
[ 32]   7.14-8.05   sec   540 MBytes  4.97 Gbits/sec                  
[ 34]   7.14-8.05   sec  1.26 GBytes  11.8 Gbits/sec                  
[ 36]   7.20-8.21   sec  1.10 GBytes  9.37 Gbits/sec                  
[SUM]   7.00-8.00   sec  18.7 GBytes   160 Gbits/sec                  
- - - - - - - - - - - - - - - - - - - - - - - - -
[  5]   8.00-9.00   sec  1.27 GBytes  10.9 Gbits/sec                  
[  8]   8.00-9.00   sec  2.00 GBytes  17.2 Gbits/sec                  
[ 10]   8.00-9.00   sec   766 MBytes  6.42 Gbits/sec                  
[ 12]   8.01-9.00   sec  1.54 GBytes  13.4 Gbits/sec                  
[ 14]   8.01-9.00   sec  1.77 GBytes  15.4 Gbits/sec                  
[ 16]   8.01-9.00   sec   845 MBytes  7.18 Gbits/sec                  
[ 18]   8.01-9.00   sec  1.72 GBytes  14.9 Gbits/sec                  
[ 20]   8.01-9.01   sec  2.01 GBytes  17.3 Gbits/sec                  
[ 22]   8.01-9.01   sec  1.56 GBytes  13.5 Gbits/sec                  
[ 24]   8.01-9.01   sec   539 MBytes  4.54 Gbits/sec                  
[ 26]   8.01-9.01   sec  1.34 GBytes  11.6 Gbits/sec                  
[ 28]   8.05-9.03   sec   358 MBytes  3.04 Gbits/sec                  
[ 30]   8.05-9.03   sec   984 MBytes  8.37 Gbits/sec                  
[ 32]   8.05-9.03   sec   611 MBytes  5.20 Gbits/sec                  
[ 34]   8.05-9.03   sec  1.30 GBytes  11.3 Gbits/sec                  
[ 36]   8.21-9.06   sec  1.08 GBytes  10.9 Gbits/sec                  
[SUM]   8.00-9.00   sec  19.6 GBytes   168 Gbits/sec                  
- - - - - - - - - - - - - - - - - - - - - - - - -
[  5]   9.00-10.00  sec  1.33 GBytes  11.5 Gbits/sec                  
[  8]   9.00-10.00  sec  2.03 GBytes  17.4 Gbits/sec                  
[ 10]   9.00-10.00  sec  1.23 GBytes  10.6 Gbits/sec                  
[ 12]   9.00-10.00  sec  1.60 GBytes  13.7 Gbits/sec                  
[ 14]   9.00-10.02  sec  2.00 GBytes  16.9 Gbits/sec                  
[ 16]   9.00-10.02  sec   938 MBytes  7.75 Gbits/sec                  
[ 18]   9.00-10.02  sec  1.64 GBytes  13.9 Gbits/sec                  
[ 20]   9.01-10.02  sec   948 MBytes  7.89 Gbits/sec                  
[ 22]   9.01-10.02  sec  1.45 GBytes  12.4 Gbits/sec                  
[ 24]   9.01-10.02  sec   508 MBytes  4.23 Gbits/sec                  
[ 26]   9.01-10.02  sec  1.30 GBytes  11.1 Gbits/sec                  
[ 28]   9.03-10.02  sec   620 MBytes  5.30 Gbits/sec                  
[ 30]   9.03-10.02  sec  1.28 GBytes  11.2 Gbits/sec                  
[ 32]   9.03-10.02  sec   729 MBytes  6.23 Gbits/sec                  
[ 34]   9.03-10.02  sec  1.45 GBytes  12.7 Gbits/sec                  
[ 36]   9.06-10.02  sec  1.12 GBytes  10.0 Gbits/sec                  
[SUM]   9.00-10.00  sec  20.1 GBytes   173 Gbits/sec                  
- - - - - - - - - - - - - - - - - - - - - - - - -
[  5]  10.00-10.02  sec  3.62 MBytes  1.96 Gbits/sec                  
[  8]  10.00-10.02  sec  4.62 MBytes  2.50 Gbits/sec                  
[ 10]  10.00-10.02  sec  3.62 MBytes  1.96 Gbits/sec                  
[ 12]  10.00-10.02  sec  0.00 Bytes  0.00 bits/sec                  
[ 14]  10.02-10.02  sec  0.00 Bytes  0.00 bits/sec                  
[ 16]  10.02-10.02  sec  0.00 Bytes  0.00 bits/sec                  
[ 18]  10.02-10.02  sec  0.00 Bytes  0.00 bits/sec                  
[ 20]  10.02-10.02  sec  0.00 Bytes  0.00 bits/sec                  
[ 22]  10.02-10.02  sec  0.00 Bytes  0.00 bits/sec                  
[ 24]  10.02-10.02  sec  0.00 Bytes  0.00 bits/sec                  
[ 26]  10.02-10.02  sec  0.00 Bytes  0.00 bits/sec                  
[ 28]  10.02-10.02  sec  0.00 Bytes  0.00 bits/sec                  
[ 30]  10.02-10.02  sec  0.00 Bytes  0.00 bits/sec                  
[ 32]  10.02-10.02  sec  0.00 Bytes  0.00 bits/sec                  
[ 34]  10.02-10.02  sec  0.00 Bytes  0.00 bits/sec                  
[ 36]  10.02-10.02  sec  0.00 Bytes  0.00 bits/sec                  
[SUM]  10.00-10.02  sec  11.9 MBytes  6.42 Gbits/sec                  
- - - - - - - - - - - - - - - - - - - - - - - - -
[ ID] Interval           Transfer     Bitrate
[  5]   0.00-10.02  sec  13.0 GBytes  11.2 Gbits/sec                  receiver
[  8]   0.00-10.02  sec  13.5 GBytes  11.5 Gbits/sec                  receiver
[ 10]   0.00-10.02  sec  13.3 GBytes  11.4 Gbits/sec                  receiver
[ 12]   0.00-10.02  sec  14.0 GBytes  12.0 Gbits/sec                  receiver
[ 14]   0.00-10.02  sec  14.9 GBytes  12.8 Gbits/sec                  receiver
[ 16]   0.00-10.02  sec  5.85 GBytes  5.02 Gbits/sec                  receiver
[ 18]   0.00-10.02  sec  15.7 GBytes  13.5 Gbits/sec                  receiver
[ 20]   0.00-10.02  sec  18.2 GBytes  15.6 Gbits/sec                  receiver
[ 22]   0.00-10.02  sec  14.1 GBytes  12.1 Gbits/sec                  receiver
[ 24]   0.00-10.02  sec  7.36 GBytes  6.31 Gbits/sec                  receiver
[ 26]   0.00-10.02  sec  14.2 GBytes  12.2 Gbits/sec                  receiver
[ 28]   0.00-10.02  sec  8.20 GBytes  7.03 Gbits/sec                  receiver
[ 30]   0.00-10.02  sec  13.7 GBytes  11.8 Gbits/sec                  receiver
[ 32]   0.00-10.02  sec  6.15 GBytes  5.28 Gbits/sec                  receiver
[ 34]   0.00-10.02  sec  13.7 GBytes  11.8 Gbits/sec                  receiver
[ 36]   0.00-10.02  sec  15.7 GBytes  13.5 Gbits/sec                  receiver
[SUM]   0.00-10.02  sec   202 GBytes   173 Gbits/sec                  receiver
-----------------------------------------------------------
Server listening on 5201 (test #6)
-----------------------------------------------------------
Accepted connection from 10.36.11.204, port 36960
[  5] local 10.36.16.160 port 5201 connected to 10.36.11.204 port 36962
[  8] local 10.36.16.160 port 5201 connected to 10.36.11.204 port 36978
[ 10] local 10.36.16.160 port 5201 connected to 10.36.11.204 port 36980
[ 12] local 10.36.16.160 port 5201 connected to 10.36.11.204 port 36984
[ 14] local 10.36.16.160 port 5201 connected to 10.36.11.204 port 36998
[ 16] local 10.36.16.160 port 5201 connected to 10.36.11.204 port 37008
[ 18] local 10.36.16.160 port 5201 connected to 10.36.11.204 port 37022
[ 20] local 10.36.16.160 port 5201 connected to 10.36.11.204 port 37026
[ ID] Interval           Transfer     Bitrate         Retr  Cwnd
[  5]   0.00-1.00   sec  1.51 GBytes  13.0 Gbits/sec  4499    565 KBytes       
[  8]   0.00-1.00   sec  2.00 GBytes  17.1 Gbits/sec  7941   1.23 MBytes       
[ 10]   0.00-1.00   sec  1.45 GBytes  12.4 Gbits/sec  2923    487 KBytes       
[ 12]   0.00-1.00   sec  1.24 GBytes  10.6 Gbits/sec  4621    635 KBytes       
[ 14]   0.00-1.00   sec  1.87 GBytes  16.1 Gbits/sec  8634   1.18 MBytes       
[ 16]   0.00-1.00   sec  2.08 GBytes  17.8 Gbits/sec  1168   1.36 MBytes       
[ 18]   0.00-1.00   sec  3.61 GBytes  31.0 Gbits/sec  1817   1.36 MBytes       
[ 20]   0.00-1.00   sec  1.65 GBytes  14.2 Gbits/sec  3204    524 KBytes       
[SUM]   0.00-1.00   sec  15.4 GBytes   132 Gbits/sec  34807             
- - - - - - - - - - - - - - - - - - - - - - - - -
[  5]   1.00-2.00   sec  1.47 GBytes  12.6 Gbits/sec  263    675 KBytes       
[  8]   1.00-2.00   sec  2.01 GBytes  17.2 Gbits/sec  1101   1.08 MBytes       
[ 10]   1.00-2.00   sec  1.68 GBytes  14.4 Gbits/sec  809    751 KBytes       
[ 12]   1.00-2.00   sec  1.38 GBytes  11.9 Gbits/sec  114    791 KBytes       
[ 14]   1.00-2.00   sec  2.73 GBytes  23.4 Gbits/sec   94   1.32 MBytes       
[ 16]   1.00-2.00   sec  1.66 GBytes  14.3 Gbits/sec   42   1.34 MBytes       
[ 18]   1.00-2.00   sec  3.14 GBytes  27.0 Gbits/sec  105   1.41 MBytes       
[ 20]   1.00-2.00   sec  1.67 GBytes  14.3 Gbits/sec  284    520 KBytes       
[SUM]   1.00-2.00   sec  15.7 GBytes   135 Gbits/sec  2812             
- - - - - - - - - - - - - - - - - - - - - - - - -
[  5]   2.00-3.00   sec  1.69 GBytes  14.5 Gbits/sec  199    659 KBytes       
[  8]   2.00-3.00   sec  2.03 GBytes  17.5 Gbits/sec  609   1.20 MBytes       
[ 10]   2.00-3.00   sec  2.17 GBytes  18.6 Gbits/sec  484    936 KBytes       
[ 12]   2.00-3.00   sec  1.39 GBytes  11.9 Gbits/sec  509    590 KBytes       
[ 14]   2.00-3.00   sec  2.07 GBytes  17.8 Gbits/sec   93   1.05 MBytes       
[ 16]   2.00-3.00   sec  1.63 GBytes  14.0 Gbits/sec  917   1.31 MBytes       
[ 18]   2.00-3.00   sec  2.92 GBytes  25.1 Gbits/sec  127   1.41 MBytes       
[ 20]   2.00-3.00   sec  1.93 GBytes  16.6 Gbits/sec  996    470 KBytes       
[SUM]   2.00-3.00   sec  15.8 GBytes   136 Gbits/sec  3934             
- - - - - - - - - - - - - - - - - - - - - - - - -
[  5]   3.00-4.00   sec  1.38 GBytes  11.9 Gbits/sec   91    487 KBytes       
[  8]   3.00-4.00   sec  1.83 GBytes  15.7 Gbits/sec  1458   1.25 MBytes       
[ 10]   3.00-4.00   sec  2.32 GBytes  19.9 Gbits/sec  568    892 KBytes       
[ 12]   3.00-4.00   sec  1.35 GBytes  11.6 Gbits/sec  120    588 KBytes       
[ 14]   3.00-4.00   sec  2.57 GBytes  22.1 Gbits/sec   48   1.14 MBytes       
[ 16]   3.00-4.00   sec  1.51 GBytes  12.9 Gbits/sec   99   1.29 MBytes       
[ 18]   3.00-4.00   sec  3.05 GBytes  26.2 Gbits/sec   49   1.04 MBytes       
[ 20]   3.00-4.00   sec  2.12 GBytes  18.2 Gbits/sec  500    616 KBytes       
[SUM]   3.00-4.00   sec  16.1 GBytes   139 Gbits/sec  2933             
- - - - - - - - - - - - - - - - - - - - - - - - -
[  5]   4.00-5.00   sec  1.81 GBytes  15.6 Gbits/sec  857    575 KBytes       
[  8]   4.00-5.00   sec  1.72 GBytes  14.8 Gbits/sec    3   1.46 MBytes       
[ 10]   4.00-5.00   sec  1.86 GBytes  16.0 Gbits/sec  1333    692 KBytes       
[ 12]   4.00-5.00   sec  1.42 GBytes  12.2 Gbits/sec  3014    745 KBytes       
[ 14]   4.00-5.00   sec  2.40 GBytes  20.7 Gbits/sec   29   1.29 MBytes       
[ 16]   4.00-5.00   sec  1.88 GBytes  16.2 Gbits/sec  120   1.44 MBytes       
[ 18]   4.00-5.00   sec  2.85 GBytes  24.5 Gbits/sec   48   1.48 MBytes       
[ 20]   4.00-5.00   sec  2.11 GBytes  18.1 Gbits/sec  389    784 KBytes       
[SUM]   4.00-5.00   sec  16.1 GBytes   138 Gbits/sec  5793             
- - - - - - - - - - - - - - - - - - - - - - - - -
[  5]   5.00-6.00   sec  1.70 GBytes  14.6 Gbits/sec  591    666 KBytes       
[  8]   5.00-6.00   sec  2.20 GBytes  18.9 Gbits/sec  111   1.17 MBytes       
[ 10]   5.00-6.00   sec  1.83 GBytes  15.7 Gbits/sec  253    858 KBytes       
[ 12]   5.00-6.00   sec  1.50 GBytes  12.9 Gbits/sec  287    807 KBytes       
[ 14]   5.00-6.00   sec  2.34 GBytes  20.1 Gbits/sec  449   1.19 MBytes       
[ 16]   5.00-6.00   sec  2.08 GBytes  17.9 Gbits/sec  941    909 KBytes       
[ 18]   5.00-6.00   sec  2.99 GBytes  25.7 Gbits/sec  4115   1.07 MBytes       
[ 20]   5.00-6.00   sec  1.38 GBytes  11.9 Gbits/sec  206    440 KBytes       
[SUM]   5.00-6.00   sec  16.0 GBytes   138 Gbits/sec  6953             
- - - - - - - - - - - - - - - - - - - - - - - - -
[  5]   6.00-7.00   sec  1.70 GBytes  14.6 Gbits/sec  252    741 KBytes       
[  8]   6.00-7.00   sec  1.72 GBytes  14.8 Gbits/sec   17   1.38 KBytes       
[ 10]   6.00-7.00   sec  1.77 GBytes  15.2 Gbits/sec  1941    600 KBytes       
[ 12]   6.00-7.00   sec  1.48 GBytes  12.7 Gbits/sec  331    719 KBytes       
[ 14]   6.00-7.00   sec  3.53 GBytes  30.3 Gbits/sec  243   1.14 MBytes       
[ 16]   6.00-7.00   sec  1.91 GBytes  16.4 Gbits/sec   59   1.21 MBytes       
[ 18]   6.00-7.00   sec  2.52 GBytes  21.7 Gbits/sec  851    991 KBytes       
[ 20]   6.00-7.00   sec  2.01 GBytes  17.3 Gbits/sec  189    873 KBytes       
[SUM]   6.00-7.00   sec  16.6 GBytes   143 Gbits/sec  3883             
- - - - - - - - - - - - - - - - - - - - - - - - -
[  5]   7.00-8.00   sec  1.71 GBytes  14.7 Gbits/sec  144    793 KBytes       
[  8]   7.00-8.00   sec  1.32 GBytes  11.3 Gbits/sec  547   1.37 MBytes       
[ 10]   7.00-8.00   sec  1.79 GBytes  15.3 Gbits/sec  167   1.03 MBytes       
[ 12]   7.00-8.00   sec  1.43 GBytes  12.3 Gbits/sec  173    686 KBytes       
[ 14]   7.00-8.00   sec  4.89 GBytes  42.0 Gbits/sec  411   1.04 MBytes       
[ 16]   7.00-8.00   sec  1.72 GBytes  14.8 Gbits/sec  654   1.48 MBytes       
[ 18]   7.00-8.00   sec  3.04 GBytes  26.1 Gbits/sec   46   1.20 MBytes       
[ 20]   7.00-8.00   sec  1.63 GBytes  14.0 Gbits/sec  4109    421 KBytes       
[SUM]   7.00-8.00   sec  17.5 GBytes   150 Gbits/sec  6251             
- - - - - - - - - - - - - - - - - - - - - - - - -
[  5]   8.00-9.00   sec  2.05 GBytes  17.6 Gbits/sec  249    869 KBytes       
[  8]   8.00-9.00   sec  1.55 GBytes  13.3 Gbits/sec   80   1.23 MBytes       
[ 10]   8.00-9.00   sec  2.40 GBytes  20.6 Gbits/sec  297    740 KBytes       
[ 12]   8.00-9.00   sec  1.46 GBytes  12.5 Gbits/sec  2701    419 KBytes       
[ 14]   8.00-9.00   sec  2.98 GBytes  25.6 Gbits/sec  146   1.05 MBytes       
[ 16]   8.00-9.00   sec  1.79 GBytes  15.3 Gbits/sec  1172   1.02 MBytes       
[ 18]   8.00-9.00   sec  2.80 GBytes  24.1 Gbits/sec   71   1.21 MBytes       
[ 20]   8.00-9.00   sec  1.90 GBytes  16.3 Gbits/sec  1906    525 KBytes       
[SUM]   8.00-9.00   sec  16.9 GBytes   145 Gbits/sec  6622             
- - - - - - - - - - - - - - - - - - - - - - - - -
[  5]   9.00-10.00  sec  2.35 GBytes  20.2 Gbits/sec  1843    569 KBytes       
[  8]   9.00-10.00  sec  1.73 GBytes  14.9 Gbits/sec  279   1.15 MBytes       
[ 10]   9.00-10.00  sec  1.87 GBytes  16.0 Gbits/sec  152    898 KBytes       
[ 12]   9.00-10.00  sec  1.77 GBytes  15.2 Gbits/sec  330    685 KBytes       
[ 14]   9.00-10.00  sec  3.18 GBytes  27.3 Gbits/sec  2116    742 KBytes       
[ 16]   9.00-10.00  sec  1.87 GBytes  16.1 Gbits/sec  553   1.36 MBytes       
[ 18]   9.00-10.00  sec  2.78 GBytes  23.8 Gbits/sec   93   1.06 MBytes       
[ 20]   9.00-10.00  sec  1.49 GBytes  12.8 Gbits/sec  238    624 KBytes       
[SUM]   9.00-10.00  sec  17.0 GBytes   146 Gbits/sec  5604             
- - - - - - - - - - - - - - - - - - - - - - - - -
[  5]  10.00-10.00  sec  1.38 MBytes  13.9 Gbits/sec    0    569 KBytes       
[  8]  10.00-10.00  sec  0.00 Bytes  0.00 bits/sec    0   1.15 MBytes       
[ 10]  10.00-10.00  sec  0.00 Bytes  0.00 bits/sec    0    898 KBytes       
[ 12]  10.00-10.00  sec  0.00 Bytes  0.00 bits/sec    0    685 KBytes       
[ 14]  10.00-10.00  sec  0.00 Bytes  0.00 bits/sec    0    742 KBytes       
[ 16]  10.00-10.00  sec  0.00 Bytes  0.00 bits/sec    0   1.36 MBytes       
[ 18]  10.00-10.00  sec  0.00 Bytes  0.00 bits/sec    0   1.06 MBytes       
[ 20]  10.00-10.00  sec  0.00 Bytes  0.00 bits/sec   17    436 KBytes       
[SUM]  10.00-10.00  sec  1.38 MBytes  13.9 Gbits/sec   17             
- - - - - - - - - - - - - - - - - - - - - - - - -
[ ID] Interval           Transfer     Bitrate         Retr
[  5]   0.00-10.00  sec  17.4 GBytes  14.9 Gbits/sec  8988             sender
[  8]   0.00-10.00  sec  18.1 GBytes  15.6 Gbits/sec  12146             sender
[ 10]   0.00-10.00  sec  19.1 GBytes  16.4 Gbits/sec  8927             sender
[ 12]   0.00-10.00  sec  14.4 GBytes  12.4 Gbits/sec  12200             sender
[ 14]   0.00-10.00  sec  28.6 GBytes  24.5 Gbits/sec  12263             sender
[ 16]   0.00-10.00  sec  18.1 GBytes  15.6 Gbits/sec  5725             sender
[ 18]   0.00-10.00  sec  29.7 GBytes  25.5 Gbits/sec  7322             sender
[ 20]   0.00-10.00  sec  17.9 GBytes  15.4 Gbits/sec  12038             sender
[SUM]   0.00-10.00  sec   163 GBytes   140 Gbits/sec  79609             sender

