Waiting for prefill-a up (http://j-dea4be23-33e3-4530-beb8-prefill-a-0-0.j-dea4be23-33e3-4530-beb8:8000/health, up to 5400s)
prefill-a is up (730s)
Waiting for decode-a up (http://j-dea4be23-33e3-4530-beb8-decode-a-0-0.j-dea4be23-33e3-4530-beb8:7200/health, up to 5400s)
decode-a is up (0s)
Waiting for proxy-a up (http://j-dea4be23-33e3-4530-beb8-prefill-a-0-0.j-dea4be23-33e3-4530-beb8:10000/healthcheck, up to 600s)
proxy-a is up (0s)
Waiting for prefill-b up (http://j-dea4be23-33e3-4530-beb8-prefill-b-0-0.j-dea4be23-33e3-4530-beb8:8000/health, up to 5400s)
prefill-b is up (50s)
Waiting for decode-b up (http://j-dea4be23-33e3-4530-beb8-decode-b-0-0.j-dea4be23-33e3-4530-beb8:7200/health, up to 5400s)
decode-b is up (0s)
Waiting for proxy-b up (http://j-dea4be23-33e3-4530-beb8-prefill-b-0-0.j-dea4be23-33e3-4530-beb8:10000/healthcheck, up to 600s)
proxy-b is up (0s)
Waiting for stack-A engine readiness (first compile, up to 60 min)...
stack-A engines are ready.
Waiting for stack-B engine readiness (first compile, up to 60 min)...
stack-B engines are ready.
=== stage 1: cross-stack KA (32832 tokens) ===
ka: A=[248319, 248319, 248319, 248319, 248319, 248319, 248319, 248319] B=[248319, 248319, 248319, 248319, 248319, 248319, 248319, 248319] identical=True b_prefill_ext_hits=32768.0
=== stage 2: seeding 48 docs via stack A ===
waiting 15s for saves to commit and publish
=== cross-revisit: same 48 docs via stack B ===
[xrevisit] doc0 ttft=0.536s prefill=0.352s ext_hit=32768/32831
[xrevisit] doc1 ttft=0.640s prefill=0.461s ext_hit=32768/32831
[xrevisit] doc2 ttft=0.533s prefill=0.351s ext_hit=32768/32831
[xrevisit] doc3 ttft=0.534s prefill=0.351s ext_hit=32768/32831
[xrevisit] doc4 ttft=0.530s prefill=0.350s ext_hit=32768/32831
[xrevisit] doc5 ttft=0.530s prefill=0.351s ext_hit=32768/32831
[xrevisit] doc6 ttft=0.527s prefill=0.350s ext_hit=32768/32831
[xrevisit] doc7 ttft=0.541s prefill=0.354s ext_hit=32768/32831
[xrevisit] doc8 ttft=0.533s prefill=0.356s ext_hit=32768/32831
[xrevisit] doc9 ttft=0.524s prefill=0.351s ext_hit=32768/32831
[xrevisit] doc10 ttft=0.532s prefill=0.351s ext_hit=32768/32831
[xrevisit] doc11 ttft=0.532s prefill=0.351s ext_hit=32768/32831
[xrevisit] doc12 ttft=0.533s prefill=0.351s ext_hit=32768/32831
[xrevisit] doc13 ttft=0.532s prefill=0.350s ext_hit=32768/32831
[xrevisit] doc14 ttft=0.535s prefill=0.351s ext_hit=32768/32831
[xrevisit] doc15 ttft=0.529s prefill=0.350s ext_hit=32768/32831
[xrevisit] doc16 ttft=0.526s prefill=0.351s ext_hit=32768/32831
[xrevisit] doc17 ttft=0.529s prefill=0.350s ext_hit=32768/32831
[xrevisit] doc18 ttft=0.529s prefill=0.350s ext_hit=32768/32831
[xrevisit] doc19 ttft=0.532s prefill=0.350s ext_hit=32768/32831
[xrevisit] doc20 ttft=0.530s prefill=0.350s ext_hit=32768/32831
[xrevisit] doc21 ttft=0.533s prefill=0.350s ext_hit=32768/32831
[xrevisit] doc22 ttft=0.531s prefill=0.350s ext_hit=32768/32831
[xrevisit] doc23 ttft=0.524s prefill=0.350s ext_hit=32768/32831
[xrevisit] doc24 ttft=0.536s prefill=0.350s ext_hit=32768/32831
[xrevisit] doc25 ttft=0.560s prefill=0.350s ext_hit=32768/32831
[xrevisit] doc26 ttft=0.529s prefill=0.350s ext_hit=32768/32831
[xrevisit] doc27 ttft=0.566s prefill=0.350s ext_hit=32768/32831
[xrevisit] doc28 ttft=0.526s prefill=0.349s ext_hit=32768/32831
[xrevisit] doc29 ttft=0.529s prefill=0.350s ext_hit=32768/32831
[xrevisit] doc30 ttft=0.530s prefill=0.350s ext_hit=32768/32831
[xrevisit] doc31 ttft=0.523s prefill=0.351s ext_hit=32768/32831
[xrevisit] doc32 ttft=0.526s prefill=0.352s ext_hit=32768/32831
[xrevisit] doc33 ttft=0.524s prefill=0.350s ext_hit=32768/32831
[xrevisit] doc34 ttft=0.536s prefill=0.351s ext_hit=32768/32831
[xrevisit] doc35 ttft=0.561s prefill=0.350s ext_hit=32768/32831
[xrevisit] doc36 ttft=0.557s prefill=0.350s ext_hit=32768/32831
[xrevisit] doc37 ttft=0.563s prefill=0.350s ext_hit=32768/32831
[xrevisit] doc38 ttft=0.534s prefill=0.351s ext_hit=32768/32831
[xrevisit] doc39 ttft=0.569s prefill=0.351s ext_hit=32768/32831
[xrevisit] doc40 ttft=0.557s prefill=0.350s ext_hit=32768/32831
[xrevisit] doc41 ttft=0.547s prefill=0.350s ext_hit=32768/32831
[xrevisit] doc42 ttft=0.559s prefill=0.351s ext_hit=32768/32831
[xrevisit] doc43 ttft=0.569s prefill=0.350s ext_hit=32768/32831
[xrevisit] doc44 ttft=0.570s prefill=0.349s ext_hit=32768/32831
[xrevisit] doc45 ttft=0.527s prefill=0.351s ext_hit=32768/32831
[xrevisit] doc46 ttft=0.563s prefill=0.353s ext_hit=32768/32831
[xrevisit] doc47 ttft=0.528s prefill=0.349s ext_hit=32768/32831
[xrevisit:summary] reqs=48 ttft_p50=0.533s prefill_avg=0.353s ext_hit_pct=99.8
=== cold baseline: 48 fresh docs via stack B ===
[cold] doc0 ttft=3.086s prefill=3.082s ext_hit=0/32831
[cold] doc1 ttft=3.087s prefill=3.082s ext_hit=0/32831
[cold] doc2 ttft=3.086s prefill=3.082s ext_hit=0/32831
[cold] doc3 ttft=3.084s prefill=3.079s ext_hit=0/32831
[cold] doc4 ttft=3.088s prefill=3.084s ext_hit=0/32831
[cold] doc5 ttft=3.087s prefill=3.082s ext_hit=0/32831
[cold] doc6 ttft=3.093s prefill=3.088s ext_hit=0/32831
[cold] doc7 ttft=3.093s prefill=3.088s ext_hit=0/32831
[cold] doc8 ttft=3.091s prefill=3.087s ext_hit=0/32831
[cold] doc9 ttft=3.087s prefill=3.083s ext_hit=0/32831
[cold] doc10 ttft=3.087s prefill=3.082s ext_hit=0/32831
[cold] doc11 ttft=3.092s prefill=3.087s ext_hit=0/32831
[cold] doc12 ttft=3.086s prefill=3.082s ext_hit=0/32831
[cold] doc13 ttft=3.089s prefill=3.085s ext_hit=0/32831
[cold] doc14 ttft=3.088s prefill=3.084s ext_hit=0/32831
[cold] doc15 ttft=3.090s prefill=3.086s ext_hit=0/32831
[cold] doc16 ttft=3.089s prefill=3.085s ext_hit=0/32831
[cold] doc17 ttft=3.092s prefill=3.088s ext_hit=0/32831
[cold] doc18 ttft=3.092s prefill=3.088s ext_hit=0/32831
[cold] doc19 ttft=3.095s prefill=3.091s ext_hit=0/32831
[cold] doc20 ttft=3.087s prefill=3.083s ext_hit=0/32831
[cold] doc21 ttft=3.088s prefill=3.084s ext_hit=0/32831
[cold] doc22 ttft=3.091s prefill=3.086s ext_hit=0/32831
[cold] doc23 ttft=3.093s prefill=3.088s ext_hit=0/32831
[cold] doc24 ttft=3.087s prefill=3.083s ext_hit=0/32831
[cold] doc25 ttft=3.083s prefill=3.079s ext_hit=0/32831
[cold] doc26 ttft=3.086s prefill=3.081s ext_hit=0/32831
[cold] doc27 ttft=3.088s prefill=3.083s ext_hit=0/32831
[cold] doc28 ttft=3.083s prefill=3.079s ext_hit=0/32831
[cold] doc29 ttft=3.082s prefill=3.078s ext_hit=0/32831
[cold] doc30 ttft=3.084s prefill=3.079s ext_hit=0/32831
[cold] doc31 ttft=3.089s prefill=3.084s ext_hit=0/32831
[cold] doc32 ttft=3.087s prefill=3.082s ext_hit=0/32831
[cold] doc33 ttft=3.086s prefill=3.082s ext_hit=0/32831
[cold] doc34 ttft=3.091s prefill=3.086s ext_hit=0/32831
[cold] doc35 ttft=3.087s prefill=3.082s ext_hit=0/32831
[cold] doc36 ttft=3.085s prefill=3.081s ext_hit=0/32831
[cold] doc37 ttft=3.090s prefill=3.086s ext_hit=0/32831
[cold] doc38 ttft=3.093s prefill=3.089s ext_hit=0/32831
[cold] doc39 ttft=3.090s prefill=3.087s ext_hit=0/32831
[cold] doc40 ttft=3.086s prefill=3.082s ext_hit=0/32831
[cold] doc41 ttft=3.090s prefill=3.085s ext_hit=0/32831
[cold] doc42 ttft=3.089s prefill=3.085s ext_hit=0/32831
[cold] doc43 ttft=3.089s prefill=3.085s ext_hit=0/32831
[cold] doc44 ttft=3.088s prefill=3.083s ext_hit=0/32831
[cold] doc45 ttft=3.088s prefill=3.083s ext_hit=0/32831
[cold] doc46 ttft=3.092s prefill=3.088s ext_hit=0/32831
[cold] doc47 ttft=3.085s prefill=3.081s ext_hit=0/32831
[cold:summary] reqs=48 ttft_p50=3.088s prefill_avg=3.084s ext_hit_pct=0.0
[gpc:ab] revisit_prefill_avg=0.353s cold_prefill_avg=3.084s ttft_p50_ratio=0.17
RESULT: PASS (cross-stack KA equivalent with 32768 external hits; cross-revisit ext_hit_pct=99.8 vs cold 0.0; prefill 0.353s vs 3.084s cold)

